../Core/Src/main.c:148:5:main	40	static
../Core/Src/main.c:342:6:SystemClock_Config	104	static
../Core/Src/main.c:396:6:PeriphCommonClock_Config	160	static
../Core/Src/main.c:422:13:MX_I2C4_Init	8	static
../Core/Src/main.c:470:13:MX_ICACHE_Init	8	static
../Core/Src/main.c:498:13:MX_LPUART1_UART_Init	8	static
../Core/Src/main.c:546:13:MX_RTC_Init	32	static
../Core/Src/main.c:600:13:MX_SAI1_Init	8	static
../Core/Src/main.c:649:13:MX_SPI1_Init	8	static
../Core/Src/main.c:687:13:MX_DMA_Init	16	static
../Core/Src/main.c:715:13:MX_GPIO_Init	56	static
../Core/Src/main.c:772:6:debug_print	16	static
../Core/Src/main.c:783:6:HAL_SAI_RxCpltCallback	16	static
../Core/Src/main.c:798:6:HAL_TIM_PeriodElapsedCallback	16	static
../Core/Src/main.c:815:6:Error_Handler	4	static,ignoring_inline_asm
