../Core/Src/w25n01gv.c:34:6:W25_Init	4	static
../Core/Src/w25n01gv.c:40:5:W25_ReadJedecID	24	static
../Core/Src/w25n01gv.c:56:5:W25_ReadStatusReg	32	static
../Core/Src/w25n01gv.c:68:5:W25_WriteStatusReg	24	static
../Core/Src/w25n01gv.c:83:5:W25_WriteEnable	16	static
../Core/Src/w25n01gv.c:95:5:W25_WriteDisable	16	static
../Core/Src/w25n01gv.c:105:5:W25_Read	32	static
../Core/Src/w25n01gv.c:125:5:W25_PageDataRead	24	static
../Core/Src/w25n01gv.c:139:5:W25_WritePage	32	static
../Core/Src/w25n01gv.c:155:5:W25_ProgramExecute	24	static
../Core/Src/w25n01gv.c:168:5:W25_SectorErase	24	static
../Core/Src/w25n01gv.c:182:5:W25_ChipErase	4	static
../Core/Src/w25n01gv.c:188:5:W25_Busy	8	static
../Core/Src/w25n01gv.c:194:5:W25_DelayWhileBusy	40	static
../Core/Src/w25n01gv.c:209:5:W25_WriteNoCheck	32	static
../Core/Src/w25n01gv.c:248:5:W25_readLittlefs	32	static
../Core/Src/w25n01gv.c:271:5:W25_writeLittlefs	32	static
../Core/Src/w25n01gv.c:290:5:W25_eraseLittlefs	16	static
../Core/Src/w25n01gv.c:297:5:W25_syncLittlefs	16	static
