Archive member included to satisfy reference by file (symbol)

C:/MaximSDK/Libraries/PeriphDrivers/bin/MAX78002/softfp/libPeriphDriver_softfp.a(mxc_delay.o)
                              c:/Users/mrm/eclipse-workspace/CORIA_APP/build/main.o (MXC_Delay)
C:/MaximSDK/Libraries/PeriphDrivers/bin/MAX78002/softfp/libPeriphDriver_softfp.a(nvic_table.o)
                              c:/Users/mrm/eclipse-workspace/CORIA_APP/build/camera.o (MXC_NVIC_SetVector)
C:/MaximSDK/Libraries/PeriphDrivers/bin/MAX78002/softfp/libPeriphDriver_softfp.a(pins_ai87.o)
                              c:/Users/mrm/eclipse-workspace/CORIA_APP/build/camera.o (gpio_cfg_pcif_xclk)
C:/MaximSDK/Libraries/PeriphDrivers/bin/MAX78002/softfp/libPeriphDriver_softfp.a(sys_ai87.o)
                              c:/Users/mrm/eclipse-workspace/CORIA_APP/build/board.o (MXC_SYS_ClockEnable)
C:/MaximSDK/Libraries/PeriphDrivers/bin/MAX78002/softfp/libPeriphDriver_softfp.a(aes_ai87.o)
                              C:/MaximSDK/Libraries/PeriphDrivers/bin/MAX78002/softfp/libPeriphDriver_softfp.a(sys_ai87.o) (MXC_AES_Init)
C:/MaximSDK/Libraries/PeriphDrivers/bin/MAX78002/softfp/libPeriphDriver_softfp.a(aes_revb.o)
                              C:/MaximSDK/Libraries/PeriphDrivers/bin/MAX78002/softfp/libPeriphDriver_softfp.a(aes_ai87.o) (MXC_AES_RevB_Init)
C:/MaximSDK/Libraries/PeriphDrivers/bin/MAX78002/softfp/libPeriphDriver_softfp.a(cameraif_ai87.o)
                              c:/Users/mrm/eclipse-workspace/CORIA_APP/build/camera.o (MXC_PCIF_Init)
C:/MaximSDK/Libraries/PeriphDrivers/bin/MAX78002/softfp/libPeriphDriver_softfp.a(cameraif_reva.o)
                              C:/MaximSDK/Libraries/PeriphDrivers/bin/MAX78002/softfp/libPeriphDriver_softfp.a(cameraif_ai87.o) (MXC_PCIF_RevA_SetDatawidth)
C:/MaximSDK/Libraries/PeriphDrivers/bin/MAX78002/softfp/libPeriphDriver_softfp.a(csi2_ai87.o)
                              c:/Users/mrm/eclipse-workspace/CORIA_APP/build/mipi_camera.o (MXC_CSI2_Init)
C:/MaximSDK/Libraries/PeriphDrivers/bin/MAX78002/softfp/libPeriphDriver_softfp.a(csi2_reva.o)
                              C:/MaximSDK/Libraries/PeriphDrivers/bin/MAX78002/softfp/libPeriphDriver_softfp.a(csi2_ai87.o) (MXC_CSI2_RevA_Init)
C:/MaximSDK/Libraries/PeriphDrivers/bin/MAX78002/softfp/libPeriphDriver_softfp.a(dma_ai87.o)
                              C:/MaximSDK/Libraries/PeriphDrivers/bin/MAX78002/softfp/libPeriphDriver_softfp.a(aes_revb.o) (MXC_DMA_Init)
C:/MaximSDK/Libraries/PeriphDrivers/bin/MAX78002/softfp/libPeriphDriver_softfp.a(dma_reva.o)
                              C:/MaximSDK/Libraries/PeriphDrivers/bin/MAX78002/softfp/libPeriphDriver_softfp.a(dma_ai87.o) (MXC_DMA_RevA_Init)
C:/MaximSDK/Libraries/PeriphDrivers/bin/MAX78002/softfp/libPeriphDriver_softfp.a(flc_ai87.o)
                              C:/MaximSDK/Libraries/PeriphDrivers/bin/MAX78002/softfp/libPeriphDriver_softfp.a(sys_ai87.o) (MXC_FLC_UnlockInfoBlock)
C:/MaximSDK/Libraries/PeriphDrivers/bin/MAX78002/softfp/libPeriphDriver_softfp.a(flc_reva.o)
                              C:/MaximSDK/Libraries/PeriphDrivers/bin/MAX78002/softfp/libPeriphDriver_softfp.a(flc_ai87.o) (MXC_FLC_RevA_Busy)
C:/MaximSDK/Libraries/PeriphDrivers/bin/MAX78002/softfp/libPeriphDriver_softfp.a(gpio_ai87.o)
                              c:/Users/mrm/eclipse-workspace/CORIA_APP/build/main.o (MXC_GPIO_Config)
C:/MaximSDK/Libraries/PeriphDrivers/bin/MAX78002/softfp/libPeriphDriver_softfp.a(gpio_reva.o)
                              C:/MaximSDK/Libraries/PeriphDrivers/bin/MAX78002/softfp/libPeriphDriver_softfp.a(gpio_ai87.o) (MXC_GPIO_RevA_InGet)
C:/MaximSDK/Libraries/PeriphDrivers/bin/MAX78002/softfp/libPeriphDriver_softfp.a(pt_ai87.o)
                              c:/Users/mrm/eclipse-workspace/CORIA_APP/build/camera.o (MXC_PT_Init)
C:/MaximSDK/Libraries/PeriphDrivers/bin/MAX78002/softfp/libPeriphDriver_softfp.a(pt_reva.o)
                              C:/MaximSDK/Libraries/PeriphDrivers/bin/MAX78002/softfp/libPeriphDriver_softfp.a(pt_ai87.o) (MXC_PT_RevA_Init)
C:/MaximSDK/Libraries/PeriphDrivers/bin/MAX78002/softfp/libPeriphDriver_softfp.a(spi_ai87_v2.o)
                              c:/Users/mrm/eclipse-workspace/CORIA_APP/build/main.o (MXC_SPI_Shutdown)
C:/MaximSDK/Libraries/PeriphDrivers/bin/MAX78002/softfp/libPeriphDriver_softfp.a(spi_reva2.o)
                              C:/MaximSDK/Libraries/PeriphDrivers/bin/MAX78002/softfp/libPeriphDriver_softfp.a(spi_ai87_v2.o) (MXC_SPI_RevA2_Init)
C:/MaximSDK/Libraries/PeriphDrivers/bin/MAX78002/softfp/libPeriphDriver_softfp.a(trng_ai87.o)
                              C:/MaximSDK/Libraries/PeriphDrivers/bin/MAX78002/softfp/libPeriphDriver_softfp.a(aes_ai87.o) (MXC_TRNG_GenerateKey)
C:/MaximSDK/Libraries/PeriphDrivers/bin/MAX78002/softfp/libPeriphDriver_softfp.a(trng_revb.o)
                              C:/MaximSDK/Libraries/PeriphDrivers/bin/MAX78002/softfp/libPeriphDriver_softfp.a(trng_ai87.o) (MXC_TRNG_RevB_Init)
[...]
Memory Configuration

Name             Origin             Length             Attributes
ROM              0x00000000         0x00010000         xr
FLASH            0x10000000         0x00280000         xr
SRAM             0x20000000         0x00060000         xrw
*default*        0x00000000         0xffffffff

Linker script and memory map

LOAD c:/maximsdk/tools/gnutools/10.3/bin/../lib/gcc/arm-none-eabi/10.3.1/thumb/v7e-m+fp/softfp/crti.o
LOAD c:/maximsdk/tools/gnutools/10.3/bin/../lib/gcc/arm-none-eabi/10.3.1/thumb/v7e-m+fp/softfp/crtbegin.o
LOAD c:/maximsdk/tools/gnutools/10.3/bin/../lib/gcc/arm-none-eabi/10.3.1/../../../../arm-none-eabi/lib/thumb/v7e-m+fp/softfp/crt0.o
LOAD c:/Users/mrm/eclipse-workspace/CORIA_APP/build/lfs.o
LOAD c:/Users/mrm/eclipse-workspace/CORIA_APP/build/lfs_util.o
LOAD c:/Users/mrm/eclipse-workspace/CORIA_APP/build/main.o
LOAD c:/Users/mrm/eclipse-workspace/CORIA_APP/build/w25n01gv.o
LOAD c:/Users/mrm/eclipse-workspace/CORIA_APP/build/board.o
LOAD c:/Users/mrm/eclipse-workspace/CORIA_APP/build/stdio.o
LOAD c:/Users/mrm/eclipse-workspace/CORIA_APP/build/led.o
LOAD c:/Users/mrm/eclipse-workspace/CORIA_APP/build/pb.o
LOAD c:/Users/mrm/eclipse-workspace/CORIA_APP/build/tft_st7789v.o
LOAD c:/Users/mrm/eclipse-workspace/CORIA_APP/build/tsc2046.o
LOAD c:/Users/mrm/eclipse-workspace/CORIA_APP/build/camera.o
LOAD c:/Users/mrm/eclipse-workspace/CORIA_APP/build/mipi_camera.o
LOAD c:/Users/mrm/eclipse-workspace/CORIA_APP/build/ov7692.o
LOAD c:/Users/mrm/eclipse-workspace/CORIA_APP/build/sccb.o
LOAD c:/Users/mrm/eclipse-workspace/CORIA_APP/build/startup_max78002.o
LOAD c:/Users/mrm/eclipse-workspace/CORIA_APP/build/heap.o
LOAD c:/Users/mrm/eclipse-workspace/CORIA_APP/build/system_max78002.o
START GROUP
LOAD C:/MaximSDK/Libraries/PeriphDrivers/bin/MAX78002/softfp/libPeriphDriver_softfp.a
LOAD c:/maximsdk/tools/gnutools/10.3/bin/../lib/gcc/arm-none-eabi/10.3.1/../../../../arm-none-eabi/lib/thumb/v7e-m+fp/softfp\libc.a
LOAD c:/maximsdk/tools/gnutools/10.3/bin/../lib/gcc/arm-none-eabi/10.3.1/../../../../arm-none-eabi/lib/thumb/v7e-m+fp/softfp\libm.a
LOAD c:/maximsdk/tools/gnutools/10.3/bin/../lib/gcc/arm-none-eabi/10.3.1/../../../../arm-none-eabi/lib/thumb/v7e-m+fp/softfp\libnosys.a
END GROUP
START GROUP
LOAD c:/maximsdk/tools/gnutools/10.3/bin/../lib/gcc/arm-none-eabi/10.3.1/thumb/v7e-m+fp/softfp\libgcc.a
LOAD c:/maximsdk/tools/gnutools/10.3/bin/../lib/gcc/arm-none-eabi/10.3.1/../../../../arm-none-eabi/lib/thumb/v7e-m+fp/softfp\libc.a
END GROUP
LOAD c:/maximsdk/tools/gnutools/10.3/bin/../lib/gcc/arm-none-eabi/10.3.1/thumb/v7e-m+fp/softfp/crtend.o
LOAD c:/maximsdk/tools/gnutools/10.3/bin/../lib/gcc/arm-none-eabi/10.3.1/thumb/v7e-m+fp/softfp/crtn.o

.rom
 *(.rom_vector)
 *(.rom_handlers*)

.text           0x10000000     0xfa14
                0x10000000                _text = .
 *(.isr_vector)
 .isr_vector    0x10000000      0x1e4 c:/Users/mrm/eclipse-workspace/CORIA_APP/build/startup_max78002.o
                0x10000000                __isr_vector
 *(.text*)
 .text          0x100001e4       0x40 c:/maximsdk/tools/gnutools/10.3/bin/../lib/gcc/arm-none-eabi/10.3.1/thumb/v7e-m+fp/softfp/crtbegin.o
 .text.lfs_alloc_lookahead
                0x10000224       0x38 c:/Users/mrm/eclipse-workspace/CORIA_APP/build/lfs.o
 .text.lfs_dir_traverse_filter
                0x1000025c       0x78 c:/Users/mrm/eclipse-workspace/CORIA_APP/build/lfs.o
 .text.lfs_dir_commit_size
                0x100002d4       0x1c c:/Users/mrm/eclipse-workspace/CORIA_APP/build/lfs.o
 .text.lfs_fs_size_count
                0x100002f0        0xc c:/Users/mrm/eclipse-workspace/CORIA_APP/build/lfs.o
 .text.lfs_fs_preporphans
                0x100002fc       0x60 c:/Users/mrm/eclipse-workspace/CORIA_APP/build/lfs.o
 .text.lfs_deinit
                0x1000035c       0x3c c:/Users/mrm/eclipse-workspace/CORIA_APP/build/lfs.o
 .text.lfs_bd_read.part.0
                0x10000398      0x18c c:/Users/mrm/eclipse-workspace/CORIA_APP/build/lfs.o
 .text.lfs_bd_erase.isra.0
                0x10000524       0x40 c:/Users/mrm/eclipse-workspace/CORIA_APP/build/lfs.o
 .text.lfs_init
                0x10000564      0x234 c:/Users/mrm/eclipse-workspace/CORIA_APP/build/lfs.o
 .text.lfs_bd_crc.constprop.0
                0x10000798       0x90 c:/Users/mrm/eclipse-workspace/CORIA_APP/build/lfs.o
 .text.lfs_bd_cmp.constprop.0
                0x10000828       0xa8 c:/Users/mrm/eclipse-workspace/CORIA_APP/build/lfs.o
 .text.lfs_dir_find_match
                0x100008d0       0x3c c:/Users/mrm/eclipse-workspace/CORIA_APP/build/lfs.o
 .text.lfs_bd_flush
                0x1000090c       0xc8 c:/Users/mrm/eclipse-workspace/CORIA_APP/build/lfs.o
 .text.lfs_bd_prog
                0x100009d4       0xfc c:/Users/mrm/eclipse-workspace/CORIA_APP/build/lfs.o
 .text.lfs_dir_commitprog
                0x10000ad0       0x40 c:/Users/mrm/eclipse-workspace/CORIA_APP/build/lfs.o
 .text.lfs_dir_commitattr
                0x10000b10       0xe4 c:/Users/mrm/eclipse-workspace/CORIA_APP/build/lfs.o
 .text.lfs_dir_commit_commit
                0x10000bf4       0x10 c:/Users/mrm/eclipse-workspace/CORIA_APP/build/lfs.o
 .text.lfs_fs_parent_match
                0x10000c04       0x5c c:/Users/mrm/eclipse-workspace/CORIA_APP/build/lfs.o
 .text.lfs_ctz_traverse.part.0
                0x10000c60       0xac c:/Users/mrm/eclipse-workspace/CORIA_APP/build/lfs.o
 .text.lfs_dir_commitcrc
                0x10000d0c      0x268 c:/Users/mrm/eclipse-workspace/CORIA_APP/build/lfs.o
 .text.lfs_ctz_find.constprop.0
                0x10000f74      0x110 c:/Users/mrm/eclipse-workspace/CORIA_APP/build/lfs.o
 .text.lfs_dir_traverse.constprop.0
                0x10001084      0x324 c:/Users/mrm/eclipse-workspace/CORIA_APP/build/lfs.o
 .text.lfs_dir_getslice
                0x100013a8      0x1a4 c:/Users/mrm/eclipse-workspace/CORIA_APP/build/lfs.o
 .text.lfs_dir_getgstate
                0x1000154c       0x4c c:/Users/mrm/eclipse-workspace/CORIA_APP/build/lfs.o
 .text.lfs_dir_getread.part.0.constprop.0
                0x10001598       0xbc c:/Users/mrm/eclipse-workspace/CORIA_APP/build/lfs.o
 .text.lfs_file_flushedread
                0x10001654      0x120 c:/Users/mrm/eclipse-workspace/CORIA_APP/build/lfs.o
 .text.lfs_dir_fetchmatch
                0x10001774      0x57c c:/Users/mrm/eclipse-workspace/CORIA_APP/build/lfs.o
 .text.lfs_fs_parent
                0x10001cf0       0xc8 c:/Users/mrm/eclipse-workspace/CORIA_APP/build/lfs.o
 .text.lfs_dir_find
                0x10001db8      0x174 c:/Users/mrm/eclipse-workspace/CORIA_APP/build/lfs.o
 .text.lfs_fs_rawtraverse
                0x10001f2c      0x1ec c:/Users/mrm/eclipse-workspace/CORIA_APP/build/lfs.o
 .text.lfs_alloc
                0x10002118      0x104 c:/Users/mrm/eclipse-workspace/CORIA_APP/build/lfs.o
 .text.lfs_dir_alloc
                0x1000221c       0x94 c:/Users/mrm/eclipse-workspace/CORIA_APP/build/lfs.o
 .text.lfs_file_relocate
                0x100022b0      0x184 c:/Users/mrm/eclipse-workspace/CORIA_APP/build/lfs.o
 .text.lfs_dir_compact
                0x10002434      0x2d8 c:/Users/mrm/eclipse-workspace/CORIA_APP/build/lfs.o
 .text.lfs_dir_split
                0x1000270c       0x90 c:/Users/mrm/eclipse-workspace/CORIA_APP/build/lfs.o
 .text.lfs_file_flushedwrite
                0x1000279c      0x3e8 c:/Users/mrm/eclipse-workspace/CORIA_APP/build/lfs.o
 .text.lfs_file_flush
                0x10002b84      0x12c c:/Users/mrm/eclipse-workspace/CORIA_APP/build/lfs.o
 .text.lfs_file_rawseek
                0x10002cb0       0xe0 c:/Users/mrm/eclipse-workspace/CORIA_APP/build/lfs.o
 .text.lfs_file_rawwrite
                0x10002d90       0xac c:/Users/mrm/eclipse-workspace/CORIA_APP/build/lfs.o
 .text.lfs_fs_pred
                0x10002e3c       0xb8 c:/Users/mrm/eclipse-workspace/CORIA_APP/build/lfs.o
 .text.lfs_dir_relocatingcommit
                0x10002ef4      0x530 c:/Users/mrm/eclipse-workspace/CORIA_APP/build/lfs.o
 .text.lfs_dir_orphaningcommit
                0x10003424      0x47c c:/Users/mrm/eclipse-workspace/CORIA_APP/build/lfs.o
 .text.lfs_fs_deorphan.part.0
                0x100038a0      0x214 c:/Users/mrm/eclipse-workspace/CORIA_APP/build/lfs.o
 .text.lfs_fs_forceconsistency
                0x10003ab4      0x19c c:/Users/mrm/eclipse-workspace/CORIA_APP/build/lfs.o
 .text.lfs_file_rawsync
                0x10003c50       0xbc c:/Users/mrm/eclipse-workspace/CORIA_APP/build/lfs.o
 .text.lfs_file_rawopencfg
                0x10003d0c      0x2c8 c:/Users/mrm/eclipse-workspace/CORIA_APP/build/lfs.o
 .text.lfs_mount
                0x10003fd4      0x2b4 c:/Users/mrm/eclipse-workspace/CORIA_APP/build/lfs.o
                0x10003fd4                lfs_mount
 .text.lfs_unmount
                0x10004288       0x3c c:/Users/mrm/eclipse-workspace/CORIA_APP/build/lfs.o
                0x10004288                lfs_unmount
 .text.lfs_file_open
                0x100042c4       0x44 c:/Users/mrm/eclipse-workspace/CORIA_APP/build/lfs.o
                0x100042c4                lfs_file_open
 .text.lfs_file_close
                0x10004308       0x7c c:/Users/mrm/eclipse-workspace/CORIA_APP/build/lfs.o
                0x10004308                lfs_file_close
 .text.lfs_file_read
                0x10004384       0x78 c:/Users/mrm/eclipse-workspace/CORIA_APP/build/lfs.o
                0x10004384                lfs_file_read
 .text.lfs_file_write
                0x100043fc       0x38 c:/Users/mrm/eclipse-workspace/CORIA_APP/build/lfs.o
                0x100043fc                lfs_file_write
 .text.lfs_file_rewind
                0x10004434       0x10 c:/Users/mrm/eclipse-workspace/CORIA_APP/build/lfs.o
                0x10004434                lfs_file_rewind
 .text.lfs_crc  0x10004444       0x44 c:/Users/mrm/eclipse-workspace/CORIA_APP/build/lfs_util.o
                0x10004444                lfs_crc
 .text.SPI1_Callback
                0x10004488        0xc c:/Users/mrm/eclipse-workspace/CORIA_APP/build/main.o
                0x10004488                SPI1_Callback
 .text.SPI0_Callback
                0x10004494        0xc c:/Users/mrm/eclipse-workspace/CORIA_APP/build/main.o
                0x10004494                SPI0_Callback
 .text.SPI1_IRQHandler
                0x100044a0        0xc c:/Users/mrm/eclipse-workspace/CORIA_APP/build/main.o
                0x100044a0                SPI1_IRQHandler
 .text.SPI0_IRQHandler
                0x100044ac        0xc c:/Users/mrm/eclipse-workspace/CORIA_APP/build/main.o
                0x100044ac                SPI0_IRQHandler
 .text.startup.main
                0x100044b8      0x2dc c:/Users/mrm/eclipse-workspace/CORIA_APP/build/main.o
                0x100044b8                main
 .text.W25_ReadJedecID
                0x10004794       0x54 c:/Users/mrm/eclipse-workspace/CORIA_APP/build/w25n01gv.o
                0x10004794                W25_ReadJedecID
 .text.W25_ReadStatusReg
                0x100047e8       0x54 c:/Users/mrm/eclipse-workspace/CORIA_APP/build/w25n01gv.o
                0x100047e8                W25_ReadStatusReg
 .text.W25_WriteStatusReg
                0x1000483c       0x4c c:/Users/mrm/eclipse-workspace/CORIA_APP/build/w25n01gv.o
                0x1000483c                W25_WriteStatusReg
 .text.W25_Read
                0x10004888       0x54 c:/Users/mrm/eclipse-workspace/CORIA_APP/build/w25n01gv.o
                0x10004888                W25_Read
 .text.W25_WritePage
                0x100048dc       0xa0 c:/Users/mrm/eclipse-workspace/CORIA_APP/build/w25n01gv.o
                0x100048dc                W25_WritePage
 .text.W25_SectorErase
                0x1000497c       0x7c c:/Users/mrm/eclipse-workspace/CORIA_APP/build/w25n01gv.o
                0x1000497c                W25_SectorErase
 .text.W25_readLittlefs
                0x100049f8       0x88 c:/Users/mrm/eclipse-workspace/CORIA_APP/build/w25n01gv.o
                0x100049f8                W25_readLittlefs
 .text.W25_writeLittlefs
                0x10004a80       0x88 c:/Users/mrm/eclipse-workspace/CORIA_APP/build/w25n01gv.o
                0x10004a80                W25_writeLittlefs
 .text.W25_eraseLittlefs
                0x10004b08        0xc c:/Users/mrm/eclipse-workspace/CORIA_APP/build/w25n01gv.o
                0x10004b08                W25_eraseLittlefs
 .text.W25_syncLittlefs
                0x10004b14        0x4 c:/Users/mrm/eclipse-workspace/CORIA_APP/build/w25n01gv.o
                0x10004b14                W25_syncLittlefs
 .text.mxc_assert
                0x10004b18       0x10 c:/Users/mrm/eclipse-workspace/CORIA_APP/build/board.o
                0x10004b18                mxc_assert
 .text.GPIO2_IRQHandler
                0x10004b28        0x8 c:/Users/mrm/eclipse-workspace/CORIA_APP/build/board.o
                0x10004b28                GPIO2_IRQHandler
 .text.TFT_SPI_Init
                0x10004b30       0xa0 c:/Users/mrm/eclipse-workspace/CORIA_APP/build/board.o
                0x10004b30                TFT_SPI_Init
 .text.TFT_SPI_Write
                0x10004bd0       0x60 c:/Users/mrm/eclipse-workspace/CORIA_APP/build/board.o
                0x10004bd0                TFT_SPI_Write
 .text.TFT_SPI_Transmit
                0x10004c30       0x78 c:/Users/mrm/eclipse-workspace/CORIA_APP/build/board.o
                0x10004c30                TFT_SPI_Transmit
 .text.Board_Init
                0x10004ca8       0xc0 c:/Users/mrm/eclipse-workspace/CORIA_APP/build/board.o
                0x10004ca8                Board_Init
 .text.Console_Init
                0x10004d68       0x14 c:/Users/mrm/eclipse-workspace/CORIA_APP/build/board.o
                0x10004d68                Console_Init
 .text.NMI_Handler
                0x10004d7c        0x4 c:/Users/mrm/eclipse-workspace/CORIA_APP/build/board.o
                0x10004d7c                NMI_Handler
 .text._close   0x10004d80        0x8 c:/Users/mrm/eclipse-workspace/CORIA_APP/build/stdio.o
                0x10004d80                _close
 .text._isatty  0x10004d88        0x8 c:/Users/mrm/eclipse-workspace/CORIA_APP/build/stdio.o
                0x10004d88                _isatty
 .text._lseek   0x10004d90        0x8 c:/Users/mrm/eclipse-workspace/CORIA_APP/build/stdio.o
                0x10004d90                _lseek
 .text._fstat   0x10004d98        0x8 c:/Users/mrm/eclipse-workspace/CORIA_APP/build/stdio.o
                0x10004d98                _fstat
 .text._read    0x10004da0       0x50 c:/Users/mrm/eclipse-workspace/CORIA_APP/build/stdio.o
                0x10004da0                _read
 .text._write   0x10004df0       0x60 c:/Users/mrm/eclipse-workspace/CORIA_APP/build/stdio.o
                0x10004df0                _write
 .text.LED_Init
                0x10004e50       0x40 c:/Users/mrm/eclipse-workspace/CORIA_APP/build/led.o
                0x10004e50                LED_Init
 .text.PB_Init  0x10004e90       0x38 c:/Users/mrm/eclipse-workspace/CORIA_APP/build/pb.o
                0x10004e90                PB_Init
 .text.window   0x10004ec8       0x78 c:/Users/mrm/eclipse-workspace/CORIA_APP/build/tft_st7789v.o
 .text.fill_rect
                0x10004f40       0x94 c:/Users/mrm/eclipse-workspace/CORIA_APP/build/tft_st7789v.o
 .text.MXC_TFT_SetBackGroundColor
                0x10004fd4       0x40 c:/Users/mrm/eclipse-workspace/CORIA_APP/build/tft_st7789v.o
                0x10004fd4                MXC_TFT_SetBackGroundColor
 .text.MXC_TFT_Init
                0x10005014      0x114 c:/Users/mrm/eclipse-workspace/CORIA_APP/build/tft_st7789v.o
                0x10005014                MXC_TFT_Init
 .text.MXC_TS_AssignInterruptPin
                0x10005128       0x28 c:/Users/mrm/eclipse-workspace/CORIA_APP/build/tsc2046.o
                0x10005128                MXC_TS_AssignInterruptPin
 .text          0x10005150      0x14c c:/Users/mrm/eclipse-workspace/CORIA_APP/build/startup_max78002.o
                0x10005150                Reset_Handler
                0x1000518e                HardFault_Handler
                0x10005190                MemManage_Handler
                0x10005192                BusFault_Handler
                0x10005194                UsageFault_Handler
                0x10005196                SVC_Handler
                0x10005198                DebugMon_Handler
                0x1000519a                PendSV_Handler
                0x1000519c                SysTick_Handler
                0x1000519e                Default_Handler
                0x100051a0                PF_IRQHandler
                0x100051a2                WDT0_IRQHandler
                0x100051a4                USB_IRQHandler
                0x100051a6                RTC_IRQHandler
                0x100051a8                TRNG_IRQHandler
                0x100051aa                TMR0_IRQHandler
                0x100051ac                TMR1_IRQHandler
                0x100051ae                TMR2_IRQHandler
                0x100051b0                TMR3_IRQHandler
                0x100051b2                TMR4_IRQHandler
                0x100051b4                TMR5_IRQHandler
                0x100051b6                RSV11_IRQHandler
                0x100051b8                RSV12_IRQHandler
                0x100051ba                I2C0_IRQHandler
                0x100051bc                UART0_IRQHandler
                0x100051be                UART1_IRQHandler
                0x100051c2                RSV17_IRQHandler
                0x100051c4                RSV18_IRQHandler
                0x100051c6                RSV19_IRQHandler
                0x100051c8                ADC_IRQHandler
                0x100051ca                RSV21_IRQHandler
                0x100051cc                RSV22_IRQHandler
                0x100051ce                FLC0_IRQHandler
                0x100051d0                GPIO0_IRQHandler
                0x100051d2                GPIO1_IRQHandler
                0x100051d6                RSV27_IRQHandler
                0x100051d8                DMA0_IRQHandler
                0x100051da                DMA1_IRQHandler
                0x100051dc                DMA2_IRQHandler
                0x100051de                DMA3_IRQHandler
                0x100051e0                RSV32_IRQHandler
                0x100051e2                RSV33_IRQHandler
                0x100051e4                UART2_IRQHandler
                0x100051e6                RSV35_IRQHandler
                0x100051e8                I2C1_IRQHandler
                0x100051ea                RSV37_IRQHandler
                0x100051ec                RSV38_IRQHandler
                0x100051ee                RSV39_IRQHandler
                0x100051f0                RSV40_IRQHandler
                0x100051f2                RSV41_IRQHandler
                0x100051f4                RSV42_IRQHandler
                0x100051f6                RSV43_IRQHandler
                0x100051f8                RSV44_IRQHandler
                0x100051fa                RSV45_IRQHandler
                0x100051fc                RSV46_IRQHandler
                0x100051fe                RSV47_IRQHandler
                0x10005200                RSV48_IRQHandler
                0x10005202                RSV49_IRQHandler
                0x10005204                RSV50_IRQHandler
                0x10005206                RSV51_IRQHandler
                0x10005208                RSV52_IRQHandler
                0x1000520a                WUT_IRQHandler
                0x1000520c                GPIOWAKE_IRQHandler
                0x1000520e                RSV55_IRQHandler
                0x10005212                WDT1_IRQHandler
                0x10005214                RSV58_IRQHandler
                0x10005216                PT_IRQHandler
                0x10005218                RSV60_IRQHandler
                0x1000521a                RSV61_IRQHandler
                0x1000521c                I2C2_IRQHandler
                0x1000521e                RISCV_IRQHandler
                0x10005220                RSV64_IRQHandler
                0x10005222                RSV65_IRQHandler
                0x10005224                SDHC_IRQHandler
                0x10005226                OWM_IRQHandler
                0x10005228                RSV68_IRQHandler
                0x1000522a                RSV69_IRQHandler
                0x1000522c                RSV70_IRQHandler
                0x1000522e                RSV71_IRQHandler
                0x10005230                RSV72_IRQHandler
                0x10005232                RSV73_IRQHandler
                0x10005234                RSV74_IRQHandler
                0x10005236                RSV75_IRQHandler
                0x10005238                RSV76_IRQHandler
                0x1000523a                RSV77_IRQHandler
                0x1000523c                RSV78_IRQHandler
                0x1000523e                RSV79_IRQHandler
                0x10005240                USBDMA_IRQHandler
                0x10005242                RSV81_IRQHandler
                0x10005244                ECC_IRQHandler
                0x10005246                DVS_IRQHandler
                0x10005248                SIMO_IRQHandler
                0x1000524a                RSV85_IRQHandler
                0x1000524c                RSV86_IRQHandler
                0x1000524e                RSV87_IRQHandler
                0x10005250                UART3_IRQHandler
                0x10005252                RSV89_IRQHandler
                0x10005254                RSV90_IRQHandler
                0x10005256                PCIF_IRQHandler
                0x10005258                RSV92_IRQHandler
                0x1000525a                RSV93_IRQHandler
                0x1000525c                RSV94_IRQHandler
                0x1000525e                RSV95_IRQHandler
                0x10005260                RSV96_IRQHandler
                0x10005262                AES_IRQHandler
                0x10005264                CRC_IRQHandler
                0x10005266                I2S_IRQHandler
                0x10005268                CNN_FIFO_IRQHandler
                0x1000526a                CNN_IRQHandler
                0x1000526c                RSV102_IRQHandler
                0x1000526e                LPCMP_IRQHandler
                0x10005270                CSI2_IRQHandler
 .text._sbrk    0x1000529c       0x3c c:/Users/mrm/eclipse-workspace/CORIA_APP/build/heap.o
                0x1000529c                _sbrk
 .text.SystemCoreClockUpdate
                0x100052d8       0x84 c:/Users/mrm/eclipse-workspace/CORIA_APP/build/system_max78002.o
                0x100052d8                SystemCoreClockUpdate
 .text.PreInit  0x1000535c        0x4 c:/Users/mrm/eclipse-workspace/CORIA_APP/build/system_max78002.o
                0x1000535c                PreInit
 .text.SystemInit
                0x10005360       0x30 c:/Users/mrm/eclipse-workspace/CORIA_APP/build/system_max78002.o
                0x10005360                SystemInit
 .text.MXC_DelayInit
                0x10005390       0x7c C:/MaximSDK/Libraries/PeriphDrivers/bin/MAX78002/softfp/libPeriphDriver_softfp.a(mxc_delay.o)
 .text.MXC_DelayAsync
                0x1000540c       0x3c C:/MaximSDK/Libraries/PeriphDrivers/bin/MAX78002/softfp/libPeriphDriver_softfp.a(mxc_delay.o)
                0x1000540c                MXC_DelayAsync
 .text.MXC_DelayCheck
                0x10005448       0x70 C:/MaximSDK/Libraries/PeriphDrivers/bin/MAX78002/softfp/libPeriphDriver_softfp.a(mxc_delay.o)
                0x10005448                MXC_DelayCheck
 .text.MXC_DelayAbort
                0x100054b8       0x34 C:/MaximSDK/Libraries/PeriphDrivers/bin/MAX78002/softfp/libPeriphDriver_softfp.a(mxc_delay.o)
                0x100054b8                MXC_DelayAbort
 .text.MXC_Delay
                0x100054ec       0x74 C:/MaximSDK/Libraries/PeriphDrivers/bin/MAX78002/softfp/libPeriphDriver_softfp.a(mxc_delay.o)
                0x100054ec                MXC_Delay
 .text.MXC_SYS_IsClockEnabled
                0x10005560       0x44 C:/MaximSDK/Libraries/PeriphDrivers/bin/MAX78002/softfp/libPeriphDriver_softfp.a(sys_ai87.o)
                0x10005560                MXC_SYS_IsClockEnabled
 .text.MXC_SYS_ClockDisable
                0x100055a4       0x44 C:/MaximSDK/Libraries/PeriphDrivers/bin/MAX78002/softfp/libPeriphDriver_softfp.a(sys_ai87.o)
                0x100055a4                MXC_SYS_ClockDisable
 .text.MXC_SYS_ClockEnable
                0x100055e8       0x4c C:/MaximSDK/Libraries/PeriphDrivers/bin/MAX78002/softfp/libPeriphDriver_softfp.a(sys_ai87.o)
                0x100055e8                MXC_SYS_ClockEnable
 .text.MXC_SYS_ClockSourceEnable
                0x10005634      0x154 C:/MaximSDK/Libraries/PeriphDrivers/bin/MAX78002/softfp/libPeriphDriver_softfp.a(sys_ai87.o)
                0x10005634                MXC_SYS_ClockSourceEnable
 .text.MXC_SYS_Reset_Periph
                0x10005788       0x4c C:/MaximSDK/Libraries/PeriphDrivers/bin/MAX78002/softfp/libPeriphDriver_softfp.a(sys_ai87.o)
                0x10005788                MXC_SYS_Reset_Periph
 .text.MXC_DMA_Init
                0x100057d4       0x30 C:/MaximSDK/Libraries/PeriphDrivers/bin/MAX78002/softfp/libPeriphDriver_softfp.a(dma_ai87.o)
                0x100057d4                MXC_DMA_Init
 .text.MXC_DMA_DeInit
                0x10005804        0xc C:/MaximSDK/Libraries/PeriphDrivers/bin/MAX78002/softfp/libPeriphDriver_softfp.a(dma_ai87.o)
                0x10005804                MXC_DMA_DeInit
 .text.MXC_DMA_AcquireChannel
                0x10005810        0xc C:/MaximSDK/Libraries/PeriphDrivers/bin/MAX78002/softfp/libPeriphDriver_softfp.a(dma_ai87.o)
                0x10005810                MXC_DMA_AcquireChannel
 .text.MXC_DMA_ReleaseChannel
                0x1000581c        0x4 C:/MaximSDK/Libraries/PeriphDrivers/bin/MAX78002/softfp/libPeriphDriver_softfp.a(dma_ai87.o)
                0x1000581c                MXC_DMA_ReleaseChannel
 .text.MXC_DMA_RevA_Init
                0x10005820       0x94 C:/MaximSDK/Libraries/PeriphDrivers/bin/MAX78002/softfp/libPeriphDriver_softfp.a(dma_reva.o)
                0x10005820                MXC_DMA_RevA_Init
 .text.MXC_DMA_RevA_DeInit
                0x100058b4       0x1c C:/MaximSDK/Libraries/PeriphDrivers/bin/MAX78002/softfp/libPeriphDriver_softfp.a(dma_reva.o)
                0x100058b4                MXC_DMA_RevA_DeInit
 .text.MXC_DMA_RevA_AcquireChannel
                0x100058d0       0x70 C:/MaximSDK/Libraries/PeriphDrivers/bin/MAX78002/softfp/libPeriphDriver_softfp.a(dma_reva.o)
                0x100058d0                MXC_DMA_RevA_AcquireChannel
 .text.MXC_DMA_RevA_ReleaseChannel
                0x10005940       0x48 C:/MaximSDK/Libraries/PeriphDrivers/bin/MAX78002/softfp/libPeriphDriver_softfp.a(dma_reva.o)
                0x10005940                MXC_DMA_RevA_ReleaseChannel
 .text.MXC_GPIO_Init
                0x10005988       0x40 C:/MaximSDK/Libraries/PeriphDrivers/bin/MAX78002/softfp/libPeriphDriver_softfp.a(gpio_ai87.o)
                0x10005988                MXC_GPIO_Init
 .text.MXC_GPIO_Config
                0x100059c8      0x210 C:/MaximSDK/Libraries/PeriphDrivers/bin/MAX78002/softfp/libPeriphDriver_softfp.a(gpio_ai87.o)
                0x100059c8                MXC_GPIO_Config
 .text.MXC_GPIO_OutSet
                0x10005bd8       0x30 C:/MaximSDK/Libraries/PeriphDrivers/bin/MAX78002/softfp/libPeriphDriver_softfp.a(gpio_ai87.o)
                0x10005bd8                MXC_GPIO_OutSet
 .text.MXC_GPIO_OutClr
                0x10005c08       0x34 C:/MaximSDK/Libraries/PeriphDrivers/bin/MAX78002/softfp/libPeriphDriver_softfp.a(gpio_ai87.o)
                0x10005c08                MXC_GPIO_OutClr
 .text.MXC_GPIO_Handler
                0x10005c3c        0x4 C:/MaximSDK/Libraries/PeriphDrivers/bin/MAX78002/softfp/libPeriphDriver_softfp.a(gpio_ai87.o)
                0x10005c3c                MXC_GPIO_Handler
 .text.MXC_GPIO_ClearFlags
                0x10005c40       0x18 C:/MaximSDK/Libraries/PeriphDrivers/bin/MAX78002/softfp/libPeriphDriver_softfp.a(gpio_ai87.o)
                0x10005c40                MXC_GPIO_ClearFlags
 .text.MXC_GPIO_GetFlags
                0x10005c58       0x18 C:/MaximSDK/Libraries/PeriphDrivers/bin/MAX78002/softfp/libPeriphDriver_softfp.a(gpio_ai87.o)
                0x10005c58                MXC_GPIO_GetFlags
 .text.MXC_GPIO_SetVSSEL
                0x10005c70       0x24 C:/MaximSDK/Libraries/PeriphDrivers/bin/MAX78002/softfp/libPeriphDriver_softfp.a(gpio_ai87.o)
                0x10005c70                MXC_GPIO_SetVSSEL
 .text.MXC_GPIO_RevA_OutSet
                0x10005c94        0x4 C:/MaximSDK/Libraries/PeriphDrivers/bin/MAX78002/softfp/libPeriphDriver_softfp.a(gpio_reva.o)
                0x10005c94                MXC_GPIO_RevA_OutSet
 .text.MXC_GPIO_RevA_OutClr
                0x10005c98        0x4 C:/MaximSDK/Libraries/PeriphDrivers/bin/MAX78002/softfp/libPeriphDriver_softfp.a(gpio_reva.o)
                0x10005c98                MXC_GPIO_RevA_OutClr
 .text.MXC_GPIO_RevA_ClearFlags
                0x10005c9c        0x4 C:/MaximSDK/Libraries/PeriphDrivers/bin/MAX78002/softfp/libPeriphDriver_softfp.a(gpio_reva.o)
                0x10005c9c                MXC_GPIO_RevA_ClearFlags
 .text.MXC_GPIO_RevA_GetFlags
                0x10005ca0        0x4 C:/MaximSDK/Libraries/PeriphDrivers/bin/MAX78002/softfp/libPeriphDriver_softfp.a(gpio_reva.o)
                0x10005ca0                MXC_GPIO_RevA_GetFlags
 .text.MXC_GPIO_RevA_SetVSSEL
                0x10005ca4       0x30 C:/MaximSDK/Libraries/PeriphDrivers/bin/MAX78002/softfp/libPeriphDriver_softfp.a(gpio_reva.o)
                0x10005ca4                MXC_GPIO_RevA_SetVSSEL
 .text.MXC_GPIO_RevA_SetAF
                0x10005cd4       0x6c C:/MaximSDK/Libraries/PeriphDrivers/bin/MAX78002/softfp/libPeriphDriver_softfp.a(gpio_reva.o)
                0x10005cd4                MXC_GPIO_RevA_SetAF
 .text.MXC_SPI_Shutdown
                0x10005d40       0x38 C:/MaximSDK/Libraries/PeriphDrivers/bin/MAX78002/softfp/libPeriphDriver_softfp.a(spi_ai87_v2.o)
                0x10005d40                MXC_SPI_Shutdown
 .text.MXC_SPI_GetPeripheralClock
                0x10005d78       0x70 C:/MaximSDK/Libraries/PeriphDrivers/bin/MAX78002/softfp/libPeriphDriver_softfp.a(spi_ai87_v2.o)
                0x10005d78                MXC_SPI_GetPeripheralClock
 .text.MXC_SPI_Init
                0x10005de8      0x1ac C:/MaximSDK/Libraries/PeriphDrivers/bin/MAX78002/softfp/libPeriphDriver_softfp.a(spi_ai87_v2.o)
                0x10005de8                MXC_SPI_Init
 .text.MXC_SPI_Init_v2
                0x10005f94      0x104 C:/MaximSDK/Libraries/PeriphDrivers/bin/MAX78002/softfp/libPeriphDriver_softfp.a(spi_ai87_v2.o)
                0x10005f94                MXC_SPI_Init_v2
 .text.MXC_SPI_ConfigTargetSelect
                0x10006098       0x84 C:/MaximSDK/Libraries/PeriphDrivers/bin/MAX78002/softfp/libPeriphDriver_softfp.a(spi_ai87_v2.o)
                0x10006098                MXC_SPI_ConfigTargetSelect
 .text.MXC_SPI_SetFrequency
                0x1000611c        0x4 C:/MaximSDK/Libraries/PeriphDrivers/bin/MAX78002/softfp/libPeriphDriver_softfp.a(spi_ai87_v2.o)
                0x1000611c                MXC_SPI_SetFrequency
 .text.MXC_SPI_SetInterface
                0x10006120        0x4 C:/MaximSDK/Libraries/PeriphDrivers/bin/MAX78002/softfp/libPeriphDriver_softfp.a(spi_ai87_v2.o)
                0x10006120                MXC_SPI_SetInterface
 .text.MXC_SPI_SetClkMode
                0x10006124        0x4 C:/MaximSDK/Libraries/PeriphDrivers/bin/MAX78002/softfp/libPeriphDriver_softfp.a(spi_ai87_v2.o)
                0x10006124                MXC_SPI_SetClkMode
 .text.MXC_SPI_ControllerTransactionB
                0x10006128       0x10 C:/MaximSDK/Libraries/PeriphDrivers/bin/MAX78002/softfp/libPeriphDriver_softfp.a(spi_ai87_v2.o)
                0x10006128                MXC_SPI_ControllerTransactionB
 .text.MXC_SPI_Handler
                0x10006138        0x4 C:/MaximSDK/Libraries/PeriphDrivers/bin/MAX78002/softfp/libPeriphDriver_softfp.a(spi_ai87_v2.o)
                0x10006138                MXC_SPI_Handler
 .text.MXC_SPI_SetDataSize
                0x1000613c        0x4 C:/MaximSDK/Libraries/PeriphDrivers/bin/MAX78002/softfp/libPeriphDriver_softfp.a(spi_ai87_v2.o)
                0x1000613c                MXC_SPI_SetDataSize
 .text.MXC_SPI_SetWidth
                0x10006140       0x2c C:/MaximSDK/Libraries/PeriphDrivers/bin/MAX78002/softfp/libPeriphDriver_softfp.a(spi_ai87_v2.o)
                0x10006140                MXC_SPI_SetWidth
 .text.MXC_SPI_SetMode
                0x1000616c       0x10 C:/MaximSDK/Libraries/PeriphDrivers/bin/MAX78002/softfp/libPeriphDriver_softfp.a(spi_ai87_v2.o)
                0x1000616c                MXC_SPI_SetMode
 .text.MXC_SPI_RevA2_resetStateStruct
                0x1000617c       0x60 C:/MaximSDK/Libraries/PeriphDrivers/bin/MAX78002/softfp/libPeriphDriver_softfp.a(spi_reva2.o)
 .text.MXC_SPI_RevA2_writeTXFIFO16
                0x100061dc       0x74 C:/MaximSDK/Libraries/PeriphDrivers/bin/MAX78002/softfp/libPeriphDriver_softfp.a(spi_reva2.o)
 .text.MXC_SPI_RevA2_process
                0x10006250      0x1ac C:/MaximSDK/Libraries/PeriphDrivers/bin/MAX78002/softfp/libPeriphDriver_softfp.a(spi_reva2.o)
 .text.MXC_SPI_RevA2_Init
                0x100063fc      0x308 C:/MaximSDK/Libraries/PeriphDrivers/bin/MAX78002/softfp/libPeriphDriver_softfp.a(spi_reva2.o)
                0x100063fc                MXC_SPI_RevA2_Init
 .text.MXC_SPI_RevA2_Shutdown
                0x10006704       0xa8 C:/MaximSDK/Libraries/PeriphDrivers/bin/MAX78002/softfp/libPeriphDriver_softfp.a(spi_reva2.o)
                0x10006704                MXC_SPI_RevA2_Shutdown
 .text.MXC_SPI_RevA2_SetFrequency
                0x100067ac       0x94 C:/MaximSDK/Libraries/PeriphDrivers/bin/MAX78002/softfp/libPeriphDriver_softfp.a(spi_reva2.o)
                0x100067ac                MXC_SPI_RevA2_SetFrequency
 .text.MXC_SPI_RevA2_SetFrameSize
                0x10006840       0x80 C:/MaximSDK/Libraries/PeriphDrivers/bin/MAX78002/softfp/libPeriphDriver_softfp.a(spi_reva2.o)
                0x10006840                MXC_SPI_RevA2_SetFrameSize
 .text.MXC_SPI_RevA2_SetInterface
                0x100068c0       0x6c C:/MaximSDK/Libraries/PeriphDrivers/bin/MAX78002/softfp/libPeriphDriver_softfp.a(spi_reva2.o)
                0x100068c0                MXC_SPI_RevA2_SetInterface
 .text.MXC_SPI_RevA2_SetClkMode
                0x1000692c       0x88 C:/MaximSDK/Libraries/PeriphDrivers/bin/MAX78002/softfp/libPeriphDriver_softfp.a(spi_reva2.o)
                0x1000692c                MXC_SPI_RevA2_SetClkMode
 .text.MXC_SPI_RevA2_ControllerTransaction
                0x100069b4      0x1d8 C:/MaximSDK/Libraries/PeriphDrivers/bin/MAX78002/softfp/libPeriphDriver_softfp.a(spi_reva2.o)
                0x100069b4                MXC_SPI_RevA2_ControllerTransaction
 .text.MXC_SPI_RevA2_ControllerTransactionB
                0x10006b8c       0x54 C:/MaximSDK/Libraries/PeriphDrivers/bin/MAX78002/softfp/libPeriphDriver_softfp.a(spi_reva2.o)
                0x10006b8c                MXC_SPI_RevA2_ControllerTransactionB
 .text.MXC_SPI_RevA2_Handler
                0x10006be0       0xd0 C:/MaximSDK/Libraries/PeriphDrivers/bin/MAX78002/softfp/libPeriphDriver_softfp.a(spi_reva2.o)
                0x10006be0                MXC_SPI_RevA2_Handler
 .text.MXC_UART_Shutdown
                0x10006cb0       0x70 C:/MaximSDK/Libraries/PeriphDrivers/bin/MAX78002/softfp/libPeriphDriver_softfp.a(uart_ai87.o)
                0x10006cb0                MXC_UART_Shutdown
 .text.MXC_UART_Init
                0x10006d20       0xb8 C:/MaximSDK/Libraries/PeriphDrivers/bin/MAX78002/softfp/libPeriphDriver_softfp.a(uart_ai87.o)
                0x10006d20                MXC_UART_Init
 .text.MXC_UART_SetFrequency
                0x10006dd8       0xd0 C:/MaximSDK/Libraries/PeriphDrivers/bin/MAX78002/softfp/libPeriphDriver_softfp.a(uart_ai87.o)
                0x10006dd8                MXC_UART_SetFrequency
 .text.MXC_UART_GetFrequency
                0x10006ea8       0x5c C:/MaximSDK/Libraries/PeriphDrivers/bin/MAX78002/softfp/libPeriphDriver_softfp.a(uart_ai87.o)
                0x10006ea8                MXC_UART_GetFrequency
 .text.MXC_UART_SetDataSize
                0x10006f04        0x4 C:/MaximSDK/Libraries/PeriphDrivers/bin/MAX78002/softfp/libPeriphDriver_softfp.a(uart_ai87.o)
                0x10006f04                MXC_UART_SetDataSize
 .text.MXC_UART_SetStopBits
                0x10006f08        0x4 C:/MaximSDK/Libraries/PeriphDrivers/bin/MAX78002/softfp/libPeriphDriver_softfp.a(uart_ai87.o)
                0x10006f08                MXC_UART_SetStopBits
 .text.MXC_UART_SetParity
                0x10006f0c        0x4 C:/MaximSDK/Libraries/PeriphDrivers/bin/MAX78002/softfp/libPeriphDriver_softfp.a(uart_ai87.o)
                0x10006f0c                MXC_UART_SetParity
 .text.MXC_UART_ReadCharacterRaw
                0x10006f10        0x4 C:/MaximSDK/Libraries/PeriphDrivers/bin/MAX78002/softfp/libPeriphDriver_softfp.a(uart_ai87.o)
                0x10006f10                MXC_UART_ReadCharacterRaw
 .text.MXC_UART_WriteCharacterRaw
                0x10006f14        0x4 C:/MaximSDK/Libraries/PeriphDrivers/bin/MAX78002/softfp/libPeriphDriver_softfp.a(uart_ai87.o)
                0x10006f14                MXC_UART_WriteCharacterRaw
 .text.MXC_UART_ReadCharacter
                0x10006f18        0x4 C:/MaximSDK/Libraries/PeriphDrivers/bin/MAX78002/softfp/libPeriphDriver_softfp.a(uart_ai87.o)
                0x10006f18                MXC_UART_ReadCharacter
 .text.MXC_UART_WriteCharacter
                0x10006f1c        0x4 C:/MaximSDK/Libraries/PeriphDrivers/bin/MAX78002/softfp/libPeriphDriver_softfp.a(uart_ai87.o)
                0x10006f1c                MXC_UART_WriteCharacter
 .text.MXC_UART_GetRXFIFOAvailable
                0x10006f20        0x4 C:/MaximSDK/Libraries/PeriphDrivers/bin/MAX78002/softfp/libPeriphDriver_softfp.a(uart_ai87.o)
                0x10006f20                MXC_UART_GetRXFIFOAvailable
 .text.MXC_UART_GetTXFIFOAvailable
                0x10006f24        0x4 C:/MaximSDK/Libraries/PeriphDrivers/bin/MAX78002/softfp/libPeriphDriver_softfp.a(uart_ai87.o)
                0x10006f24                MXC_UART_GetTXFIFOAvailable
 .text.MXC_UART_SetRXThreshold
                0x10006f28        0x4 C:/MaximSDK/Libraries/PeriphDrivers/bin/MAX78002/softfp/libPeriphDriver_softfp.a(uart_ai87.o)
                0x10006f28                MXC_UART_SetRXThreshold
 .text.MXC_UART_Common_ReadCharacter
                0x10006f2c       0x18 C:/MaximSDK/Libraries/PeriphDrivers/bin/MAX78002/softfp/libPeriphDriver_softfp.a(uart_common.o)
                0x10006f2c                MXC_UART_Common_ReadCharacter
 .text.MXC_UART_Common_WriteCharacter
                0x10006f44       0x1c C:/MaximSDK/Libraries/PeriphDrivers/bin/MAX78002/softfp/libPeriphDriver_softfp.a(uart_common.o)
                0x10006f44                MXC_UART_Common_WriteCharacter
 .text.MXC_UART_RevB_Init
                0x10006f60       0x70 C:/MaximSDK/Libraries/PeriphDrivers/bin/MAX78002/softfp/libPeriphDriver_softfp.a(uart_revb.o)
                0x10006f60                MXC_UART_RevB_Init
 .text.MXC_UART_RevB_SetFrequency
                0x10006fd0       0x9c C:/MaximSDK/Libraries/PeriphDrivers/bin/MAX78002/softfp/libPeriphDriver_softfp.a(uart_revb.o)
                0x10006fd0                MXC_UART_RevB_SetFrequency
 .text.MXC_UART_RevB_GetFrequency
                0x1000706c       0x7c C:/MaximSDK/Libraries/PeriphDrivers/bin/MAX78002/softfp/libPeriphDriver_softfp.a(uart_revb.o)
                0x1000706c                MXC_UART_RevB_GetFrequency
 .text.MXC_UART_RevB_SetDataSize
                0x100070e8       0x40 C:/MaximSDK/Libraries/PeriphDrivers/bin/MAX78002/softfp/libPeriphDriver_softfp.a(uart_revb.o)
                0x100070e8                MXC_UART_RevB_SetDataSize
 .text.MXC_UART_RevB_SetStopBits
                0x10007128       0x4c C:/MaximSDK/Libraries/PeriphDrivers/bin/MAX78002/softfp/libPeriphDriver_softfp.a(uart_revb.o)
                0x10007128                MXC_UART_RevB_SetStopBits
 .text.MXC_UART_RevB_SetParity
                0x10007174       0xb4 C:/MaximSDK/Libraries/PeriphDrivers/bin/MAX78002/softfp/libPeriphDriver_softfp.a(uart_revb.o)
                0x10007174                MXC_UART_RevB_SetParity
 .text.MXC_UART_RevB_ReadCharacterRaw
                0x10007228       0x38 C:/MaximSDK/Libraries/PeriphDrivers/bin/MAX78002/softfp/libPeriphDriver_softfp.a(uart_revb.o)
                0x10007228                MXC_UART_RevB_ReadCharacterRaw
 .text.MXC_UART_RevB_WriteCharacterRaw
                0x10007260       0x3c C:/MaximSDK/Libraries/PeriphDrivers/bin/MAX78002/softfp/libPeriphDriver_softfp.a(uart_revb.o)
                0x10007260                MXC_UART_RevB_WriteCharacterRaw
 .text.MXC_UART_RevB_GetRXFIFOAvailable
                0x1000729c        0x8 C:/MaximSDK/Libraries/PeriphDrivers/bin/MAX78002/softfp/libPeriphDriver_softfp.a(uart_revb.o)
                0x1000729c                MXC_UART_RevB_GetRXFIFOAvailable
 .text.MXC_UART_RevB_GetTXFIFOAvailable
                0x100072a4        0xc C:/MaximSDK/Libraries/PeriphDrivers/bin/MAX78002/softfp/libPeriphDriver_softfp.a(uart_revb.o)
                0x100072a4                MXC_UART_RevB_GetTXFIFOAvailable
 .text.MXC_UART_RevB_SetRXThreshold
                0x100072b0       0x40 C:/MaximSDK/Libraries/PeriphDrivers/bin/MAX78002/softfp/libPeriphDriver_softfp.a(uart_revb.o)
                0x100072b0                MXC_UART_RevB_SetRXThreshold
 .text.MXC_GetLock
                0x100072f0       0x1c C:/MaximSDK/Libraries/PeriphDrivers/bin/MAX78002/softfp/libPeriphDriver_softfp.a(mxc_lock.o)
                0x100072f0                MXC_GetLock
 .text.MXC_FreeLock
                0x1000730c        0xc C:/MaximSDK/Libraries/PeriphDrivers/bin/MAX78002/softfp/libPeriphDriver_softfp.a(mxc_lock.o)
                0x1000730c                MXC_FreeLock
 .text.MXC_GPIO_Common_Init
                0x10007318       0x24 C:/MaximSDK/Libraries/PeriphDrivers/bin/MAX78002/softfp/libPeriphDriver_softfp.a(gpio_common.o)
                0x10007318                MXC_GPIO_Common_Init
 .text.MXC_GPIO_Common_Handler
                0x1000733c       0x88 C:/MaximSDK/Libraries/PeriphDrivers/bin/MAX78002/softfp/libPeriphDriver_softfp.a(gpio_common.o)
                0x1000733c                MXC_GPIO_Common_Handler
 .text.__assert_func
                0x100073c4       0x40 c:/maximsdk/tools/gnutools/10.3/bin/../lib/gcc/arm-none-eabi/10.3.1/../../../../arm-none-eabi/lib/thumb/v7e-m+fp/softfp\libc.a(lib_a-assert.o)
                0x100073c4                __assert_func
 .text.__errno  0x10007404        0xc c:/maximsdk/tools/gnutools/10.3/bin/../lib/gcc/arm-none-eabi/10.3.1/../../../../arm-none-eabi/lib/thumb/v7e-m+fp/softfp\libc.a(lib_a-errno.o)
                0x10007404                __errno
 .text.fiprintf
                0x10007410       0x28 c:/maximsdk/tools/gnutools/10.3/bin/../lib/gcc/arm-none-eabi/10.3.1/../../../../arm-none-eabi/lib/thumb/v7e-m+fp/softfp\libc.a(lib_a-fiprintf.o)
                0x10007410                fiprintf
 .text.__libc_init_array
                0x10007438       0x48 c:/maximsdk/tools/gnutools/10.3/bin/../lib/gcc/arm-none-eabi/10.3.1/../../../../arm-none-eabi/lib/thumb/v7e-m+fp/softfp\libc.a(lib_a-init.o)
                0x10007438                __libc_init_array
 .text.malloc   0x10007480       0x10 c:/maximsdk/tools/gnutools/10.3/bin/../lib/gcc/arm-none-eabi/10.3.1/../../../../arm-none-eabi/lib/thumb/v7e-m+fp/softfp\libc.a(lib_a-malloc.o)
                0x10007480                malloc
 .text.free     0x10007490       0x10 c:/maximsdk/tools/gnutools/10.3/bin/../lib/gcc/arm-none-eabi/10.3.1/../../../../arm-none-eabi/lib/thumb/v7e-m+fp/softfp\libc.a(lib_a-malloc.o)
                0x10007490                free
 .text._malloc_r
                0x100074a0      0x560 c:/maximsdk/tools/gnutools/10.3/bin/../lib/gcc/arm-none-eabi/10.3.1/../../../../arm-none-eabi/lib/thumb/v7e-m+fp/softfp\libc.a(lib_a-mallocr.o)
                0x100074a0                _malloc_r
 .text.memcmp   0x10007a00       0x64 c:/maximsdk/tools/gnutools/10.3/bin/../lib/gcc/arm-none-eabi/10.3.1/../../../../arm-none-eabi/lib/thumb/v7e-m+fp/softfp\libc.a(lib_a-memcmp.o)
                0x10007a00                memcmp
 .text          0x10007a64      0x134 c:/maximsdk/tools/gnutools/10.3/bin/../lib/gcc/arm-none-eabi/10.3.1/../../../../arm-none-eabi/lib/thumb/v7e-m+fp/softfp\libc.a(lib_a-memcpy.o)
                0x10007a64                memcpy
 .text.memset   0x10007b98       0xa4 c:/maximsdk/tools/gnutools/10.3/bin/../lib/gcc/arm-none-eabi/10.3.1/../../../../arm-none-eabi/lib/thumb/v7e-m+fp/softfp\libc.a(lib_a-memset.o)
                0x10007b98                memset
 .text.__malloc_lock
                0x10007c3c        0xc c:/maximsdk/tools/gnutools/10.3/bin/../lib/gcc/arm-none-eabi/10.3.1/../../../../arm-none-eabi/lib/thumb/v7e-m+fp/softfp\libc.a(lib_a-mlock.o)
                0x10007c3c                __malloc_lock
 .text.__malloc_unlock
                0x10007c48        0xc c:/maximsdk/tools/gnutools/10.3/bin/../lib/gcc/arm-none-eabi/10.3.1/../../../../arm-none-eabi/lib/thumb/v7e-m+fp/softfp\libc.a(lib_a-mlock.o)
                0x10007c48                __malloc_unlock
 .text.printf   0x10007c54       0x28 c:/maximsdk/tools/gnutools/10.3/bin/../lib/gcc/arm-none-eabi/10.3.1/../../../../arm-none-eabi/lib/thumb/v7e-m+fp/softfp\libc.a(lib_a-printf.o)
                0x10007c54                printf
 .text._puts_r  0x10007c7c       0x9c c:/maximsdk/tools/gnutools/10.3/bin/../lib/gcc/arm-none-eabi/10.3.1/../../../../arm-none-eabi/lib/thumb/v7e-m+fp/softfp\libc.a(lib_a-puts.o)
                0x10007c7c                _puts_r
 .text.puts     0x10007d18       0x10 c:/maximsdk/tools/gnutools/10.3/bin/../lib/gcc/arm-none-eabi/10.3.1/../../../../arm-none-eabi/lib/thumb/v7e-m+fp/softfp\libc.a(lib_a-puts.o)
                0x10007d18                puts
 .text._sbrk_r  0x10007d28       0x24 c:/maximsdk/tools/gnutools/10.3/bin/../lib/gcc/arm-none-eabi/10.3.1/../../../../arm-none-eabi/lib/thumb/v7e-m+fp/softfp\libc.a(lib_a-sbrkr.o)
                0x10007d28                _sbrk_r
 .text.strchr   0x10007d4c       0xcc c:/maximsdk/tools/gnutools/10.3/bin/../lib/gcc/arm-none-eabi/10.3.1/../../../../arm-none-eabi/lib/thumb/v7e-m+fp/softfp\libc.a(lib_a-strchr.o)
                0x10007d4c                strchr
 .text.strcspn  0x10007e18       0x34 c:/maximsdk/tools/gnutools/10.3/bin/../lib/gcc/arm-none-eabi/10.3.1/../../../../arm-none-eabi/lib/thumb/v7e-m+fp/softfp\libc.a(lib_a-strcspn.o)
                0x10007e18                strcspn
 *fill*         0x10007e4c       0x34 
 .text          0x10007e80       0xdc c:/maximsdk/tools/gnutools/10.3/bin/../lib/gcc/arm-none-eabi/10.3.1/../../../../arm-none-eabi/lib/thumb/v7e-m+fp/softfp\libc.a(lib_a-strlen.o)
                0x10007e80                strlen
 .text.strspn   0x10007f5c       0x30 c:/maximsdk/tools/gnutools/10.3/bin/../lib/gcc/arm-none-eabi/10.3.1/../../../../arm-none-eabi/lib/thumb/v7e-m+fp/softfp\libc.a(lib_a-strspn.o)
                0x10007f5c                strspn
 .text.__sprint_r.part.0
                0x10007f8c       0x78 c:/maximsdk/tools/gnutools/10.3/bin/../lib/gcc/arm-none-eabi/10.3.1/../../../../arm-none-eabi/lib/thumb/v7e-m+fp/softfp\libc.a(lib_a-vfiprintf.o)
 .text.__sprint_r
                0x10008004       0x18 c:/maximsdk/tools/gnutools/10.3/bin/../lib/gcc/arm-none-eabi/10.3.1/../../../../arm-none-eabi/lib/thumb/v7e-m+fp/softfp\libc.a(lib_a-vfiprintf.o)
                0x10008004                __sprint_r
 .text._vfiprintf_r
                0x1000801c      0xdfc c:/maximsdk/tools/gnutools/10.3/bin/../lib/gcc/arm-none-eabi/10.3.1/../../../../arm-none-eabi/lib/thumb/v7e-m+fp/softfp\libc.a(lib_a-vfiprintf.o)
                0x1000801c                _vfiprintf_r
 .text.__sbprintf
                0x10008e18       0x80 c:/maximsdk/tools/gnutools/10.3/bin/../lib/gcc/arm-none-eabi/10.3.1/../../../../arm-none-eabi/lib/thumb/v7e-m+fp/softfp\libc.a(lib_a-vfiprintf.o)
 .text._vfprintf_r
                0x10008e98     0x1b8c c:/maximsdk/tools/gnutools/10.3/bin/../lib/gcc/arm-none-eabi/10.3.1/../../../../arm-none-eabi/lib/thumb/v7e-m+fp/softfp\libc.a(lib_a-vfprintf.o)
                0x10008e98                _vfprintf_r
 .text.__sbprintf
                0x1000aa24       0x80 c:/maximsdk/tools/gnutools/10.3/bin/../lib/gcc/arm-none-eabi/10.3.1/../../../../arm-none-eabi/lib/thumb/v7e-m+fp/softfp\libc.a(lib_a-vfprintf.o)
 .text.__swsetup_r
                0x1000aaa4       0xd4 c:/maximsdk/tools/gnutools/10.3/bin/../lib/gcc/arm-none-eabi/10.3.1/../../../../arm-none-eabi/lib/thumb/v7e-m+fp/softfp\libc.a(lib_a-wsetup.o)
                0x1000aaa4                __swsetup_r
 .text.startup.register_fini
                0x1000ab78       0x14 c:/maximsdk/tools/gnutools/10.3/bin/../lib/gcc/arm-none-eabi/10.3.1/../../../../arm-none-eabi/lib/thumb/v7e-m+fp/softfp\libc.a(lib_a-__call_atexit.o)
 .text.abort    0x1000ab8c       0x10 c:/maximsdk/tools/gnutools/10.3/bin/../lib/gcc/arm-none-eabi/10.3.1/../../../../arm-none-eabi/lib/thumb/v7e-m+fp/softfp\libc.a(lib_a-abort.o)
                0x1000ab8c                abort
 .text.atexit   0x1000ab9c        0xc c:/maximsdk/tools/gnutools/10.3/bin/../lib/gcc/arm-none-eabi/10.3.1/../../../../arm-none-eabi/lib/thumb/v7e-m+fp/softfp\libc.a(lib_a-atexit.o)
                0x1000ab9c                atexit
 .text.quorem   0x1000aba8      0x128 c:/maximsdk/tools/gnutools/10.3/bin/../lib/gcc/arm-none-eabi/10.3.1/../../../../arm-none-eabi/lib/thumb/v7e-m+fp/softfp\libc.a(lib_a-dtoa.o)
 .text._dtoa_r  0x1000acd0      0xf34 c:/maximsdk/tools/gnutools/10.3/bin/../lib/gcc/arm-none-eabi/10.3.1/../../../../arm-none-eabi/lib/thumb/v7e-m+fp/softfp\libc.a(lib_a-dtoa.o)
                0x1000acd0                _dtoa_r
 .text.__sflush_r
                0x1000bc04      0x130 c:/maximsdk/tools/gnutools/10.3/bin/../lib/gcc/arm-none-eabi/10.3.1/../../../../arm-none-eabi/lib/thumb/v7e-m+fp/softfp\libc.a(lib_a-fflush.o)
                0x1000bc04                __sflush_r
 .text._fflush_r
                0x1000bd34       0x5c c:/maximsdk/tools/gnutools/10.3/bin/../lib/gcc/arm-none-eabi/10.3.1/../../../../arm-none-eabi/lib/thumb/v7e-m+fp/softfp\libc.a(lib_a-fflush.o)
                0x1000bd34                _fflush_r
 .text._cleanup_r
                0x1000bd90        0xc c:/maximsdk/tools/gnutools/10.3/bin/../lib/gcc/arm-none-eabi/10.3.1/../../../../arm-none-eabi/lib/thumb/v7e-m+fp/softfp\libc.a(lib_a-findfp.o)
                0x1000bd90                _cleanup_r
 .text.__sinit  0x1000bd9c      0x10c c:/maximsdk/tools/gnutools/10.3/bin/../lib/gcc/arm-none-eabi/10.3.1/../../../../arm-none-eabi/lib/thumb/v7e-m+fp/softfp\libc.a(lib_a-findfp.o)
                0x1000bd9c                __sinit
 .text.__sfp_lock_acquire
                0x1000bea8        0xc c:/maximsdk/tools/gnutools/10.3/bin/../lib/gcc/arm-none-eabi/10.3.1/../../../../arm-none-eabi/lib/thumb/v7e-m+fp/softfp\libc.a(lib_a-findfp.o)
                0x1000bea8                __sfp_lock_acquire
 .text.__sfp_lock_release
                0x1000beb4        0xc c:/maximsdk/tools/gnutools/10.3/bin/../lib/gcc/arm-none-eabi/10.3.1/../../../../arm-none-eabi/lib/thumb/v7e-m+fp/softfp\libc.a(lib_a-findfp.o)
                0x1000beb4                __sfp_lock_release
 .text.__libc_fini_array
                0x1000bec0       0x2c c:/maximsdk/tools/gnutools/10.3/bin/../lib/gcc/arm-none-eabi/10.3.1/../../../../arm-none-eabi/lib/thumb/v7e-m+fp/softfp\libc.a(lib_a-fini.o)
                0x1000bec0                __libc_fini_array
 .text.__fputwc
                0x1000beec       0xa8 c:/maximsdk/tools/gnutools/10.3/bin/../lib/gcc/arm-none-eabi/10.3.1/../../../../arm-none-eabi/lib/thumb/v7e-m+fp/softfp\libc.a(lib_a-fputwc.o)
                0x1000beec                __fputwc
 .text._fputwc_r
                0x1000bf94       0x68 c:/maximsdk/tools/gnutools/10.3/bin/../lib/gcc/arm-none-eabi/10.3.1/../../../../arm-none-eabi/lib/thumb/v7e-m+fp/softfp\libc.a(lib_a-fputwc.o)
                0x1000bf94                _fputwc_r
 .text._malloc_trim_r
                0x1000bffc       0xa0 c:/maximsdk/tools/gnutools/10.3/bin/../lib/gcc/arm-none-eabi/10.3.1/../../../../arm-none-eabi/lib/thumb/v7e-m+fp/softfp\libc.a(lib_a-freer.o)
                0x1000bffc                _malloc_trim_r
 .text._free_r  0x1000c09c      0x20c c:/maximsdk/tools/gnutools/10.3/bin/../lib/gcc/arm-none-eabi/10.3.1/../../../../arm-none-eabi/lib/thumb/v7e-m+fp/softfp\libc.a(lib_a-freer.o)
                0x1000c09c                _free_r
 .text.__sfvwrite_r
                0x1000c2a8      0x2f0 c:/maximsdk/tools/gnutools/10.3/bin/../lib/gcc/arm-none-eabi/10.3.1/../../../../arm-none-eabi/lib/thumb/v7e-m+fp/softfp\libc.a(lib_a-fvwrite.o)
                0x1000c2a8                __sfvwrite_r
 .text._fwalk_reent
                0x1000c598       0x48 c:/maximsdk/tools/gnutools/10.3/bin/../lib/gcc/arm-none-eabi/10.3.1/../../../../arm-none-eabi/lib/thumb/v7e-m+fp/softfp\libc.a(lib_a-fwalk.o)
                0x1000c598                _fwalk_reent
 .text.__locale_mb_cur_max
                0x1000c5e0        0xc c:/maximsdk/tools/gnutools/10.3/bin/../lib/gcc/arm-none-eabi/10.3.1/../../../../arm-none-eabi/lib/thumb/v7e-m+fp/softfp\libc.a(lib_a-locale.o)
                0x1000c5e0                __locale_mb_cur_max
 .text._localeconv_r
                0x1000c5ec        0x8 c:/maximsdk/tools/gnutools/10.3/bin/../lib/gcc/arm-none-eabi/10.3.1/../../../../arm-none-eabi/lib/thumb/v7e-m+fp/softfp\libc.a(lib_a-localeconv.o)
                0x1000c5ec                _localeconv_r
 .text.__retarget_lock_init_recursive
                0x1000c5f4        0x4 c:/maximsdk/tools/gnutools/10.3/bin/../lib/gcc/arm-none-eabi/10.3.1/../../../../arm-none-eabi/lib/thumb/v7e-m+fp/softfp\libc.a(lib_a-lock.o)
                0x1000c5f4                __retarget_lock_init_recursive
 .text.__retarget_lock_close_recursive
                0x1000c5f8        0x4 c:/maximsdk/tools/gnutools/10.3/bin/../lib/gcc/arm-none-eabi/10.3.1/../../../../arm-none-eabi/lib/thumb/v7e-m+fp/softfp\libc.a(lib_a-lock.o)
                0x1000c5f8                __retarget_lock_close_recursive
 .text.__retarget_lock_acquire_recursive
                0x1000c5fc        0x4 c:/maximsdk/tools/gnutools/10.3/bin/../lib/gcc/arm-none-eabi/10.3.1/../../../../arm-none-eabi/lib/thumb/v7e-m+fp/softfp\libc.a(lib_a-lock.o)
                0x1000c5fc                __retarget_lock_acquire_recursive
 .text.__retarget_lock_release_recursive
                0x1000c600        0x4 c:/maximsdk/tools/gnutools/10.3/bin/../lib/gcc/arm-none-eabi/10.3.1/../../../../arm-none-eabi/lib/thumb/v7e-m+fp/softfp\libc.a(lib_a-lock.o)
                0x1000c600                __retarget_lock_release_recursive
 .text.__smakebuf_r
                0x1000c604       0xe0 c:/maximsdk/tools/gnutools/10.3/bin/../lib/gcc/arm-none-eabi/10.3.1/../../../../arm-none-eabi/lib/thumb/v7e-m+fp/softfp\libc.a(lib_a-makebuf.o)
                0x1000c604                __smakebuf_r
 .text.__ascii_mbtowc
                0x1000c6e4       0x2c c:/maximsdk/tools/gnutools/10.3/bin/../lib/gcc/arm-none-eabi/10.3.1/../../../../arm-none-eabi/lib/thumb/v7e-m+fp/softfp\libc.a(lib_a-mbtowc_r.o)
                0x1000c6e4                __ascii_mbtowc
 .text          0x1000c710       0xa0 c:/maximsdk/tools/gnutools/10.3/bin/../lib/gcc/arm-none-eabi/10.3.1/../../../../arm-none-eabi/lib/thumb/v7e-m+fp/softfp\libc.a(lib_a-memchr.o)
                0x1000c710                memchr
 .text.memmove  0x1000c7b0       0xf8 c:/maximsdk/tools/gnutools/10.3/bin/../lib/gcc/arm-none-eabi/10.3.1/../../../../arm-none-eabi/lib/thumb/v7e-m+fp/softfp\libc.a(lib_a-memmove.o)
                0x1000c7b0                memmove
 .text._Balloc  0x1000c8a8       0x4c c:/maximsdk/tools/gnutools/10.3/bin/../lib/gcc/arm-none-eabi/10.3.1/../../../../arm-none-eabi/lib/thumb/v7e-m+fp/softfp\libc.a(lib_a-mprec.o)
                0x1000c8a8                _Balloc
 .text._Bfree   0x1000c8f4       0x14 c:/maximsdk/tools/gnutools/10.3/bin/../lib/gcc/arm-none-eabi/10.3.1/../../../../arm-none-eabi/lib/thumb/v7e-m+fp/softfp\libc.a(lib_a-mprec.o)
                0x1000c8f4                _Bfree
 .text.__multadd
                0x1000c908       0xa8 c:/maximsdk/tools/gnutools/10.3/bin/../lib/gcc/arm-none-eabi/10.3.1/../../../../arm-none-eabi/lib/thumb/v7e-m+fp/softfp\libc.a(lib_a-mprec.o)
                0x1000c908                __multadd
 .text.__hi0bits
                0x1000c9b0       0x40 c:/maximsdk/tools/gnutools/10.3/bin/../lib/gcc/arm-none-eabi/10.3.1/../../../../arm-none-eabi/lib/thumb/v7e-m+fp/softfp\libc.a(lib_a-mprec.o)
                0x1000c9b0                __hi0bits
 .text.__lo0bits
                0x1000c9f0       0x60 c:/maximsdk/tools/gnutools/10.3/bin/../lib/gcc/arm-none-eabi/10.3.1/../../../../arm-none-eabi/lib/thumb/v7e-m+fp/softfp\libc.a(lib_a-mprec.o)
                0x1000c9f0                __lo0bits
 .text.__i2b    0x1000ca50       0x5c c:/maximsdk/tools/gnutools/10.3/bin/../lib/gcc/arm-none-eabi/10.3.1/../../../../arm-none-eabi/lib/thumb/v7e-m+fp/softfp\libc.a(lib_a-mprec.o)
                0x1000ca50                __i2b
 .text.__multiply
                0x1000caac      0x15c c:/maximsdk/tools/gnutools/10.3/bin/../lib/gcc/arm-none-eabi/10.3.1/../../../../arm-none-eabi/lib/thumb/v7e-m+fp/softfp\libc.a(lib_a-mprec.o)
                0x1000caac                __multiply
 .text.__pow5mult
                0x1000cc08       0xc0 c:/maximsdk/tools/gnutools/10.3/bin/../lib/gcc/arm-none-eabi/10.3.1/../../../../arm-none-eabi/lib/thumb/v7e-m+fp/softfp\libc.a(lib_a-mprec.o)
                0x1000cc08                __pow5mult
 .text.__lshift
                0x1000ccc8       0xf0 c:/maximsdk/tools/gnutools/10.3/bin/../lib/gcc/arm-none-eabi/10.3.1/../../../../arm-none-eabi/lib/thumb/v7e-m+fp/softfp\libc.a(lib_a-mprec.o)
                0x1000ccc8                __lshift
 .text.__mcmp   0x1000cdb8       0x44 c:/maximsdk/tools/gnutools/10.3/bin/../lib/gcc/arm-none-eabi/10.3.1/../../../../arm-none-eabi/lib/thumb/v7e-m+fp/softfp\libc.a(lib_a-mprec.o)
                0x1000cdb8                __mcmp
 .text.__mdiff  0x1000cdfc      0x14c c:/maximsdk/tools/gnutools/10.3/bin/../lib/gcc/arm-none-eabi/10.3.1/../../../../arm-none-eabi/lib/thumb/v7e-m+fp/softfp\libc.a(lib_a-mprec.o)
                0x1000cdfc                __mdiff
 .text.__d2b    0x1000cf48       0xc4 c:/maximsdk/tools/gnutools/10.3/bin/../lib/gcc/arm-none-eabi/10.3.1/../../../../arm-none-eabi/lib/thumb/v7e-m+fp/softfp\libc.a(lib_a-mprec.o)
                0x1000cf48                __d2b
 .text._realloc_r
                0x1000d00c      0x3d8 c:/maximsdk/tools/gnutools/10.3/bin/../lib/gcc/arm-none-eabi/10.3.1/../../../../arm-none-eabi/lib/thumb/v7e-m+fp/softfp\libc.a(lib_a-reallocr.o)
                0x1000d00c                _realloc_r
 .text.frexp    0x1000d3e4       0x70 c:/maximsdk/tools/gnutools/10.3/bin/../lib/gcc/arm-none-eabi/10.3.1/../../../../arm-none-eabi/lib/thumb/v7e-m+fp/softfp\libc.a(lib_a-s_frexp.o)
                0x1000d3e4                frexp
 .text.raise    0x1000d454       0x5c c:/maximsdk/tools/gnutools/10.3/bin/../lib/gcc/arm-none-eabi/10.3.1/../../../../arm-none-eabi/lib/thumb/v7e-m+fp/softfp\libc.a(lib_a-signal.o)
                0x1000d454                raise
 .text._kill_r  0x1000d4b0       0x2c c:/maximsdk/tools/gnutools/10.3/bin/../lib/gcc/arm-none-eabi/10.3.1/../../../../arm-none-eabi/lib/thumb/v7e-m+fp/softfp\libc.a(lib_a-signalr.o)
                0x1000d4b0                _kill_r
 .text._getpid_r
                0x1000d4dc        0x4 c:/maximsdk/tools/gnutools/10.3/bin/../lib/gcc/arm-none-eabi/10.3.1/../../../../arm-none-eabi/lib/thumb/v7e-m+fp/softfp\libc.a(lib_a-signalr.o)
                0x1000d4dc                _getpid_r
 .text.__sread  0x1000d4e0       0x24 c:/maximsdk/tools/gnutools/10.3/bin/../lib/gcc/arm-none-eabi/10.3.1/../../../../arm-none-eabi/lib/thumb/v7e-m+fp/softfp\libc.a(lib_a-stdio.o)
                0x1000d4e0                __sread
 .text.__swrite
                0x1000d504       0x40 c:/maximsdk/tools/gnutools/10.3/bin/../lib/gcc/arm-none-eabi/10.3.1/../../../../arm-none-eabi/lib/thumb/v7e-m+fp/softfp\libc.a(lib_a-stdio.o)
                0x1000d504                __swrite
 .text.__sseek  0x1000d544       0x20 c:/maximsdk/tools/gnutools/10.3/bin/../lib/gcc/arm-none-eabi/10.3.1/../../../../arm-none-eabi/lib/thumb/v7e-m+fp/softfp\libc.a(lib_a-stdio.o)
                0x1000d544                __sseek
 .text.__sclose
                0x1000d564        0x8 c:/maximsdk/tools/gnutools/10.3/bin/../lib/gcc/arm-none-eabi/10.3.1/../../../../arm-none-eabi/lib/thumb/v7e-m+fp/softfp\libc.a(lib_a-stdio.o)
                0x1000d564                __sclose
 .text.strncpy  0x1000d56c       0x64 c:/maximsdk/tools/gnutools/10.3/bin/../lib/gcc/arm-none-eabi/10.3.1/../../../../arm-none-eabi/lib/thumb/v7e-m+fp/softfp\libc.a(lib_a-strncpy.o)
                0x1000d56c                strncpy
 .text.__swbuf_r
                0x1000d5d0       0xb0 c:/maximsdk/tools/gnutools/10.3/bin/../lib/gcc/arm-none-eabi/10.3.1/../../../../arm-none-eabi/lib/thumb/v7e-m+fp/softfp\libc.a(lib_a-wbuf.o)
                0x1000d5d0                __swbuf_r
 .text._wcrtomb_r
                0x1000d680       0x3c c:/maximsdk/tools/gnutools/10.3/bin/../lib/gcc/arm-none-eabi/10.3.1/../../../../arm-none-eabi/lib/thumb/v7e-m+fp/softfp\libc.a(lib_a-wcrtomb.o)
                0x1000d680                _wcrtomb_r
 .text.__ascii_wctomb
                0x1000d6bc       0x1c c:/maximsdk/tools/gnutools/10.3/bin/../lib/gcc/arm-none-eabi/10.3.1/../../../../arm-none-eabi/lib/thumb/v7e-m+fp/softfp\libc.a(lib_a-wctomb_r.o)
                0x1000d6bc                __ascii_wctomb
 .text._write_r
                0x1000d6d8       0x2c c:/maximsdk/tools/gnutools/10.3/bin/../lib/gcc/arm-none-eabi/10.3.1/../../../../arm-none-eabi/lib/thumb/v7e-m+fp/softfp\libc.a(lib_a-writer.o)
                0x1000d6d8                _write_r
 .text.__register_exitproc
                0x1000d704       0x8c c:/maximsdk/tools/gnutools/10.3/bin/../lib/gcc/arm-none-eabi/10.3.1/../../../../arm-none-eabi/lib/thumb/v7e-m+fp/softfp\libc.a(lib_a-__atexit.o)
                0x1000d704                __register_exitproc
 .text._calloc_r
                0x1000d790       0x78 c:/maximsdk/tools/gnutools/10.3/bin/../lib/gcc/arm-none-eabi/10.3.1/../../../../arm-none-eabi/lib/thumb/v7e-m+fp/softfp\libc.a(lib_a-callocr.o)
                0x1000d790                _calloc_r
 .text._close_r
                0x1000d808       0x24 c:/maximsdk/tools/gnutools/10.3/bin/../lib/gcc/arm-none-eabi/10.3.1/../../../../arm-none-eabi/lib/thumb/v7e-m+fp/softfp\libc.a(lib_a-closer.o)
                0x1000d808                _close_r
 .text._fclose_r
                0x1000d82c       0xcc c:/maximsdk/tools/gnutools/10.3/bin/../lib/gcc/arm-none-eabi/10.3.1/../../../../arm-none-eabi/lib/thumb/v7e-m+fp/softfp\libc.a(lib_a-fclose.o)
                0x1000d82c                _fclose_r
 .text._fstat_r
                0x1000d8f8       0x2c c:/maximsdk/tools/gnutools/10.3/bin/../lib/gcc/arm-none-eabi/10.3.1/../../../../arm-none-eabi/lib/thumb/v7e-m+fp/softfp\libc.a(lib_a-fstatr.o)
                0x1000d8f8                _fstat_r
 .text._isatty_r
                0x1000d924       0x24 c:/maximsdk/tools/gnutools/10.3/bin/../lib/gcc/arm-none-eabi/10.3.1/../../../../arm-none-eabi/lib/thumb/v7e-m+fp/softfp\libc.a(lib_a-isattyr.o)
                0x1000d924                _isatty_r
 .text._lseek_r
                0x1000d948       0x2c c:/maximsdk/tools/gnutools/10.3/bin/../lib/gcc/arm-none-eabi/10.3.1/../../../../arm-none-eabi/lib/thumb/v7e-m+fp/softfp\libc.a(lib_a-lseekr.o)
                0x1000d948                _lseek_r
 .text._read_r  0x1000d974       0x2c c:/maximsdk/tools/gnutools/10.3/bin/../lib/gcc/arm-none-eabi/10.3.1/../../../../arm-none-eabi/lib/thumb/v7e-m+fp/softfp\libc.a(lib_a-readr.o)
                0x1000d974                _read_r
 .text._getpid  0x1000d9a0       0x10 c:/maximsdk/tools/gnutools/10.3/bin/../lib/gcc/arm-none-eabi/10.3.1/../../../../arm-none-eabi/lib/thumb/v7e-m+fp/softfp\libnosys.a(getpid.o)
                0x1000d9a0                _getpid
 .text._kill    0x1000d9b0       0x10 c:/maximsdk/tools/gnutools/10.3/bin/../lib/gcc/arm-none-eabi/10.3.1/../../../../arm-none-eabi/lib/thumb/v7e-m+fp/softfp\libnosys.a(kill.o)
                0x1000d9b0                _kill
 .text._exit    0x1000d9c0        0x4 c:/maximsdk/tools/gnutools/10.3/bin/../lib/gcc/arm-none-eabi/10.3.1/../../../../arm-none-eabi/lib/thumb/v7e-m+fp/softfp\libnosys.a(_exit.o)
                0x1000d9c0                _exit
 .text          0x1000d9c4      0x378 c:/maximsdk/tools/gnutools/10.3/bin/../lib/gcc/arm-none-eabi/10.3.1/thumb/v7e-m+fp/softfp\libgcc.a(_arm_addsubdf3.o)
                0x1000d9c4                __aeabi_drsub
                0x1000d9cc                __aeabi_dsub
                0x1000d9cc                __subdf3
                0x1000d9d0                __aeabi_dadd
                0x1000d9d0                __adddf3
                0x1000dc48                __floatunsidf
                0x1000dc48                __aeabi_ui2d
                0x1000dc68                __floatsidf
                0x1000dc68                __aeabi_i2d
                0x1000dc8c                __aeabi_f2d
                0x1000dc8c                __extendsfdf2
                0x1000dcd0                __floatundidf
                0x1000dcd0                __aeabi_ul2d
                0x1000dce0                __floatdidf
                0x1000dce0                __aeabi_l2d
 .text          0x1000dd3c      0x424 c:/maximsdk/tools/gnutools/10.3/bin/../lib/gcc/arm-none-eabi/10.3.1/thumb/v7e-m+fp/softfp\libgcc.a(_arm_muldivdf3.o)
                0x1000dd3c                __aeabi_dmul
                0x1000dd3c                __muldf3
                0x1000df90                __divdf3
                0x1000df90                __aeabi_ddiv
 .text          0x1000e160      0x110 c:/maximsdk/tools/gnutools/10.3/bin/../lib/gcc/arm-none-eabi/10.3.1/thumb/v7e-m+fp/softfp\libgcc.a(_arm_cmpdf2.o)
                0x1000e160                __gtdf2
                0x1000e160                __gedf2
                0x1000e168                __ltdf2
                0x1000e168                __ledf2
                0x1000e170                __nedf2
                0x1000e170                __eqdf2
                0x1000e170                __cmpdf2
                0x1000e1ec                __aeabi_cdrcmple
                0x1000e1fc                __aeabi_cdcmpeq
                0x1000e1fc                __aeabi_cdcmple
                0x1000e20c                __aeabi_dcmpeq
                0x1000e220                __aeabi_dcmplt
                0x1000e234                __aeabi_dcmple
                0x1000e248                __aeabi_dcmpge
                0x1000e25c                __aeabi_dcmpgt
 .text          0x1000e270       0x2c c:/maximsdk/tools/gnutools/10.3/bin/../lib/gcc/arm-none-eabi/10.3.1/thumb/v7e-m+fp/softfp\libgcc.a(_arm_unorddf2.o)
                0x1000e270                __unorddf2
                0x1000e270                __aeabi_dcmpun
 .text          0x1000e29c       0x50 c:/maximsdk/tools/gnutools/10.3/bin/../lib/gcc/arm-none-eabi/10.3.1/thumb/v7e-m+fp/softfp\libgcc.a(_arm_fixdfsi.o)
                0x1000e29c                __aeabi_d2iz
                0x1000e29c                __fixdfsi
 .text          0x1000e2ec       0x30 c:/maximsdk/tools/gnutools/10.3/bin/../lib/gcc/arm-none-eabi/10.3.1/thumb/v7e-m+fp/softfp\libgcc.a(_aeabi_uldivmod.o)
                0x1000e2ec                __aeabi_uldivmod
 .text          0x1000e31c       0x28 c:/maximsdk/tools/gnutools/10.3/bin/../lib/gcc/arm-none-eabi/10.3.1/thumb/v7e-m+fp/softfp\libgcc.a(_popcountsi2.o)
                0x1000e31c                __popcountsi2
 .text          0x1000e344      0x2d0 c:/maximsdk/tools/gnutools/10.3/bin/../lib/gcc/arm-none-eabi/10.3.1/thumb/v7e-m+fp/softfp\libgcc.a(_udivmoddi4.o)
                0x1000e344                __udivmoddi4
 .text          0x1000e614        0x4 c:/maximsdk/tools/gnutools/10.3/bin/../lib/gcc/arm-none-eabi/10.3.1/thumb/v7e-m+fp/softfp\libgcc.a(_dvmd_tls.o)
                0x1000e614                __aeabi_idiv0
                0x1000e614                __aeabi_ldiv0
 *(.rodata*)
 .rodata.lfs_fs_preporphans.str1.4
                0x1000e618       0x76 c:/Users/mrm/eclipse-workspace/CORIA_APP/build/lfs.o
 *fill*         0x1000e68e        0x2 
 .rodata.lfs_bd_read.part.0.str1.4
                0x1000e690        0x9 c:/Users/mrm/eclipse-workspace/CORIA_APP/build/lfs.o
                                 0x29 (size before relaxing)
 *fill*         0x1000e699        0x3 
 .rodata.lfs_init.str1.4
                0x1000e69c      0x21f c:/Users/mrm/eclipse-workspace/CORIA_APP/build/lfs.o
 *fill*         0x1000e8bb        0x1 
 .rodata.lfs_bd_flush.str1.4
                0x1000e8bc       0x26 c:/Users/mrm/eclipse-workspace/CORIA_APP/build/lfs.o
 *fill*         0x1000e8e2        0x2 
 .rodata.lfs_bd_prog.str1.4
                0x1000e8e4       0x83 c:/Users/mrm/eclipse-workspace/CORIA_APP/build/lfs.o
 *fill*         0x1000e967        0x1 
 .rodata.lfs_dir_traverse.constprop.0.str1.4
                0x1000e968        0x7 c:/Users/mrm/eclipse-workspace/CORIA_APP/build/lfs.o
 *fill*         0x1000e96f        0x1 
 .rodata.lfs_dir_getinfo.str1.4
                0x1000e970        0x2 c:/Users/mrm/eclipse-workspace/CORIA_APP/build/lfs.o
 *fill*         0x1000e972        0x2 
 .rodata.lfs_dir_fetchmatch.str1.4
                0x1000e974       0x35 c:/Users/mrm/eclipse-workspace/CORIA_APP/build/lfs.o
                                 0x39 (size before relaxing)
 *fill*         0x1000e9a9        0x3 
 .rodata.lfs_fs_parent.str1.4
                0x1000e9ac       0x2b c:/Users/mrm/eclipse-workspace/CORIA_APP/build/lfs.o
 *fill*         0x1000e9d7        0x1 
 .rodata.lfs_alloc.str1.4
                0x1000e9d8       0x27 c:/Users/mrm/eclipse-workspace/CORIA_APP/build/lfs.o
 *fill*         0x1000e9ff        0x1 
 .rodata.lfs_file_relocate.str1.4
                0x1000ea00       0x23 c:/Users/mrm/eclipse-workspace/CORIA_APP/build/lfs.o
 *fill*         0x1000ea23        0x1 
 .rodata.lfs_dir_compact.str1.4
                0x1000ea24       0x5e c:/Users/mrm/eclipse-workspace/CORIA_APP/build/lfs.o
 *fill*         0x1000ea82        0x2 
 .rodata.lfs_file_rawwrite.str1.4
                0x1000ea84       0x2d c:/Users/mrm/eclipse-workspace/CORIA_APP/build/lfs.o
 *fill*         0x1000eab1        0x3 
 .rodata.lfs_dir_relocatingcommit.str1.4
                0x1000eab4       0xa3 c:/Users/mrm/eclipse-workspace/CORIA_APP/build/lfs.o
 *fill*         0x1000eb57        0x1 
 .rodata.lfs_dir_orphaningcommit.str1.4
                0x1000eb58       0xa7 c:/Users/mrm/eclipse-workspace/CORIA_APP/build/lfs.o
 *fill*         0x1000ebff        0x1 
 .rodata.lfs_fs_deorphan.part.0.str1.4
                0x1000ec00       0xbc c:/Users/mrm/eclipse-workspace/CORIA_APP/build/lfs.o
 .rodata.lfs_fs_forceconsistency.str1.4
                0x1000ecbc       0x99 c:/Users/mrm/eclipse-workspace/CORIA_APP/build/lfs.o
 *fill*         0x1000ed55        0x3 
 .rodata.lfs_format.str1.4
                0x1000ed58        0x9 c:/Users/mrm/eclipse-workspace/CORIA_APP/build/lfs.o
 *fill*         0x1000ed61        0x3 
 .rodata.lfs_mount.str1.4
                0x1000ed64      0x1af c:/Users/mrm/eclipse-workspace/CORIA_APP/build/lfs.o
 *fill*         0x1000ef13        0x1 
 .rodata.lfs_file_open.str1.4
                0x1000ef14       0x37 c:/Users/mrm/eclipse-workspace/CORIA_APP/build/lfs.o
 *fill*         0x1000ef4b        0x1 
 .rodata.lfs_file_close.str1.4
                0x1000ef4c       0x36 c:/Users/mrm/eclipse-workspace/CORIA_APP/build/lfs.o
 *fill*         0x1000ef82        0x2 
 .rodata.lfs_file_read.str1.4
                0x1000ef84       0x2d c:/Users/mrm/eclipse-workspace/CORIA_APP/build/lfs.o
 *fill*         0x1000efb1        0x3 
 .rodata        0x1000efb4        0x8 c:/Users/mrm/eclipse-workspace/CORIA_APP/build/lfs.o
 .rodata.__func__.11
                0x1000efbc        0xf c:/Users/mrm/eclipse-workspace/CORIA_APP/build/lfs.o
 *fill*         0x1000efcb        0x1 
 .rodata.__func__.14
                0x1000efcc        0xe c:/Users/mrm/eclipse-workspace/CORIA_APP/build/lfs.o
 *fill*         0x1000efda        0x2 
 .rodata.__func__.15
                0x1000efdc        0x9 c:/Users/mrm/eclipse-workspace/CORIA_APP/build/lfs.o
 *fill*         0x1000efe5        0x3 
 .rodata.__func__.16
                0x1000efe8       0x13 c:/Users/mrm/eclipse-workspace/CORIA_APP/build/lfs.o
 *fill*         0x1000effb        0x1 
 .rodata.__func__.17
                0x1000effc       0x10 c:/Users/mrm/eclipse-workspace/CORIA_APP/build/lfs.o
 .rodata.__func__.18
                0x1000f00c        0xc c:/Users/mrm/eclipse-workspace/CORIA_APP/build/lfs.o
 .rodata.__func__.19
                0x1000f018       0x11 c:/Users/mrm/eclipse-workspace/CORIA_APP/build/lfs.o
 *fill*         0x1000f029        0x3 
 .rodata.__func__.20
                0x1000f02c       0x19 c:/Users/mrm/eclipse-workspace/CORIA_APP/build/lfs.o
 *fill*         0x1000f045        0x3 
 .rodata.__func__.21
                0x1000f048        0xd c:/Users/mrm/eclipse-workspace/CORIA_APP/build/lfs.o
 *fill*         0x1000f055        0x3 
 .rodata.__func__.22
                0x1000f058        0xc c:/Users/mrm/eclipse-workspace/CORIA_APP/build/lfs.o
 .rodata.__func__.23
                0x1000f064        0xd c:/Users/mrm/eclipse-workspace/CORIA_APP/build/lfs.o
 *fill*         0x1000f071        0x3 
 .rodata.__func__.24
                0x1000f074       0x18 c:/Users/mrm/eclipse-workspace/CORIA_APP/build/lfs.o
 .rodata.__func__.25
                0x1000f08c        0xc c:/Users/mrm/eclipse-workspace/CORIA_APP/build/lfs.o
 .rodata.__func__.26
                0x1000f098        0xe c:/Users/mrm/eclipse-workspace/CORIA_APP/build/lfs.o
 *fill*         0x1000f0a6        0x2 
 .rodata.__func__.6
                0x1000f0a8       0x12 c:/Users/mrm/eclipse-workspace/CORIA_APP/build/lfs.o
 *fill*         0x1000f0ba        0x2 
 .rodata.__func__.7
                0x1000f0bc        0xf c:/Users/mrm/eclipse-workspace/CORIA_APP/build/lfs.o
 *fill*         0x1000f0cb        0x1 
 .rodata.__func__.8
                0x1000f0cc       0x11 c:/Users/mrm/eclipse-workspace/CORIA_APP/build/lfs.o
 *fill*         0x1000f0dd        0x3 
 .rodata.__func__.9
                0x1000f0e0        0xe c:/Users/mrm/eclipse-workspace/CORIA_APP/build/lfs.o
 *fill*         0x1000f0ee        0x2 
 .rodata.defaults.13
                0x1000f0f0        0xc c:/Users/mrm/eclipse-workspace/CORIA_APP/build/lfs.o
 .rodata.rtable.0
                0x1000f0fc       0x40 c:/Users/mrm/eclipse-workspace/CORIA_APP/build/lfs_util.o
 .rodata.main.str1.4
                0x1000f13c      0x13d c:/Users/mrm/eclipse-workspace/CORIA_APP/build/main.o
 *fill*         0x1000f279        0x3 
 .rodata.cfg    0x1000f27c       0x4c c:/Users/mrm/eclipse-workspace/CORIA_APP/build/main.o
                0x1000f27c                cfg
 .rodata.mxc_assert.str1.4
                0x1000f2c8       0x19 c:/Users/mrm/eclipse-workspace/CORIA_APP/build/board.o
 *fill*         0x1000f2e1        0x3 
 .rodata.Board_Init.str1.4
                0x1000f2e4       0x45 c:/Users/mrm/eclipse-workspace/CORIA_APP/build/board.o
 *fill*         0x1000f329        0x3 
 .rodata.led_pin
                0x1000f32c       0x18 c:/Users/mrm/eclipse-workspace/CORIA_APP/build/board.o
                0x1000f32c                led_pin
 .rodata.num_leds
                0x1000f344        0x4 c:/Users/mrm/eclipse-workspace/CORIA_APP/build/board.o
                0x1000f344                num_leds
 .rodata.num_pbs
                0x1000f348        0x4 c:/Users/mrm/eclipse-workspace/CORIA_APP/build/board.o
                0x1000f348                num_pbs
 .rodata.pb_pin
                0x1000f34c       0x18 c:/Users/mrm/eclipse-workspace/CORIA_APP/build/board.o
                0x1000f34c                pb_pin
 .rodata.tft_dc_pin
                0x1000f364        0xc c:/Users/mrm/eclipse-workspace/CORIA_APP/build/board.o
                0x1000f364                tft_dc_pin
 .rodata.tft_ss_pin
                0x1000f370        0xc c:/Users/mrm/eclipse-workspace/CORIA_APP/build/board.o
                0x1000f370                tft_ss_pin
 .rodata.ts_ss_pin
                0x1000f37c        0xc c:/Users/mrm/eclipse-workspace/CORIA_APP/build/board.o
                0x1000f37c                ts_ss_pin
 .rodata.str1.4
                0x1000f388       0x2f c:/Users/mrm/eclipse-workspace/CORIA_APP/build/tft_st7789v.o
                                 0x33 (size before relaxing)
 *fill*         0x1000f3b7        0x1 
 .rodata        0x1000f3b8       0x31 c:/Users/mrm/eclipse-workspace/CORIA_APP/build/tft_st7789v.o
 *fill*         0x1000f3e9        0x3 
 .rodata.cmds.0
                0x1000f3ec       0x98 c:/Users/mrm/eclipse-workspace/CORIA_APP/build/tft_st7789v.o
 .rodata.gpio_cfg_spi0_3wire
                0x1000f484        0xc C:/MaximSDK/Libraries/PeriphDrivers/bin/MAX78002/softfp/libPeriphDriver_softfp.a(pins_ai87.o)
                0x1000f484                gpio_cfg_spi0_3wire
 .rodata.gpio_cfg_spi0_dual
                0x1000f490        0xc C:/MaximSDK/Libraries/PeriphDrivers/bin/MAX78002/softfp/libPeriphDriver_softfp.a(pins_ai87.o)
                0x1000f490                gpio_cfg_spi0_dual
 .rodata.gpio_cfg_spi0_quad
                0x1000f49c        0xc C:/MaximSDK/Libraries/PeriphDrivers/bin/MAX78002/softfp/libPeriphDriver_softfp.a(pins_ai87.o)
                0x1000f49c                gpio_cfg_spi0_quad
 .rodata.gpio_cfg_spi0_standard
                0x1000f4a8        0xc C:/MaximSDK/Libraries/PeriphDrivers/bin/MAX78002/softfp/libPeriphDriver_softfp.a(pins_ai87.o)
                0x1000f4a8                gpio_cfg_spi0_standard
 .rodata.gpio_cfg_spi0_ts0
                0x1000f4b4        0xc C:/MaximSDK/Libraries/PeriphDrivers/bin/MAX78002/softfp/libPeriphDriver_softfp.a(pins_ai87.o)
                0x1000f4b4                gpio_cfg_spi0_ts0
 .rodata.gpio_cfg_spi0_ts1
                0x1000f4c0        0xc C:/MaximSDK/Libraries/PeriphDrivers/bin/MAX78002/softfp/libPeriphDriver_softfp.a(pins_ai87.o)
                0x1000f4c0                gpio_cfg_spi0_ts1
 .rodata.gpio_cfg_spi0_ts2
                0x1000f4cc        0xc C:/MaximSDK/Libraries/PeriphDrivers/bin/MAX78002/softfp/libPeriphDriver_softfp.a(pins_ai87.o)
                0x1000f4cc                gpio_cfg_spi0_ts2
 .rodata.gpio_cfg_spi1_3wire
                0x1000f4d8        0xc C:/MaximSDK/Libraries/PeriphDrivers/bin/MAX78002/softfp/libPeriphDriver_softfp.a(pins_ai87.o)
                0x1000f4d8                gpio_cfg_spi1_3wire
 .rodata.gpio_cfg_spi1_dual
                0x1000f4e4        0xc C:/MaximSDK/Libraries/PeriphDrivers/bin/MAX78002/softfp/libPeriphDriver_softfp.a(pins_ai87.o)
                0x1000f4e4                gpio_cfg_spi1_dual
 .rodata.gpio_cfg_spi1_quad
                0x1000f4f0        0xc C:/MaximSDK/Libraries/PeriphDrivers/bin/MAX78002/softfp/libPeriphDriver_softfp.a(pins_ai87.o)
                0x1000f4f0                gpio_cfg_spi1_quad
 .rodata.gpio_cfg_spi1_standard
                0x1000f4fc        0xc C:/MaximSDK/Libraries/PeriphDrivers/bin/MAX78002/softfp/libPeriphDriver_softfp.a(pins_ai87.o)
                0x1000f4fc                gpio_cfg_spi1_standard
 .rodata.gpio_cfg_spi1_ts0
                0x1000f508        0xc C:/MaximSDK/Libraries/PeriphDrivers/bin/MAX78002/softfp/libPeriphDriver_softfp.a(pins_ai87.o)
                0x1000f508                gpio_cfg_spi1_ts0
 .rodata.gpio_cfg_uart0
                0x1000f514        0xc C:/MaximSDK/Libraries/PeriphDrivers/bin/MAX78002/softfp/libPeriphDriver_softfp.a(pins_ai87.o)
                0x1000f514                gpio_cfg_uart0
 .rodata.gpio_cfg_uart1
                0x1000f520        0xc C:/MaximSDK/Libraries/PeriphDrivers/bin/MAX78002/softfp/libPeriphDriver_softfp.a(pins_ai87.o)
                0x1000f520                gpio_cfg_uart1
 .rodata.gpio_cfg_uart2
                0x1000f52c        0xc C:/MaximSDK/Libraries/PeriphDrivers/bin/MAX78002/softfp/libPeriphDriver_softfp.a(pins_ai87.o)
                0x1000f52c                gpio_cfg_uart2
 .rodata.gpio_cfg_uart3
                0x1000f538        0xc C:/MaximSDK/Libraries/PeriphDrivers/bin/MAX78002/softfp/libPeriphDriver_softfp.a(pins_ai87.o)
                0x1000f538                gpio_cfg_uart3
 .rodata.MXC_SPI_RevA2_writeTXFIFO16.str1.4
                0x1000f544       0x51 C:/MaximSDK/Libraries/PeriphDrivers/bin/MAX78002/softfp/libPeriphDriver_softfp.a(spi_reva2.o)
 *fill*         0x1000f595        0x3 
 .rodata.MXC_GPIO_Common_Handler.str1.4
                0x1000f598       0x66 C:/MaximSDK/Libraries/PeriphDrivers/bin/MAX78002/softfp/libPeriphDriver_softfp.a(gpio_common.o)
 *fill*         0x1000f5fe        0x2 
 .rodata.__assert_func.str1.4
                0x1000f600       0x3f c:/maximsdk/tools/gnutools/10.3/bin/../lib/gcc/arm-none-eabi/10.3.1/../../../../arm-none-eabi/lib/thumb/v7e-m+fp/softfp\libc.a(lib_a-assert.o)
                                 0x43 (size before relaxing)
 *fill*         0x1000f63f        0x1 
 .rodata._global_impure_ptr
                0x1000f640        0x4 c:/maximsdk/tools/gnutools/10.3/bin/../lib/gcc/arm-none-eabi/10.3.1/../../../../arm-none-eabi/lib/thumb/v7e-m+fp/softfp\libc.a(lib_a-impure.o)
                0x1000f640                _global_impure_ptr
 .rodata._puts_r.str1.4
                0x1000f644       0x3f c:/maximsdk/tools/gnutools/10.3/bin/../lib/gcc/arm-none-eabi/10.3.1/../../../../arm-none-eabi/lib/thumb/v7e-m+fp/softfp\libc.a(lib_a-puts.o)
                                  0x2 (size before relaxing)
 .rodata._vfiprintf_r.str1.4
                0x1000f644       0x2f c:/maximsdk/tools/gnutools/10.3/bin/../lib/gcc/arm-none-eabi/10.3.1/../../../../arm-none-eabi/lib/thumb/v7e-m+fp/softfp\libc.a(lib_a-vfiprintf.o)
 *fill*         0x1000f673        0x1 
 .rodata.blanks.1
                0x1000f674       0x10 c:/maximsdk/tools/gnutools/10.3/bin/../lib/gcc/arm-none-eabi/10.3.1/../../../../arm-none-eabi/lib/thumb/v7e-m+fp/softfp\libc.a(lib_a-vfiprintf.o)
 .rodata.zeroes.0
                0x1000f684       0x10 c:/maximsdk/tools/gnutools/10.3/bin/../lib/gcc/arm-none-eabi/10.3.1/../../../../arm-none-eabi/lib/thumb/v7e-m+fp/softfp\libc.a(lib_a-vfiprintf.o)
 .rodata._vfprintf_r.str1.4
                0x1000f694       0x10 c:/maximsdk/tools/gnutools/10.3/bin/../lib/gcc/arm-none-eabi/10.3.1/../../../../arm-none-eabi/lib/thumb/v7e-m+fp/softfp\libc.a(lib_a-vfprintf.o)
                                 0x42 (size before relaxing)
 .rodata.blanks.1
                0x1000f6a4       0x10 c:/maximsdk/tools/gnutools/10.3/bin/../lib/gcc/arm-none-eabi/10.3.1/../../../../arm-none-eabi/lib/thumb/v7e-m+fp/softfp\libc.a(lib_a-vfprintf.o)
 .rodata.zeroes.0
                0x1000f6b4       0x10 c:/maximsdk/tools/gnutools/10.3/bin/../lib/gcc/arm-none-eabi/10.3.1/../../../../arm-none-eabi/lib/thumb/v7e-m+fp/softfp\libc.a(lib_a-vfprintf.o)
 .rodata._dtoa_r.str1.4
                0x1000f6c4       0xa2 c:/maximsdk/tools/gnutools/10.3/bin/../lib/gcc/arm-none-eabi/10.3.1/../../../../arm-none-eabi/lib/thumb/v7e-m+fp/softfp\libc.a(lib_a-dtoa.o)
                                 0xa6 (size before relaxing)
 *fill*         0x1000f766        0x2 
 .rodata._setlocale_r.str1.4
                0x1000f768        0xa c:/maximsdk/tools/gnutools/10.3/bin/../lib/gcc/arm-none-eabi/10.3.1/../../../../arm-none-eabi/lib/thumb/v7e-m+fp/softfp\libc.a(lib_a-locale.o)
                                  0xd (size before relaxing)
 *fill*         0x1000f772        0x2 
 .rodata.str1.4
                0x1000f774        0x2 c:/maximsdk/tools/gnutools/10.3/bin/../lib/gcc/arm-none-eabi/10.3.1/../../../../arm-none-eabi/lib/thumb/v7e-m+fp/softfp\libc.a(lib_a-locale.o)
 *fill*         0x1000f776        0x2 
 .rodata.__multadd.str1.4
                0x1000f778       0x7f c:/maximsdk/tools/gnutools/10.3/bin/../lib/gcc/arm-none-eabi/10.3.1/../../../../arm-none-eabi/lib/thumb/v7e-m+fp/softfp\libc.a(lib_a-mprec.o)
                                 0x93 (size before relaxing)
 *fill*         0x1000f7f7        0x1 
 .rodata.__mprec_bigtens
                0x1000f7f8       0x28 c:/maximsdk/tools/gnutools/10.3/bin/../lib/gcc/arm-none-eabi/10.3.1/../../../../arm-none-eabi/lib/thumb/v7e-m+fp/softfp\libc.a(lib_a-mprec.o)
                0x1000f7f8                __mprec_bigtens
 .rodata.__mprec_tens
                0x1000f820       0xc8 c:/maximsdk/tools/gnutools/10.3/bin/../lib/gcc/arm-none-eabi/10.3.1/../../../../arm-none-eabi/lib/thumb/v7e-m+fp/softfp\libc.a(lib_a-mprec.o)
                0x1000f820                __mprec_tens
 .rodata.p05.0  0x1000f8e8        0xc c:/maximsdk/tools/gnutools/10.3/bin/../lib/gcc/arm-none-eabi/10.3.1/../../../../arm-none-eabi/lib/thumb/v7e-m+fp/softfp\libc.a(lib_a-mprec.o)
 .rodata._ctype_
                0x1000f8f4      0x101 c:/maximsdk/tools/gnutools/10.3/bin/../lib/gcc/arm-none-eabi/10.3.1/../../../../arm-none-eabi/lib/thumb/v7e-m+fp/softfp\libc.a(lib_a-ctype_.o)
                0x1000f8f4                _ctype_
 *(.init)
 *fill*         0x1000f9f5        0x3 
 .init          0x1000f9f8        0x4 c:/maximsdk/tools/gnutools/10.3/bin/../lib/gcc/arm-none-eabi/10.3.1/thumb/v7e-m+fp/softfp/crti.o
                0x1000f9f8                _init
 .init          0x1000f9fc        0x8 c:/maximsdk/tools/gnutools/10.3/bin/../lib/gcc/arm-none-eabi/10.3.1/thumb/v7e-m+fp/softfp/crtn.o
 *(.fini)
 .fini          0x1000fa04        0x4 c:/maximsdk/tools/gnutools/10.3/bin/../lib/gcc/arm-none-eabi/10.3.1/thumb/v7e-m+fp/softfp/crti.o
                0x1000fa04                _fini
 .fini          0x1000fa08        0x8 c:/maximsdk/tools/gnutools/10.3/bin/../lib/gcc/arm-none-eabi/10.3.1/thumb/v7e-m+fp/softfp/crtn.o
 *crtbegin.o(.ctors)
 *crtbegin?.o(.ctors)
 *(EXCLUDE_FILE(*crtend.o *crtend?.o) .ctors)
 *(SORT_BY_NAME(.ctors.*))
 *(.ctors)
 *crtbegin.o(.dtors)
 *crtbegin?.o(.dtors)
 *(EXCLUDE_FILE(*crtend.o *crtend?.o) .dtors)
 *(SORT_BY_NAME(.dtors.*))
 *(.dtors)
 *(.eh_frame*)
 .eh_frame      0x1000fa10        0x0 c:/maximsdk/tools/gnutools/10.3/bin/../lib/gcc/arm-none-eabi/10.3.1/thumb/v7e-m+fp/softfp/crtbegin.o
 .eh_frame      0x1000fa10        0x4 c:/maximsdk/tools/gnutools/10.3/bin/../lib/gcc/arm-none-eabi/10.3.1/thumb/v7e-m+fp/softfp/crtend.o
                0x1000fa14                _etext = .

.glue_7         0x1000fa14        0x0
 .glue_7        0x1000fa14        0x0 linker stubs

.glue_7t        0x1000fa14        0x0
 .glue_7t       0x1000fa14        0x0 linker stubs

.vfp11_veneer   0x1000fa14        0x0
 .vfp11_veneer  0x1000fa14        0x0 linker stubs

.v4_bx          0x1000fa14        0x0
 .v4_bx         0x1000fa14        0x0 linker stubs

.iplt           0x1000fa14        0x0
 .iplt          0x1000fa14        0x0 c:/maximsdk/tools/gnutools/10.3/bin/../lib/gcc/arm-none-eabi/10.3.1/thumb/v7e-m+fp/softfp/crtbegin.o

.ARM.extab
 *(.ARM.extab* .gnu.linkonce.armextab.*)

.bin_storage    0x1000fa14        0x0
 FILL mask 0xff
                0x1000fa14                _bin_start_ = .
 *(.bin_storage_img)
                0x1000fa14                _bin_end_ = .
                0x1000fa14                . = ALIGN (0x4)

.rom_code       0x00000000        0x0
                0x00000000                . = ALIGN (0x10)
                0x20000000                _sran_code = .
 *(.rom_code_section)
                0x20000000                _esran_code = .

.flash_code     0x1000fa14        0xc
                0x1000fa20                . = ALIGN (0x10)
 *fill*         0x1000fa14        0xc 
                0x20000000                _sran_code = .
 *(.flash_code_section)
                0x20000000                _esran_code = .

.sram_code      0x20000000        0x0
                0x20000000                . = ALIGN (0x10)
                0x20000000                _sran_code = .
 *(.sram_code_section)
                0x20000000                _esran_code = .

.ARM.exidx      0x1000fa20        0x8
                0x1000fa20                __exidx_start = .
 *(.ARM.exidx* .gnu.linkonce.armexidx.*)
 .ARM.exidx     0x1000fa20        0x8 c:/maximsdk/tools/gnutools/10.3/bin/../lib/gcc/arm-none-eabi/10.3.1/thumb/v7e-m+fp/softfp\libgcc.a(_udivmoddi4.o)
                0x1000fa28                __exidx_end = .

.rel.dyn        0x1000fa28        0x0
 .rel.iplt      0x1000fa28        0x0 c:/maximsdk/tools/gnutools/10.3/bin/../lib/gcc/arm-none-eabi/10.3.1/thumb/v7e-m+fp/softfp/crtbegin.o

.data           0x20000000      0x9cc load address 0x1000fa28
                0x20000000                _data = ALIGN (., 0x4)
                0x20020000                _csi = (. + 0x20000)
 *(vtable)
 *(.data*)
 .data.ConsoleUart
                0x20000000        0x4 c:/Users/mrm/eclipse-workspace/CORIA_APP/build/board.o
                0x20000000                ConsoleUart
 .data.ts_irq_pin
                0x20000004        0xc c:/Users/mrm/eclipse-workspace/CORIA_APP/build/board.o
                0x20000004                ts_irq_pin
 .data.overflows
                0x20000010        0x4 C:/MaximSDK/Libraries/PeriphDrivers/bin/MAX78002/softfp/libPeriphDriver_softfp.a(mxc_delay.o)
 .data._impure_ptr
                0x20000014        0x4 c:/maximsdk/tools/gnutools/10.3/bin/../lib/gcc/arm-none-eabi/10.3.1/../../../../arm-none-eabi/lib/thumb/v7e-m+fp/softfp\libc.a(lib_a-impure.o)
                0x20000014                _impure_ptr
 .data.impure_data
                0x20000018      0x428 c:/maximsdk/tools/gnutools/10.3/bin/../lib/gcc/arm-none-eabi/10.3.1/../../../../arm-none-eabi/lib/thumb/v7e-m+fp/softfp\libc.a(lib_a-impure.o)
 .data.__malloc_av_
                0x20000440      0x408 c:/maximsdk/tools/gnutools/10.3/bin/../lib/gcc/arm-none-eabi/10.3.1/../../../../arm-none-eabi/lib/thumb/v7e-m+fp/softfp\libc.a(lib_a-mallocr.o)
                0x20000440                __malloc_av_
 .data.__malloc_sbrk_base
                0x20000848        0x4 c:/maximsdk/tools/gnutools/10.3/bin/../lib/gcc/arm-none-eabi/10.3.1/../../../../arm-none-eabi/lib/thumb/v7e-m+fp/softfp\libc.a(lib_a-mallocr.o)
                0x20000848                __malloc_sbrk_base
 .data.__malloc_trim_threshold
                0x2000084c        0x4 c:/maximsdk/tools/gnutools/10.3/bin/../lib/gcc/arm-none-eabi/10.3.1/../../../../arm-none-eabi/lib/thumb/v7e-m+fp/softfp\libc.a(lib_a-mallocr.o)
                0x2000084c                __malloc_trim_threshold
 .data.__atexit_recursive_mutex
                0x20000850        0x4 c:/maximsdk/tools/gnutools/10.3/bin/../lib/gcc/arm-none-eabi/10.3.1/../../../../arm-none-eabi/lib/thumb/v7e-m+fp/softfp\libc.a(lib_a-__call_atexit.o)
                0x20000850                __atexit_recursive_mutex
 .data.__global_locale
                0x20000854      0x16c c:/maximsdk/tools/gnutools/10.3/bin/../lib/gcc/arm-none-eabi/10.3.1/../../../../arm-none-eabi/lib/thumb/v7e-m+fp/softfp\libc.a(lib_a-locale.o)
                0x20000854                __global_locale
                0x200009c0                . = ALIGN (0x4)
                0x200009c0                PROVIDE (__preinit_array_start = .)
 *(.preinit_array)
                0x200009c0                PROVIDE (__preinit_array_end = .)
                0x200009c0                . = ALIGN (0x4)
                0x200009c0                PROVIDE (__init_array_start = .)
 *(SORT_BY_NAME(.init_array.*))
 .init_array.00000
                0x200009c0        0x4 c:/maximsdk/tools/gnutools/10.3/bin/../lib/gcc/arm-none-eabi/10.3.1/../../../../arm-none-eabi/lib/thumb/v7e-m+fp/softfp\libc.a(lib_a-__call_atexit.o)
 *(.init_array)
 .init_array    0x200009c4        0x4 c:/maximsdk/tools/gnutools/10.3/bin/../lib/gcc/arm-none-eabi/10.3.1/thumb/v7e-m+fp/softfp/crtbegin.o
                0x200009c8                PROVIDE (__init_array_end = .)
                0x200009c8                . = ALIGN (0x4)
                0x200009c8                PROVIDE (__fini_array_start = .)
 *(SORT_BY_NAME(.fini_array.*))
 *(.fini_array)
 .fini_array    0x200009c8        0x4 c:/maximsdk/tools/gnutools/10.3/bin/../lib/gcc/arm-none-eabi/10.3.1/thumb/v7e-m+fp/softfp/crtbegin.o
                0x200009cc                PROVIDE (__fini_array_end = .)
                0x200009cc                _edata = ALIGN (., 0x4)
                0x1000fa28                __load_data = LOADADDR (.data)

.igot.plt       0x200009cc        0x0 load address 0x100103f4
 .igot.plt      0x200009cc        0x0 c:/maximsdk/tools/gnutools/10.3/bin/../lib/gcc/arm-none-eabi/10.3.1/thumb/v7e-m+fp/softfp/crtbegin.o

.bss            0x200009cc      0x754 load address 0x100103f4
                0x200009cc                . = ALIGN (0x4)
                0x200009cc                _bss = .
 *(.bss*)
 .bss           0x200009cc       0x1c c:/maximsdk/tools/gnutools/10.3/bin/../lib/gcc/arm-none-eabi/10.3.1/thumb/v7e-m+fp/softfp/crtbegin.o
 .bss.SPI0_FLAG