Archive member included to satisfy reference by file (symbol)

C:/MaximSDK/Libraries/PeriphDrivers/bin/MAX78002/softfp/libPeriphDriver_softfp.a(mxc_delay.o)
                              c:/MaximSDK/Examples/MAX78002/GPIO/build/main.o (MXC_Delay)
C:/MaximSDK/Libraries/PeriphDrivers/bin/MAX78002/softfp/libPeriphDriver_softfp.a(nvic_table.o)
                              c:/MaximSDK/Examples/MAX78002/GPIO/build/camera.o (MXC_NVIC_SetVector)
C:/MaximSDK/Libraries/PeriphDrivers/bin/MAX78002/softfp/libPeriphDriver_softfp.a(pins_ai87.o)
                              c:/MaximSDK/Examples/MAX78002/GPIO/build/camera.o (gpio_cfg_pcif_xclk)
C:/MaximSDK/Libraries/PeriphDrivers/bin/MAX78002/softfp/libPeriphDriver_softfp.a(sys_ai87.o)
                              c:/MaximSDK/Examples/MAX78002/GPIO/build/board.o (MXC_SYS_ClockEnable)
C:/MaximSDK/Libraries/PeriphDrivers/bin/MAX78002/softfp/libPeriphDriver_softfp.a(aes_ai87.o)
                              C:/MaximSDK/Libraries/PeriphDrivers/bin/MAX78002/softfp/libPeriphDriver_softfp.a(sys_ai87.o) (MXC_AES_Init)
C:/MaximSDK/Libraries/PeriphDrivers/bin/MAX78002/softfp/libPeriphDriver_softfp.a(aes_revb.o)
                              C:/MaximSDK/Libraries/PeriphDrivers/bin/MAX78002/softfp/libPeriphDriver_softfp.a(aes_ai87.o) (MXC_AES_RevB_Init)
C:/MaximSDK/Libraries/PeriphDrivers/bin/MAX78002/softfp/libPeriphDriver_softfp.a(cameraif_ai87.o)
                              c:/MaximSDK/Examples/MAX78002/GPIO/build/camera.o (MXC_PCIF_Init)
C:/MaximSDK/Libraries/PeriphDrivers/bin/MAX78002/softfp/libPeriphDriver_softfp.a(cameraif_reva.o)
                              C:/MaximSDK/Libraries/PeriphDrivers/bin/MAX78002/softfp/libPeriphDriver_softfp.a(cameraif_ai87.o) (MXC_PCIF_RevA_SetDatawidth)
C:/MaximSDK/Libraries/PeriphDrivers/bin/MAX78002/softfp/libPeriphDriver_softfp.a(csi2_ai87.o)
                              c:/MaximSDK/Examples/MAX78002/GPIO/build/mipi_camera.o (MXC_CSI2_Init)
C:/MaximSDK/Libraries/PeriphDrivers/bin/MAX78002/softfp/libPeriphDriver_softfp.a(csi2_reva.o)
                              C:/MaximSDK/Libraries/PeriphDrivers/bin/MAX78002/softfp/libPeriphDriver_softfp.a(csi2_ai87.o) (MXC_CSI2_RevA_Init)
C:/MaximSDK/Libraries/PeriphDrivers/bin/MAX78002/softfp/libPeriphDriver_softfp.a(dma_ai87.o)
                              C:/MaximSDK/Libraries/PeriphDrivers/bin/MAX78002/softfp/libPeriphDriver_softfp.a(aes_revb.o) (MXC_DMA_Init)
C:/MaximSDK/Libraries/PeriphDrivers/bin/MAX78002/softfp/libPeriphDriver_softfp.a(dma_reva.o)
                              C:/MaximSDK/Libraries/PeriphDrivers/bin/MAX78002/softfp/libPeriphDriver_softfp.a(dma_ai87.o) (MXC_DMA_RevA_Init)
C:/MaximSDK/Libraries/PeriphDrivers/bin/MAX78002/softfp/libPeriphDriver_softfp.a(flc_ai87.o)
                              C:/MaximSDK/Libraries/PeriphDrivers/bin/MAX78002/softfp/libPeriphDriver_softfp.a(sys_ai87.o) (MXC_FLC_UnlockInfoBlock)
C:/MaximSDK/Libraries/PeriphDrivers/bin/MAX78002/softfp/libPeriphDriver_softfp.a(flc_reva.o)
                              C:/MaximSDK/Libraries/PeriphDrivers/bin/MAX78002/softfp/libPeriphDriver_softfp.a(flc_ai87.o) (MXC_FLC_RevA_Busy)
C:/MaximSDK/Libraries/PeriphDrivers/bin/MAX78002/softfp/libPeriphDriver_softfp.a(gpio_ai87.o)
                              c:/MaximSDK/Examples/MAX78002/GPIO/build/main.o (MXC_GPIO_Config)
C:/MaximSDK/Libraries/PeriphDrivers/bin/MAX78002/softfp/libPeriphDriver_softfp.a(gpio_reva.o)
                              C:/MaximSDK/Libraries/PeriphDrivers/bin/MAX78002/softfp/libPeriphDriver_softfp.a(gpio_ai87.o) (MXC_GPIO_RevA_InGet)
C:/MaximSDK/Libraries/PeriphDrivers/bin/MAX78002/softfp/libPeriphDriver_softfp.a(pt_ai87.o)
                              c:/MaximSDK/Examples/MAX78002/GPIO/build/camera.o (MXC_PT_Init)
C:/MaximSDK/Libraries/PeriphDrivers/bin/MAX78002/softfp/libPeriphDriver_softfp.a(pt_reva.o)
                              C:/MaximSDK/Libraries/PeriphDrivers/bin/MAX78002/softfp/libPeriphDriver_softfp.a(pt_ai87.o) (MXC_PT_RevA_Init)
C:/MaximSDK/Libraries/PeriphDrivers/bin/MAX78002/softfp/libPeriphDriver_softfp.a(spi_ai87_v2.o)
                              c:/MaximSDK/Examples/MAX78002/GPIO/build/main.o (MXC_SPI_Shutdown)
C:/MaximSDK/Libraries/PeriphDrivers/bin/MAX78002/softfp/libPeriphDriver_softfp.a(spi_reva2.o)
                              C:/MaximSDK/Libraries/PeriphDrivers/bin/MAX78002/softfp/libPeriphDriver_softfp.a(spi_ai87_v2.o) (MXC_SPI_RevA2_Init)
C:/MaximSDK/Libraries/PeriphDrivers/bin/MAX78002/softfp/libPeriphDriver_softfp.a(trng_ai87.o)
                              C:/MaximSDK/Libraries/PeriphDrivers/bin/MAX78002/softfp/libPeriphDriver_softfp.a(aes_ai87.o) (MXC_TRNG_GenerateKey)
C:/MaximSDK/Libraries/PeriphDrivers/bin/MAX78002/softfp/libPeriphDriver_softfp.a(trng_revb.o)
                              C:/MaximSDK/Libraries/PeriphDrivers/bin/MAX78002/softfp/libPeriphDriver_softfp.a(trng_ai87.o) (MXC_TRNG_RevB_Init)
[...]
Memory Configuration

Name             Origin             Length             Attributes
ROM              0x00000000         0x00010000         xr
FLASH            0x10000000         0x00280000         xr
SRAM             0x20000000         0x00060000         xrw
*default*        0x00000000         0xffffffff

Linker script and memory map

LOAD c:/maximsdk/tools/gnutools/10.3/bin/../lib/gcc/arm-none-eabi/10.3.1/thumb/v7e-m+fp/softfp/crti.o
LOAD c:/maximsdk/tools/gnutools/10.3/bin/../lib/gcc/arm-none-eabi/10.3.1/thumb/v7e-m+fp/softfp/crtbegin.o
LOAD c:/maximsdk/tools/gnutools/10.3/bin/../lib/gcc/arm-none-eabi/10.3.1/../../../../arm-none-eabi/lib/thumb/v7e-m+fp/softfp/crt0.o
LOAD c:/MaximSDK/Examples/MAX78002/GPIO/build/main.o
LOAD c:/MaximSDK/Examples/MAX78002/GPIO/build/board.o
LOAD c:/MaximSDK/Examples/MAX78002/GPIO/build/stdio.o
LOAD c:/MaximSDK/Examples/MAX78002/GPIO/build/led.o
LOAD c:/MaximSDK/Examples/MAX78002/GPIO/build/pb.o
LOAD c:/MaximSDK/Examples/MAX78002/GPIO/build/tft_st7789v.o
LOAD c:/MaximSDK/Examples/MAX78002/GPIO/build/tsc2046.o
LOAD c:/MaximSDK/Examples/MAX78002/GPIO/build/camera.o
LOAD c:/MaximSDK/Examples/MAX78002/GPIO/build/mipi_camera.o
LOAD c:/MaximSDK/Examples/MAX78002/GPIO/build/ov7692.o
LOAD c:/MaximSDK/Examples/MAX78002/GPIO/build/sccb.o
LOAD c:/MaximSDK/Examples/MAX78002/GPIO/build/startup_max78002.o
LOAD c:/MaximSDK/Examples/MAX78002/GPIO/build/heap.o
LOAD c:/MaximSDK/Examples/MAX78002/GPIO/build/system_max78002.o
START GROUP
LOAD C:/MaximSDK/Libraries/PeriphDrivers/bin/MAX78002/softfp/libPeriphDriver_softfp.a
LOAD c:/maximsdk/tools/gnutools/10.3/bin/../lib/gcc/arm-none-eabi/10.3.1/../../../../arm-none-eabi/lib/thumb/v7e-m+fp/softfp\libc.a
LOAD c:/maximsdk/tools/gnutools/10.3/bin/../lib/gcc/arm-none-eabi/10.3.1/../../../../arm-none-eabi/lib/thumb/v7e-m+fp/softfp\libm.a
LOAD c:/maximsdk/tools/gnutools/10.3/bin/../lib/gcc/arm-none-eabi/10.3.1/../../../../arm-none-eabi/lib/thumb/v7e-m+fp/softfp\libnosys.a
END GROUP
START GROUP
LOAD c:/maximsdk/tools/gnutools/10.3/bin/../lib/gcc/arm-none-eabi/10.3.1/thumb/v7e-m+fp/softfp\libgcc.a
LOAD c:/maximsdk/tools/gnutools/10.3/bin/../lib/gcc/arm-none-eabi/10.3.1/../../../../arm-none-eabi/lib/thumb/v7e-m+fp/softfp\libc.a
END GROUP
LOAD c:/maximsdk/tools/gnutools/10.3/bin/../lib/gcc/arm-none-eabi/10.3.1/thumb/v7e-m+fp/softfp/crtend.o
LOAD c:/maximsdk/tools/gnutools/10.3/bin/../lib/gcc/arm-none-eabi/10.3.1/thumb/v7e-m+fp/softfp/crtn.o

.rom
 *(.rom_vector)
 *(.rom_handlers*)

.text           0x10000000     0xa5ac
                0x10000000                _text = .
 *(.isr_vector)
 .isr_vector    0x10000000      0x1e4 c:/MaximSDK/Examples/MAX78002/GPIO/build/startup_max78002.o
                0x10000000                __isr_vector
 *(.text*)
 .text          0x100001e4       0x40 c:/maximsdk/tools/gnutools/10.3/bin/../lib/gcc/arm-none-eabi/10.3.1/thumb/v7e-m+fp/softfp/crtbegin.o
 .text.SPI1_Callback
                0x10000224        0xc c:/MaximSDK/Examples/MAX78002/GPIO/build/main.o
                0x10000224                SPI1_Callback
 .text.SPI0_Callback
                0x10000230        0xc c:/MaximSDK/Examples/MAX78002/GPIO/build/main.o
                0x10000230                SPI0_Callback
 .text.SPI1_IRQHandler
                0x1000023c        0xc c:/MaximSDK/Examples/MAX78002/GPIO/build/main.o
                0x1000023c                SPI1_IRQHandler
 .text.SPI0_IRQHandler
                0x10000248        0xc c:/MaximSDK/Examples/MAX78002/GPIO/build/main.o
                0x10000248                SPI0_IRQHandler
 .text.startup.main
                0x10000254      0x220 c:/MaximSDK/Examples/MAX78002/GPIO/build/main.o
                0x10000254                main
 .text.mxc_assert
                0x10000474       0x10 c:/MaximSDK/Examples/MAX78002/GPIO/build/board.o
                0x10000474                mxc_assert
 .text.GPIO2_IRQHandler
                0x10000484        0x8 c:/MaximSDK/Examples/MAX78002/GPIO/build/board.o
                0x10000484                GPIO2_IRQHandler
 .text.TFT_SPI_Init
                0x1000048c       0xa0 c:/MaximSDK/Examples/MAX78002/GPIO/build/board.o
                0x1000048c                TFT_SPI_Init
 .text.TFT_SPI_Write
                0x1000052c       0x60 c:/MaximSDK/Examples/MAX78002/GPIO/build/board.o
                0x1000052c                TFT_SPI_Write
 .text.TFT_SPI_Transmit
                0x1000058c       0x78 c:/MaximSDK/Examples/MAX78002/GPIO/build/board.o
                0x1000058c                TFT_SPI_Transmit
 .text.Board_Init
                0x10000604       0xc0 c:/MaximSDK/Examples/MAX78002/GPIO/build/board.o
                0x10000604                Board_Init
 .text.Console_Init
                0x100006c4       0x14 c:/MaximSDK/Examples/MAX78002/GPIO/build/board.o
                0x100006c4                Console_Init
 .text.NMI_Handler
                0x100006d8        0x4 c:/MaximSDK/Examples/MAX78002/GPIO/build/board.o
                0x100006d8                NMI_Handler
 .text._close   0x100006dc        0x8 c:/MaximSDK/Examples/MAX78002/GPIO/build/stdio.o
                0x100006dc                _close
 .text._isatty  0x100006e4        0x8 c:/MaximSDK/Examples/MAX78002/GPIO/build/stdio.o
                0x100006e4                _isatty
 .text._lseek   0x100006ec        0x8 c:/MaximSDK/Examples/MAX78002/GPIO/build/stdio.o
                0x100006ec                _lseek
 .text._fstat   0x100006f4        0x8 c:/MaximSDK/Examples/MAX78002/GPIO/build/stdio.o
                0x100006f4                _fstat
 .text._read    0x100006fc       0x50 c:/MaximSDK/Examples/MAX78002/GPIO/build/stdio.o
                0x100006fc                _read
 .text._write   0x1000074c       0x60 c:/MaximSDK/Examples/MAX78002/GPIO/build/stdio.o
                0x1000074c                _write
 .text.LED_Init
                0x100007ac       0x40 c:/MaximSDK/Examples/MAX78002/GPIO/build/led.o
                0x100007ac                LED_Init
 .text.PB_Init  0x100007ec       0x38 c:/MaximSDK/Examples/MAX78002/GPIO/build/pb.o
                0x100007ec                PB_Init
 .text.window   0x10000824       0x78 c:/MaximSDK/Examples/MAX78002/GPIO/build/tft_st7789v.o
 .text.fill_rect
                0x1000089c       0x94 c:/MaximSDK/Examples/MAX78002/GPIO/build/tft_st7789v.o
 .text.MXC_TFT_SetBackGroundColor
                0x10000930       0x40 c:/MaximSDK/Examples/MAX78002/GPIO/build/tft_st7789v.o
                0x10000930                MXC_TFT_SetBackGroundColor
 .text.MXC_TFT_Init
                0x10000970      0x114 c:/MaximSDK/Examples/MAX78002/GPIO/build/tft_st7789v.o
                0x10000970                MXC_TFT_Init
 .text.MXC_TS_AssignInterruptPin
                0x10000a84       0x28 c:/MaximSDK/Examples/MAX78002/GPIO/build/tsc2046.o
                0x10000a84                MXC_TS_AssignInterruptPin
 .text          0x10000aac      0x14c c:/MaximSDK/Examples/MAX78002/GPIO/build/startup_max78002.o
                0x10000aac                Reset_Handler
                0x10000aea                HardFault_Handler
                0x10000aec                MemManage_Handler
                0x10000aee                BusFault_Handler
                0x10000af0                UsageFault_Handler
                0x10000af2                SVC_Handler
                0x10000af4                DebugMon_Handler
                0x10000af6                PendSV_Handler
                0x10000af8                SysTick_Handler
                0x10000afa                Default_Handler
                0x10000afc                PF_IRQHandler
                0x10000afe                WDT0_IRQHandler
                0x10000b00                USB_IRQHandler
                0x10000b02                RTC_IRQHandler
                0x10000b04                TRNG_IRQHandler
                0x10000b06                TMR0_IRQHandler
                0x10000b08                TMR1_IRQHandler
                0x10000b0a                TMR2_IRQHandler
                0x10000b0c                TMR3_IRQHandler
                0x10000b0e                TMR4_IRQHandler
                0x10000b10                TMR5_IRQHandler
                0x10000b12                RSV11_IRQHandler
                0x10000b14                RSV12_IRQHandler
                0x10000b16                I2C0_IRQHandler
                0x10000b18                UART0_IRQHandler
                0x10000b1a                UART1_IRQHandler
                0x10000b1e                RSV17_IRQHandler
                0x10000b20                RSV18_IRQHandler
                0x10000b22                RSV19_IRQHandler
                0x10000b24                ADC_IRQHandler
                0x10000b26                RSV21_IRQHandler
                0x10000b28                RSV22_IRQHandler
                0x10000b2a                FLC0_IRQHandler
                0x10000b2c                GPIO0_IRQHandler
                0x10000b2e                GPIO1_IRQHandler
                0x10000b32                RSV27_IRQHandler
                0x10000b34                DMA0_IRQHandler
                0x10000b36                DMA1_IRQHandler
                0x10000b38                DMA2_IRQHandler
                0x10000b3a                DMA3_IRQHandler
                0x10000b3c                RSV32_IRQHandler
                0x10000b3e                RSV33_IRQHandler
                0x10000b40                UART2_IRQHandler
                0x10000b42                RSV35_IRQHandler
                0x10000b44                I2C1_IRQHandler
                0x10000b46                RSV37_IRQHandler
                0x10000b48                RSV38_IRQHandler
                0x10000b4a                RSV39_IRQHandler
                0x10000b4c                RSV40_IRQHandler
                0x10000b4e                RSV41_IRQHandler
                0x10000b50                RSV42_IRQHandler
                0x10000b52                RSV43_IRQHandler
                0x10000b54                RSV44_IRQHandler
                0x10000b56                RSV45_IRQHandler
                0x10000b58                RSV46_IRQHandler
                0x10000b5a                RSV47_IRQHandler
                0x10000b5c                RSV48_IRQHandler
                0x10000b5e                RSV49_IRQHandler
                0x10000b60                RSV50_IRQHandler
                0x10000b62                RSV51_IRQHandler
                0x10000b64                RSV52_IRQHandler
                0x10000b66                WUT_IRQHandler
                0x10000b68                GPIOWAKE_IRQHandler
                0x10000b6a                RSV55_IRQHandler
                0x10000b6e                WDT1_IRQHandler
                0x10000b70                RSV58_IRQHandler
                0x10000b72                PT_IRQHandler
                0x10000b74                RSV60_IRQHandler
                0x10000b76                RSV61_IRQHandler
                0x10000b78                I2C2_IRQHandler
                0x10000b7a                RISCV_IRQHandler
                0x10000b7c                RSV64_IRQHandler
                0x10000b7e                RSV65_IRQHandler
                0x10000b80                SDHC_IRQHandler
                0x10000b82                OWM_IRQHandler
                0x10000b84                RSV68_IRQHandler
                0x10000b86                RSV69_IRQHandler
                0x10000b88                RSV70_IRQHandler
                0x10000b8a                RSV71_IRQHandler
                0x10000b8c                RSV72_IRQHandler
                0x10000b8e                RSV73_IRQHandler
                0x10000b90                RSV74_IRQHandler
                0x10000b92                RSV75_IRQHandler
                0x10000b94                RSV76_IRQHandler
                0x10000b96                RSV77_IRQHandler
                0x10000b98                RSV78_IRQHandler
                0x10000b9a                RSV79_IRQHandler
                0x10000b9c                USBDMA_IRQHandler
                0x10000b9e                RSV81_IRQHandler
                0x10000ba0                ECC_IRQHandler
                0x10000ba2                DVS_IRQHandler
                0x10000ba4                SIMO_IRQHandler
                0x10000ba6                RSV85_IRQHandler
                0x10000ba8                RSV86_IRQHandler
                0x10000baa                RSV87_IRQHandler
                0x10000bac                UART3_IRQHandler
                0x10000bae                RSV89_IRQHandler
                0x10000bb0                RSV90_IRQHandler
                0x10000bb2                PCIF_IRQHandler
                0x10000bb4                RSV92_IRQHandler
                0x10000bb6                RSV93_IRQHandler
                0x10000bb8                RSV94_IRQHandler
                0x10000bba                RSV95_IRQHandler
                0x10000bbc                RSV96_IRQHandler
                0x10000bbe                AES_IRQHandler
                0x10000bc0                CRC_IRQHandler
                0x10000bc2                I2S_IRQHandler
                0x10000bc4                CNN_FIFO_IRQHandler
                0x10000bc6                CNN_IRQHandler
                0x10000bc8                RSV102_IRQHandler
                0x10000bca                LPCMP_IRQHandler
                0x10000bcc                CSI2_IRQHandler
 .text._sbrk    0x10000bf8       0x3c c:/MaximSDK/Examples/MAX78002/GPIO/build/heap.o
                0x10000bf8                _sbrk
 .text.SystemCoreClockUpdate
                0x10000c34       0x84 c:/MaximSDK/Examples/MAX78002/GPIO/build/system_max78002.o
                0x10000c34                SystemCoreClockUpdate
 .text.PreInit  0x10000cb8        0x4 c:/MaximSDK/Examples/MAX78002/GPIO/build/system_max78002.o
                0x10000cb8                PreInit
 .text.SystemInit
                0x10000cbc       0x30 c:/MaximSDK/Examples/MAX78002/GPIO/build/system_max78002.o
                0x10000cbc                SystemInit
 .text.MXC_DelayInit
                0x10000cec       0x7c C:/MaximSDK/Libraries/PeriphDrivers/bin/MAX78002/softfp/libPeriphDriver_softfp.a(mxc_delay.o)
 .text.MXC_DelayAsync
                0x10000d68       0x3c C:/MaximSDK/Libraries/PeriphDrivers/bin/MAX78002/softfp/libPeriphDriver_softfp.a(mxc_delay.o)
                0x10000d68                MXC_DelayAsync
 .text.MXC_DelayCheck
                0x10000da4       0x70 C:/MaximSDK/Libraries/PeriphDrivers/bin/MAX78002/softfp/libPeriphDriver_softfp.a(mxc_delay.o)
                0x10000da4                MXC_DelayCheck
 .text.MXC_DelayAbort
                0x10000e14       0x34 C:/MaximSDK/Libraries/PeriphDrivers/bin/MAX78002/softfp/libPeriphDriver_softfp.a(mxc_delay.o)
                0x10000e14                MXC_DelayAbort
 .text.MXC_Delay
                0x10000e48       0x74 C:/MaximSDK/Libraries/PeriphDrivers/bin/MAX78002/softfp/libPeriphDriver_softfp.a(mxc_delay.o)
                0x10000e48                MXC_Delay
 .text.MXC_SYS_IsClockEnabled
                0x10000ebc       0x44 C:/MaximSDK/Libraries/PeriphDrivers/bin/MAX78002/softfp/libPeriphDriver_softfp.a(sys_ai87.o)
                0x10000ebc                MXC_SYS_IsClockEnabled
 .text.MXC_SYS_ClockDisable
                0x10000f00       0x44 C:/MaximSDK/Libraries/PeriphDrivers/bin/MAX78002/softfp/libPeriphDriver_softfp.a(sys_ai87.o)
                0x10000f00                MXC_SYS_ClockDisable
 .text.MXC_SYS_ClockEnable
                0x10000f44       0x4c C:/MaximSDK/Libraries/PeriphDrivers/bin/MAX78002/softfp/libPeriphDriver_softfp.a(sys_ai87.o)
                0x10000f44                MXC_SYS_ClockEnable
 .text.MXC_SYS_ClockSourceEnable
                0x10000f90      0x154 C:/MaximSDK/Libraries/PeriphDrivers/bin/MAX78002/softfp/libPeriphDriver_softfp.a(sys_ai87.o)
                0x10000f90                MXC_SYS_ClockSourceEnable
 .text.MXC_SYS_Reset_Periph
                0x100010e4       0x4c C:/MaximSDK/Libraries/PeriphDrivers/bin/MAX78002/softfp/libPeriphDriver_softfp.a(sys_ai87.o)
                0x100010e4                MXC_SYS_Reset_Periph
 .text.MXC_DMA_Init
                0x10001130       0x30 C:/MaximSDK/Libraries/PeriphDrivers/bin/MAX78002/softfp/libPeriphDriver_softfp.a(dma_ai87.o)
                0x10001130                MXC_DMA_Init
 .text.MXC_DMA_DeInit
                0x10001160        0xc C:/MaximSDK/Libraries/PeriphDrivers/bin/MAX78002/softfp/libPeriphDriver_softfp.a(dma_ai87.o)
                0x10001160                MXC_DMA_DeInit
 .text.MXC_DMA_AcquireChannel
                0x1000116c        0xc C:/MaximSDK/Libraries/PeriphDrivers/bin/MAX78002/softfp/libPeriphDriver_softfp.a(dma_ai87.o)
                0x1000116c                MXC_DMA_AcquireChannel
 .text.MXC_DMA_ReleaseChannel
                0x10001178        0x4 C:/MaximSDK/Libraries/PeriphDrivers/bin/MAX78002/softfp/libPeriphDriver_softfp.a(dma_ai87.o)
                0x10001178                MXC_DMA_ReleaseChannel
 .text.MXC_DMA_RevA_Init
                0x1000117c       0x94 C:/MaximSDK/Libraries/PeriphDrivers/bin/MAX78002/softfp/libPeriphDriver_softfp.a(dma_reva.o)
                0x1000117c                MXC_DMA_RevA_Init
 .text.MXC_DMA_RevA_DeInit
                0x10001210       0x1c C:/MaximSDK/Libraries/PeriphDrivers/bin/MAX78002/softfp/libPeriphDriver_softfp.a(dma_reva.o)
                0x10001210                MXC_DMA_RevA_DeInit
 .text.MXC_DMA_RevA_AcquireChannel
                0x1000122c       0x70 C:/MaximSDK/Libraries/PeriphDrivers/bin/MAX78002/softfp/libPeriphDriver_softfp.a(dma_reva.o)
                0x1000122c                MXC_DMA_RevA_AcquireChannel
 .text.MXC_DMA_RevA_ReleaseChannel
                0x1000129c       0x48 C:/MaximSDK/Libraries/PeriphDrivers/bin/MAX78002/softfp/libPeriphDriver_softfp.a(dma_reva.o)
                0x1000129c                MXC_DMA_RevA_ReleaseChannel
 .text.MXC_GPIO_Init
                0x100012e4       0x40 C:/MaximSDK/Libraries/PeriphDrivers/bin/MAX78002/softfp/libPeriphDriver_softfp.a(gpio_ai87.o)
                0x100012e4                MXC_GPIO_Init
 .text.MXC_GPIO_Config
                0x10001324      0x210 C:/MaximSDK/Libraries/PeriphDrivers/bin/MAX78002/softfp/libPeriphDriver_softfp.a(gpio_ai87.o)
                0x10001324                MXC_GPIO_Config
 .text.MXC_GPIO_OutSet
                0x10001534       0x30 C:/MaximSDK/Libraries/PeriphDrivers/bin/MAX78002/softfp/libPeriphDriver_softfp.a(gpio_ai87.o)
                0x10001534                MXC_GPIO_OutSet
 .text.MXC_GPIO_OutClr
                0x10001564       0x34 C:/MaximSDK/Libraries/PeriphDrivers/bin/MAX78002/softfp/libPeriphDriver_softfp.a(gpio_ai87.o)
                0x10001564                MXC_GPIO_OutClr
 .text.MXC_GPIO_Handler
                0x10001598        0x4 C:/MaximSDK/Libraries/PeriphDrivers/bin/MAX78002/softfp/libPeriphDriver_softfp.a(gpio_ai87.o)
                0x10001598                MXC_GPIO_Handler
 .text.MXC_GPIO_ClearFlags
                0x1000159c       0x18 C:/MaximSDK/Libraries/PeriphDrivers/bin/MAX78002/softfp/libPeriphDriver_softfp.a(gpio_ai87.o)
                0x1000159c                MXC_GPIO_ClearFlags
 .text.MXC_GPIO_GetFlags
                0x100015b4       0x18 C:/MaximSDK/Libraries/PeriphDrivers/bin/MAX78002/softfp/libPeriphDriver_softfp.a(gpio_ai87.o)
                0x100015b4                MXC_GPIO_GetFlags
 .text.MXC_GPIO_SetVSSEL
                0x100015cc       0x24 C:/MaximSDK/Libraries/PeriphDrivers/bin/MAX78002/softfp/libPeriphDriver_softfp.a(gpio_ai87.o)
                0x100015cc                MXC_GPIO_SetVSSEL
 .text.MXC_GPIO_RevA_OutSet
                0x100015f0        0x4 C:/MaximSDK/Libraries/PeriphDrivers/bin/MAX78002/softfp/libPeriphDriver_softfp.a(gpio_reva.o)
                0x100015f0                MXC_GPIO_RevA_OutSet
 .text.MXC_GPIO_RevA_OutClr
                0x100015f4        0x4 C:/MaximSDK/Libraries/PeriphDrivers/bin/MAX78002/softfp/libPeriphDriver_softfp.a(gpio_reva.o)
                0x100015f4                MXC_GPIO_RevA_OutClr
 .text.MXC_GPIO_RevA_ClearFlags
                0x100015f8        0x4 C:/MaximSDK/Libraries/PeriphDrivers/bin/MAX78002/softfp/libPeriphDriver_softfp.a(gpio_reva.o)
                0x100015f8                MXC_GPIO_RevA_ClearFlags
 .text.MXC_GPIO_RevA_GetFlags
                0x100015fc        0x4 C:/MaximSDK/Libraries/PeriphDrivers/bin/MAX78002/softfp/libPeriphDriver_softfp.a(gpio_reva.o)
                0x100015fc                MXC_GPIO_RevA_GetFlags
 .text.MXC_GPIO_RevA_SetVSSEL
                0x10001600       0x30 C:/MaximSDK/Libraries/PeriphDrivers/bin/MAX78002/softfp/libPeriphDriver_softfp.a(gpio_reva.o)
                0x10001600                MXC_GPIO_RevA_SetVSSEL
 .text.MXC_GPIO_RevA_SetAF
                0x10001630       0x6c C:/MaximSDK/Libraries/PeriphDrivers/bin/MAX78002/softfp/libPeriphDriver_softfp.a(gpio_reva.o)
                0x10001630                MXC_GPIO_RevA_SetAF
 .text.MXC_SPI_Shutdown
                0x1000169c       0x38 C:/MaximSDK/Libraries/PeriphDrivers/bin/MAX78002/softfp/libPeriphDriver_softfp.a(spi_ai87_v2.o)
                0x1000169c                MXC_SPI_Shutdown
 .text.MXC_SPI_GetPeripheralClock
                0x100016d4       0x70 C:/MaximSDK/Libraries/PeriphDrivers/bin/MAX78002/softfp/libPeriphDriver_softfp.a(spi_ai87_v2.o)
                0x100016d4                MXC_SPI_GetPeripheralClock
 .text.MXC_SPI_Init
                0x10001744      0x1ac C:/MaximSDK/Libraries/PeriphDrivers/bin/MAX78002/softfp/libPeriphDriver_softfp.a(spi_ai87_v2.o)
                0x10001744                MXC_SPI_Init
 .text.MXC_SPI_Init_v2
                0x100018f0      0x104 C:/MaximSDK/Libraries/PeriphDrivers/bin/MAX78002/softfp/libPeriphDriver_softfp.a(spi_ai87_v2.o)
                0x100018f0                MXC_SPI_Init_v2
 .text.MXC_SPI_ConfigTargetSelect
                0x100019f4       0x84 C:/MaximSDK/Libraries/PeriphDrivers/bin/MAX78002/softfp/libPeriphDriver_softfp.a(spi_ai87_v2.o)
                0x100019f4                MXC_SPI_ConfigTargetSelect
 .text.MXC_SPI_SetFrequency
                0x10001a78        0x4 C:/MaximSDK/Libraries/PeriphDrivers/bin/MAX78002/softfp/libPeriphDriver_softfp.a(spi_ai87_v2.o)
                0x10001a78                MXC_SPI_SetFrequency
 .text.MXC_SPI_SetInterface
                0x10001a7c        0x4 C:/MaximSDK/Libraries/PeriphDrivers/bin/MAX78002/softfp/libPeriphDriver_softfp.a(spi_ai87_v2.o)
                0x10001a7c                MXC_SPI_SetInterface
 .text.MXC_SPI_SetClkMode
                0x10001a80        0x4 C:/MaximSDK/Libraries/PeriphDrivers/bin/MAX78002/softfp/libPeriphDriver_softfp.a(spi_ai87_v2.o)
                0x10001a80                MXC_SPI_SetClkMode
 .text.MXC_SPI_ControllerTransactionB
                0x10001a84       0x10 C:/MaximSDK/Libraries/PeriphDrivers/bin/MAX78002/softfp/libPeriphDriver_softfp.a(spi_ai87_v2.o)
                0x10001a84                MXC_SPI_ControllerTransactionB
 .text.MXC_SPI_Handler
                0x10001a94        0x4 C:/MaximSDK/Libraries/PeriphDrivers/bin/MAX78002/softfp/libPeriphDriver_softfp.a(spi_ai87_v2.o)
                0x10001a94                MXC_SPI_Handler
 .text.MXC_SPI_SetDataSize
                0x10001a98        0x4 C:/MaximSDK/Libraries/PeriphDrivers/bin/MAX78002/softfp/libPeriphDriver_softfp.a(spi_ai87_v2.o)
                0x10001a98                MXC_SPI_SetDataSize
 .text.MXC_SPI_SetWidth
                0x10001a9c       0x2c C:/MaximSDK/Libraries/PeriphDrivers/bin/MAX78002/softfp/libPeriphDriver_softfp.a(spi_ai87_v2.o)
                0x10001a9c                MXC_SPI_SetWidth
 .text.MXC_SPI_SetMode
                0x10001ac8       0x10 C:/MaximSDK/Libraries/PeriphDrivers/bin/MAX78002/softfp/libPeriphDriver_softfp.a(spi_ai87_v2.o)
                0x10001ac8                MXC_SPI_SetMode
 .text.MXC_SPI_RevA2_resetStateStruct
                0x10001ad8       0x60 C:/MaximSDK/Libraries/PeriphDrivers/bin/MAX78002/softfp/libPeriphDriver_softfp.a(spi_reva2.o)
 .text.MXC_SPI_RevA2_writeTXFIFO16
                0x10001b38       0x74 C:/MaximSDK/Libraries/PeriphDrivers/bin/MAX78002/softfp/libPeriphDriver_softfp.a(spi_reva2.o)
 .text.MXC_SPI_RevA2_process
                0x10001bac      0x1ac C:/MaximSDK/Libraries/PeriphDrivers/bin/MAX78002/softfp/libPeriphDriver_softfp.a(spi_reva2.o)
 .text.MXC_SPI_RevA2_Init
                0x10001d58      0x308 C:/MaximSDK/Libraries/PeriphDrivers/bin/MAX78002/softfp/libPeriphDriver_softfp.a(spi_reva2.o)
                0x10001d58                MXC_SPI_RevA2_Init
 .text.MXC_SPI_RevA2_Shutdown
                0x10002060       0xa8 C:/MaximSDK/Libraries/PeriphDrivers/bin/MAX78002/softfp/libPeriphDriver_softfp.a(spi_reva2.o)
                0x10002060                MXC_SPI_RevA2_Shutdown
 .text.MXC_SPI_RevA2_SetFrequency
                0x10002108       0x94 C:/MaximSDK/Libraries/PeriphDrivers/bin/MAX78002/softfp/libPeriphDriver_softfp.a(spi_reva2.o)
                0x10002108                MXC_SPI_RevA2_SetFrequency
 .text.MXC_SPI_RevA2_SetFrameSize
                0x1000219c       0x80 C:/MaximSDK/Libraries/PeriphDrivers/bin/MAX78002/softfp/libPeriphDriver_softfp.a(spi_reva2.o)
                0x1000219c                MXC_SPI_RevA2_SetFrameSize
 .text.MXC_SPI_RevA2_SetInterface
                0x1000221c       0x6c C:/MaximSDK/Libraries/PeriphDrivers/bin/MAX78002/softfp/libPeriphDriver_softfp.a(spi_reva2.o)
                0x1000221c                MXC_SPI_RevA2_SetInterface
 .text.MXC_SPI_RevA2_SetClkMode
                0x10002288       0x88 C:/MaximSDK/Libraries/PeriphDrivers/bin/MAX78002/softfp/libPeriphDriver_softfp.a(spi_reva2.o)
                0x10002288                MXC_SPI_RevA2_SetClkMode
 .text.MXC_SPI_RevA2_ControllerTransaction
                0x10002310      0x1d8 C:/MaximSDK/Libraries/PeriphDrivers/bin/MAX78002/softfp/libPeriphDriver_softfp.a(spi_reva2.o)
                0x10002310                MXC_SPI_RevA2_ControllerTransaction
 .text.MXC_SPI_RevA2_ControllerTransactionB
                0x100024e8       0x54 C:/MaximSDK/Libraries/PeriphDrivers/bin/MAX78002/softfp/libPeriphDriver_softfp.a(spi_reva2.o)
                0x100024e8                MXC_SPI_RevA2_ControllerTransactionB
 .text.MXC_SPI_RevA2_Handler
                0x1000253c       0xd0 C:/MaximSDK/Libraries/PeriphDrivers/bin/MAX78002/softfp/libPeriphDriver_softfp.a(spi_reva2.o)
                0x1000253c                MXC_SPI_RevA2_Handler
 .text.MXC_UART_Shutdown
                0x1000260c       0x70 C:/MaximSDK/Libraries/PeriphDrivers/bin/MAX78002/softfp/libPeriphDriver_softfp.a(uart_ai87.o)
                0x1000260c                MXC_UART_Shutdown
 .text.MXC_UART_Init
                0x1000267c       0xb8 C:/MaximSDK/Libraries/PeriphDrivers/bin/MAX78002/softfp/libPeriphDriver_softfp.a(uart_ai87.o)
                0x1000267c                MXC_UART_Init
 .text.MXC_UART_SetFrequency
                0x10002734       0xd0 C:/MaximSDK/Libraries/PeriphDrivers/bin/MAX78002/softfp/libPeriphDriver_softfp.a(uart_ai87.o)
                0x10002734                MXC_UART_SetFrequency
 .text.MXC_UART_GetFrequency
                0x10002804       0x5c C:/MaximSDK/Libraries/PeriphDrivers/bin/MAX78002/softfp/libPeriphDriver_softfp.a(uart_ai87.o)
                0x10002804                MXC_UART_GetFrequency
 .text.MXC_UART_SetDataSize
                0x10002860        0x4 C:/MaximSDK/Libraries/PeriphDrivers/bin/MAX78002/softfp/libPeriphDriver_softfp.a(uart_ai87.o)
                0x10002860                MXC_UART_SetDataSize
 .text.MXC_UART_SetStopBits
                0x10002864        0x4 C:/MaximSDK/Libraries/PeriphDrivers/bin/MAX78002/softfp/libPeriphDriver_softfp.a(uart_ai87.o)
                0x10002864                MXC_UART_SetStopBits
 .text.MXC_UART_SetParity
                0x10002868        0x4 C:/MaximSDK/Libraries/PeriphDrivers/bin/MAX78002/softfp/libPeriphDriver_softfp.a(uart_ai87.o)
                0x10002868                MXC_UART_SetParity
 .text.MXC_UART_ReadCharacterRaw
                0x1000286c        0x4 C:/MaximSDK/Libraries/PeriphDrivers/bin/MAX78002/softfp/libPeriphDriver_softfp.a(uart_ai87.o)
                0x1000286c                MXC_UART_ReadCharacterRaw
 .text.MXC_UART_WriteCharacterRaw
                0x10002870        0x4 C:/MaximSDK/Libraries/PeriphDrivers/bin/MAX78002/softfp/libPeriphDriver_softfp.a(uart_ai87.o)
                0x10002870                MXC_UART_WriteCharacterRaw
 .text.MXC_UART_ReadCharacter
                0x10002874        0x4 C:/MaximSDK/Libraries/PeriphDrivers/bin/MAX78002/softfp/libPeriphDriver_softfp.a(uart_ai87.o)
                0x10002874                MXC_UART_ReadCharacter
 .text.MXC_UART_WriteCharacter
                0x10002878        0x4 C:/MaximSDK/Libraries/PeriphDrivers/bin/MAX78002/softfp/libPeriphDriver_softfp.a(uart_ai87.o)
                0x10002878                MXC_UART_WriteCharacter
 .text.MXC_UART_GetRXFIFOAvailable
                0x1000287c        0x4 C:/MaximSDK/Libraries/PeriphDrivers/bin/MAX78002/softfp/libPeriphDriver_softfp.a(uart_ai87.o)
                0x1000287c                MXC_UART_GetRXFIFOAvailable
 .text.MXC_UART_GetTXFIFOAvailable
                0x10002880        0x4 C:/MaximSDK/Libraries/PeriphDrivers/bin/MAX78002/softfp/libPeriphDriver_softfp.a(uart_ai87.o)
                0x10002880                MXC_UART_GetTXFIFOAvailable
 .text.MXC_UART_SetRXThreshold
                0x10002884        0x4 C:/MaximSDK/Libraries/PeriphDrivers/bin/MAX78002/softfp/libPeriphDriver_softfp.a(uart_ai87.o)
                0x10002884                MXC_UART_SetRXThreshold
 .text.MXC_UART_Common_ReadCharacter
                0x10002888       0x18 C:/MaximSDK/Libraries/PeriphDrivers/bin/MAX78002/softfp/libPeriphDriver_softfp.a(uart_common.o)
                0x10002888                MXC_UART_Common_ReadCharacter
 .text.MXC_UART_Common_WriteCharacter
                0x100028a0       0x1c C:/MaximSDK/Libraries/PeriphDrivers/bin/MAX78002/softfp/libPeriphDriver_softfp.a(uart_common.o)
                0x100028a0                MXC_UART_Common_WriteCharacter
 .text.MXC_UART_RevB_Init
                0x100028bc       0x70 C:/MaximSDK/Libraries/PeriphDrivers/bin/MAX78002/softfp/libPeriphDriver_softfp.a(uart_revb.o)
                0x100028bc                MXC_UART_RevB_Init
 .text.MXC_UART_RevB_SetFrequency
                0x1000292c       0x9c C:/MaximSDK/Libraries/PeriphDrivers/bin/MAX78002/softfp/libPeriphDriver_softfp.a(uart_revb.o)
                0x1000292c                MXC_UART_RevB_SetFrequency
 .text.MXC_UART_RevB_GetFrequency
                0x100029c8       0x7c C:/MaximSDK/Libraries/PeriphDrivers/bin/MAX78002/softfp/libPeriphDriver_softfp.a(uart_revb.o)
                0x100029c8                MXC_UART_RevB_GetFrequency
 .text.MXC_UART_RevB_SetDataSize
                0x10002a44       0x40 C:/MaximSDK/Libraries/PeriphDrivers/bin/MAX78002/softfp/libPeriphDriver_softfp.a(uart_revb.o)
                0x10002a44                MXC_UART_RevB_SetDataSize
 .text.MXC_UART_RevB_SetStopBits
                0x10002a84       0x4c C:/MaximSDK/Libraries/PeriphDrivers/bin/MAX78002/softfp/libPeriphDriver_softfp.a(uart_revb.o)
                0x10002a84                MXC_UART_RevB_SetStopBits
 .text.MXC_UART_RevB_SetParity
                0x10002ad0       0xb4 C:/MaximSDK/Libraries/PeriphDrivers/bin/MAX78002/softfp/libPeriphDriver_softfp.a(uart_revb.o)
                0x10002ad0                MXC_UART_RevB_SetParity
 .text.MXC_UART_RevB_ReadCharacterRaw
                0x10002b84       0x38 C:/MaximSDK/Libraries/PeriphDrivers/bin/MAX78002/softfp/libPeriphDriver_softfp.a(uart_revb.o)
                0x10002b84                MXC_UART_RevB_ReadCharacterRaw
 .text.MXC_UART_RevB_WriteCharacterRaw
                0x10002bbc       0x3c C:/MaximSDK/Libraries/PeriphDrivers/bin/MAX78002/softfp/libPeriphDriver_softfp.a(uart_revb.o)
                0x10002bbc                MXC_UART_RevB_WriteCharacterRaw
 .text.MXC_UART_RevB_GetRXFIFOAvailable
                0x10002bf8        0x8 C:/MaximSDK/Libraries/PeriphDrivers/bin/MAX78002/softfp/libPeriphDriver_softfp.a(uart_revb.o)
                0x10002bf8                MXC_UART_RevB_GetRXFIFOAvailable
 .text.MXC_UART_RevB_GetTXFIFOAvailable
                0x10002c00        0xc C:/MaximSDK/Libraries/PeriphDrivers/bin/MAX78002/softfp/libPeriphDriver_softfp.a(uart_revb.o)
                0x10002c00                MXC_UART_RevB_GetTXFIFOAvailable
 .text.MXC_UART_RevB_SetRXThreshold
                0x10002c0c       0x40 C:/MaximSDK/Libraries/PeriphDrivers/bin/MAX78002/softfp/libPeriphDriver_softfp.a(uart_revb.o)
                0x10002c0c                MXC_UART_RevB_SetRXThreshold
 .text.MXC_GetLock
                0x10002c4c       0x1c C:/MaximSDK/Libraries/PeriphDrivers/bin/MAX78002/softfp/libPeriphDriver_softfp.a(mxc_lock.o)
                0x10002c4c                MXC_GetLock
 .text.MXC_FreeLock
                0x10002c68        0xc C:/MaximSDK/Libraries/PeriphDrivers/bin/MAX78002/softfp/libPeriphDriver_softfp.a(mxc_lock.o)
                0x10002c68                MXC_FreeLock
 .text.MXC_GPIO_Common_Init
                0x10002c74       0x24 C:/MaximSDK/Libraries/PeriphDrivers/bin/MAX78002/softfp/libPeriphDriver_softfp.a(gpio_common.o)
                0x10002c74                MXC_GPIO_Common_Init
 .text.MXC_GPIO_Common_Handler
                0x10002c98       0x88 C:/MaximSDK/Libraries/PeriphDrivers/bin/MAX78002/softfp/libPeriphDriver_softfp.a(gpio_common.o)
                0x10002c98                MXC_GPIO_Common_Handler
 .text.__errno  0x10002d20        0xc c:/maximsdk/tools/gnutools/10.3/bin/../lib/gcc/arm-none-eabi/10.3.1/../../../../arm-none-eabi/lib/thumb/v7e-m+fp/softfp\libc.a(lib_a-errno.o)
                0x10002d20                __errno
 .text.__libc_init_array
                0x10002d2c       0x48 c:/maximsdk/tools/gnutools/10.3/bin/../lib/gcc/arm-none-eabi/10.3.1/../../../../arm-none-eabi/lib/thumb/v7e-m+fp/softfp\libc.a(lib_a-init.o)
                0x10002d2c                __libc_init_array
 .text._malloc_r
                0x10002d74      0x560 c:/maximsdk/tools/gnutools/10.3/bin/../lib/gcc/arm-none-eabi/10.3.1/../../../../arm-none-eabi/lib/thumb/v7e-m+fp/softfp\libc.a(lib_a-mallocr.o)
                0x10002d74                _malloc_r
 .text          0x100032d4      0x134 c:/maximsdk/tools/gnutools/10.3/bin/../lib/gcc/arm-none-eabi/10.3.1/../../../../arm-none-eabi/lib/thumb/v7e-m+fp/softfp\libc.a(lib_a-memcpy.o)
                0x100032d4                memcpy
 .text.memset   0x10003408       0xa4 c:/maximsdk/tools/gnutools/10.3/bin/../lib/gcc/arm-none-eabi/10.3.1/../../../../arm-none-eabi/lib/thumb/v7e-m+fp/softfp\libc.a(lib_a-memset.o)
                0x10003408                memset
 .text.__malloc_lock
                0x100034ac        0xc c:/maximsdk/tools/gnutools/10.3/bin/../lib/gcc/arm-none-eabi/10.3.1/../../../../arm-none-eabi/lib/thumb/v7e-m+fp/softfp\libc.a(lib_a-mlock.o)
                0x100034ac                __malloc_lock
 .text.__malloc_unlock
                0x100034b8        0xc c:/maximsdk/tools/gnutools/10.3/bin/../lib/gcc/arm-none-eabi/10.3.1/../../../../arm-none-eabi/lib/thumb/v7e-m+fp/softfp\libc.a(lib_a-mlock.o)
                0x100034b8                __malloc_unlock
 .text.printf   0x100034c4       0x28 c:/maximsdk/tools/gnutools/10.3/bin/../lib/gcc/arm-none-eabi/10.3.1/../../../../arm-none-eabi/lib/thumb/v7e-m+fp/softfp\libc.a(lib_a-printf.o)
                0x100034c4                printf
 .text._puts_r  0x100034ec       0x9c c:/maximsdk/tools/gnutools/10.3/bin/../lib/gcc/arm-none-eabi/10.3.1/../../../../arm-none-eabi/lib/thumb/v7e-m+fp/softfp\libc.a(lib_a-puts.o)
                0x100034ec                _puts_r
 .text.puts     0x10003588       0x10 c:/maximsdk/tools/gnutools/10.3/bin/../lib/gcc/arm-none-eabi/10.3.1/../../../../arm-none-eabi/lib/thumb/v7e-m+fp/softfp\libc.a(lib_a-puts.o)
                0x10003588                puts
 .text._sbrk_r  0x10003598       0x24 c:/maximsdk/tools/gnutools/10.3/bin/../lib/gcc/arm-none-eabi/10.3.1/../../../../arm-none-eabi/lib/thumb/v7e-m+fp/softfp\libc.a(lib_a-sbrkr.o)
                0x10003598                _sbrk_r
 *fill*         0x100035bc        0x4 
 .text          0x100035c0       0xdc c:/maximsdk/tools/gnutools/10.3/bin/../lib/gcc/arm-none-eabi/10.3.1/../../../../arm-none-eabi/lib/thumb/v7e-m+fp/softfp\libc.a(lib_a-strlen.o)
                0x100035c0                strlen
 *fill*         0x1000369c        0x4 
 .text._vfprintf_r
                0x100036a0     0x1b8c c:/maximsdk/tools/gnutools/10.3/bin/../lib/gcc/arm-none-eabi/10.3.1/../../../../arm-none-eabi/lib/thumb/v7e-m+fp/softfp\libc.a(lib_a-vfprintf.o)
                0x100036a0                _vfprintf_r
 .text.__sbprintf
                0x1000522c       0x80 c:/maximsdk/tools/gnutools/10.3/bin/../lib/gcc/arm-none-eabi/10.3.1/../../../../arm-none-eabi/lib/thumb/v7e-m+fp/softfp\libc.a(lib_a-vfprintf.o)
 .text.__swsetup_r
                0x100052ac       0xd4 c:/maximsdk/tools/gnutools/10.3/bin/../lib/gcc/arm-none-eabi/10.3.1/../../../../arm-none-eabi/lib/thumb/v7e-m+fp/softfp\libc.a(lib_a-wsetup.o)
                0x100052ac                __swsetup_r
 .text.startup.register_fini
                0x10005380       0x14 c:/maximsdk/tools/gnutools/10.3/bin/../lib/gcc/arm-none-eabi/10.3.1/../../../../arm-none-eabi/lib/thumb/v7e-m+fp/softfp\libc.a(lib_a-__call_atexit.o)
 .text.atexit   0x10005394        0xc c:/maximsdk/tools/gnutools/10.3/bin/../lib/gcc/arm-none-eabi/10.3.1/../../../../arm-none-eabi/lib/thumb/v7e-m+fp/softfp\libc.a(lib_a-atexit.o)
                0x10005394                atexit
 .text.quorem   0x100053a0      0x128 c:/maximsdk/tools/gnutools/10.3/bin/../lib/gcc/arm-none-eabi/10.3.1/../../../../arm-none-eabi/lib/thumb/v7e-m+fp/softfp\libc.a(lib_a-dtoa.o)
 .text._dtoa_r  0x100054c8      0xf34 c:/maximsdk/tools/gnutools/10.3/bin/../lib/gcc/arm-none-eabi/10.3.1/../../../../arm-none-eabi/lib/thumb/v7e-m+fp/softfp\libc.a(lib_a-dtoa.o)
                0x100054c8                _dtoa_r
 .text.__sflush_r
                0x100063fc      0x130 c:/maximsdk/tools/gnutools/10.3/bin/../lib/gcc/arm-none-eabi/10.3.1/../../../../arm-none-eabi/lib/thumb/v7e-m+fp/softfp\libc.a(lib_a-fflush.o)
                0x100063fc                __sflush_r
 .text._fflush_r
                0x1000652c       0x5c c:/maximsdk/tools/gnutools/10.3/bin/../lib/gcc/arm-none-eabi/10.3.1/../../../../arm-none-eabi/lib/thumb/v7e-m+fp/softfp\libc.a(lib_a-fflush.o)
                0x1000652c                _fflush_r
 .text._cleanup_r
                0x10006588        0xc c:/maximsdk/tools/gnutools/10.3/bin/../lib/gcc/arm-none-eabi/10.3.1/../../../../arm-none-eabi/lib/thumb/v7e-m+fp/softfp\libc.a(lib_a-findfp.o)
                0x10006588                _cleanup_r
 .text.__sinit  0x10006594      0x10c c:/maximsdk/tools/gnutools/10.3/bin/../lib/gcc/arm-none-eabi/10.3.1/../../../../arm-none-eabi/lib/thumb/v7e-m+fp/softfp\libc.a(lib_a-findfp.o)
                0x10006594                __sinit
 .text.__sfp_lock_acquire
                0x100066a0        0xc c:/maximsdk/tools/gnutools/10.3/bin/../lib/gcc/arm-none-eabi/10.3.1/../../../../arm-none-eabi/lib/thumb/v7e-m+fp/softfp\libc.a(lib_a-findfp.o)
                0x100066a0                __sfp_lock_acquire
 .text.__sfp_lock_release
                0x100066ac        0xc c:/maximsdk/tools/gnutools/10.3/bin/../lib/gcc/arm-none-eabi/10.3.1/../../../../arm-none-eabi/lib/thumb/v7e-m+fp/softfp\libc.a(lib_a-findfp.o)
                0x100066ac                __sfp_lock_release
 .text.__libc_fini_array
                0x100066b8       0x2c c:/maximsdk/tools/gnutools/10.3/bin/../lib/gcc/arm-none-eabi/10.3.1/../../../../arm-none-eabi/lib/thumb/v7e-m+fp/softfp\libc.a(lib_a-fini.o)
                0x100066b8                __libc_fini_array
 .text._malloc_trim_r
                0x100066e4       0xa0 c:/maximsdk/tools/gnutools/10.3/bin/../lib/gcc/arm-none-eabi/10.3.1/../../../../arm-none-eabi/lib/thumb/v7e-m+fp/softfp\libc.a(lib_a-freer.o)
                0x100066e4                _malloc_trim_r
 .text._free_r  0x10006784      0x20c c:/maximsdk/tools/gnutools/10.3/bin/../lib/gcc/arm-none-eabi/10.3.1/../../../../arm-none-eabi/lib/thumb/v7e-m+fp/softfp\libc.a(lib_a-freer.o)
                0x10006784                _free_r
 .text.__sfvwrite_r
                0x10006990      0x2f0 c:/maximsdk/tools/gnutools/10.3/bin/../lib/gcc/arm-none-eabi/10.3.1/../../../../arm-none-eabi/lib/thumb/v7e-m+fp/softfp\libc.a(lib_a-fvwrite.o)
                0x10006990                __sfvwrite_r
 .text._fwalk_reent
                0x10006c80       0x48 c:/maximsdk/tools/gnutools/10.3/bin/../lib/gcc/arm-none-eabi/10.3.1/../../../../arm-none-eabi/lib/thumb/v7e-m+fp/softfp\libc.a(lib_a-fwalk.o)
                0x10006c80                _fwalk_reent
 .text._localeconv_r
                0x10006cc8        0x8 c:/maximsdk/tools/gnutools/10.3/bin/../lib/gcc/arm-none-eabi/10.3.1/../../../../arm-none-eabi/lib/thumb/v7e-m+fp/softfp\libc.a(lib_a-localeconv.o)
                0x10006cc8                _localeconv_r
 .text.__retarget_lock_init_recursive
                0x10006cd0        0x4 c:/maximsdk/tools/gnutools/10.3/bin/../lib/gcc/arm-none-eabi/10.3.1/../../../../arm-none-eabi/lib/thumb/v7e-m+fp/softfp\libc.a(lib_a-lock.o)
                0x10006cd0                __retarget_lock_init_recursive
 .text.__retarget_lock_close_recursive
                0x10006cd4        0x4 c:/maximsdk/tools/gnutools/10.3/bin/../lib/gcc/arm-none-eabi/10.3.1/../../../../arm-none-eabi/lib/thumb/v7e-m+fp/softfp\libc.a(lib_a-lock.o)
                0x10006cd4                __retarget_lock_close_recursive
 .text.__retarget_lock_acquire_recursive
                0x10006cd8        0x4 c:/maximsdk/tools/gnutools/10.3/bin/../lib/gcc/arm-none-eabi/10.3.1/../../../../arm-none-eabi/lib/thumb/v7e-m+fp/softfp\libc.a(lib_a-lock.o)
                0x10006cd8                __retarget_lock_acquire_recursive
 .text.__retarget_lock_release_recursive
                0x10006cdc        0x4 c:/maximsdk/tools/gnutools/10.3/bin/../lib/gcc/arm-none-eabi/10.3.1/../../../../arm-none-eabi/lib/thumb/v7e-m+fp/softfp\libc.a(lib_a-lock.o)
                0x10006cdc                __retarget_lock_release_recursive
 .text.__smakebuf_r
                0x10006ce0       0xe0 c:/maximsdk/tools/gnutools/10.3/bin/../lib/gcc/arm-none-eabi/10.3.1/../../../../arm-none-eabi/lib/thumb/v7e-m+fp/softfp\libc.a(lib_a-makebuf.o)
                0x10006ce0                __smakebuf_r
 .text          0x10006dc0       0xa0 c:/maximsdk/tools/gnutools/10.3/bin/../lib/gcc/arm-none-eabi/10.3.1/../../../../arm-none-eabi/lib/thumb/v7e-m+fp/softfp\libc.a(lib_a-memchr.o)
                0x10006dc0                memchr
 .text.memmove  0x10006e60       0xf8 c:/maximsdk/tools/gnutools/10.3/bin/../lib/gcc/arm-none-eabi/10.3.1/../../../../arm-none-eabi/lib/thumb/v7e-m+fp/softfp\libc.a(lib_a-memmove.o)
                0x10006e60                memmove
 .text._Balloc  0x10006f58       0x4c c:/maximsdk/tools/gnutools/10.3/bin/../lib/gcc/arm-none-eabi/10.3.1/../../../../arm-none-eabi/lib/thumb/v7e-m+fp/softfp\libc.a(lib_a-mprec.o)
                0x10006f58                _Balloc
 .text._Bfree   0x10006fa4       0x14 c:/maximsdk/tools/gnutools/10.3/bin/../lib/gcc/arm-none-eabi/10.3.1/../../../../arm-none-eabi/lib/thumb/v7e-m+fp/softfp\libc.a(lib_a-mprec.o)
                0x10006fa4                _Bfree
 .text.__multadd
                0x10006fb8       0xa8 c:/maximsdk/tools/gnutools/10.3/bin/../lib/gcc/arm-none-eabi/10.3.1/../../../../arm-none-eabi/lib/thumb/v7e-m+fp/softfp\libc.a(lib_a-mprec.o)
                0x10006fb8                __multadd
 .text.__hi0bits
                0x10007060       0x40 c:/maximsdk/tools/gnutools/10.3/bin/../lib/gcc/arm-none-eabi/10.3.1/../../../../arm-none-eabi/lib/thumb/v7e-m+fp/softfp\libc.a(lib_a-mprec.o)
                0x10007060                __hi0bits
 .text.__lo0bits
                0x100070a0       0x60 c:/maximsdk/tools/gnutools/10.3/bin/../lib/gcc/arm-none-eabi/10.3.1/../../../../arm-none-eabi/lib/thumb/v7e-m+fp/softfp\libc.a(lib_a-mprec.o)
                0x100070a0                __lo0bits
 .text.__i2b    0x10007100       0x5c c:/maximsdk/tools/gnutools/10.3/bin/../lib/gcc/arm-none-eabi/10.3.1/../../../../arm-none-eabi/lib/thumb/v7e-m+fp/softfp\libc.a(lib_a-mprec.o)
                0x10007100                __i2b
 .text.__multiply
                0x1000715c      0x15c c:/maximsdk/tools/gnutools/10.3/bin/../lib/gcc/arm-none-eabi/10.3.1/../../../../arm-none-eabi/lib/thumb/v7e-m+fp/softfp\libc.a(lib_a-mprec.o)
                0x1000715c                __multiply
 .text.__pow5mult
                0x100072b8       0xc0 c:/maximsdk/tools/gnutools/10.3/bin/../lib/gcc/arm-none-eabi/10.3.1/../../../../arm-none-eabi/lib/thumb/v7e-m+fp/softfp\libc.a(lib_a-mprec.o)
                0x100072b8                __pow5mult
 .text.__lshift
                0x10007378       0xf0 c:/maximsdk/tools/gnutools/10.3/bin/../lib/gcc/arm-none-eabi/10.3.1/../../../../arm-none-eabi/lib/thumb/v7e-m+fp/softfp\libc.a(lib_a-mprec.o)
                0x10007378                __lshift
 .text.__mcmp   0x10007468       0x44 c:/maximsdk/tools/gnutools/10.3/bin/../lib/gcc/arm-none-eabi/10.3.1/../../../../arm-none-eabi/lib/thumb/v7e-m+fp/softfp\libc.a(lib_a-mprec.o)
                0x10007468                __mcmp
 .text.__mdiff  0x100074ac      0x14c c:/maximsdk/tools/gnutools/10.3/bin/../lib/gcc/arm-none-eabi/10.3.1/../../../../arm-none-eabi/lib/thumb/v7e-m+fp/softfp\libc.a(lib_a-mprec.o)
                0x100074ac                __mdiff
 .text.__d2b    0x100075f8       0xc4 c:/maximsdk/tools/gnutools/10.3/bin/../lib/gcc/arm-none-eabi/10.3.1/../../../../arm-none-eabi/lib/thumb/v7e-m+fp/softfp\libc.a(lib_a-mprec.o)
                0x100075f8                __d2b
 .text._realloc_r
                0x100076bc      0x3d8 c:/maximsdk/tools/gnutools/10.3/bin/../lib/gcc/arm-none-eabi/10.3.1/../../../../arm-none-eabi/lib/thumb/v7e-m+fp/softfp\libc.a(lib_a-reallocr.o)
                0x100076bc                _realloc_r
 .text.frexp    0x10007a94       0x70 c:/maximsdk/tools/gnutools/10.3/bin/../lib/gcc/arm-none-eabi/10.3.1/../../../../arm-none-eabi/lib/thumb/v7e-m+fp/softfp\libc.a(lib_a-s_frexp.o)
                0x10007a94                frexp
 .text.__sread  0x10007b04       0x24 c:/maximsdk/tools/gnutools/10.3/bin/../lib/gcc/arm-none-eabi/10.3.1/../../../../arm-none-eabi/lib/thumb/v7e-m+fp/softfp\libc.a(lib_a-stdio.o)
                0x10007b04                __sread
 .text.__swrite
                0x10007b28       0x40 c:/maximsdk/tools/gnutools/10.3/bin/../lib/gcc/arm-none-eabi/10.3.1/../../../../arm-none-eabi/lib/thumb/v7e-m+fp/softfp\libc.a(lib_a-stdio.o)
                0x10007b28                __swrite
 .text.__sseek  0x10007b68       0x20 c:/maximsdk/tools/gnutools/10.3/bin/../lib/gcc/arm-none-eabi/10.3.1/../../../../arm-none-eabi/lib/thumb/v7e-m+fp/softfp\libc.a(lib_a-stdio.o)
                0x10007b68                __sseek
 .text.__sclose
                0x10007b88        0x8 c:/maximsdk/tools/gnutools/10.3/bin/../lib/gcc/arm-none-eabi/10.3.1/../../../../arm-none-eabi/lib/thumb/v7e-m+fp/softfp\libc.a(lib_a-stdio.o)
                0x10007b88                __sclose
 .text.strncpy  0x10007b90       0x64 c:/maximsdk/tools/gnutools/10.3/bin/../lib/gcc/arm-none-eabi/10.3.1/../../../../arm-none-eabi/lib/thumb/v7e-m+fp/softfp\libc.a(lib_a-strncpy.o)
                0x10007b90                strncpy
 .text.__sprint_r.part.0
                0x10007bf4       0x78 c:/maximsdk/tools/gnutools/10.3/bin/../lib/gcc/arm-none-eabi/10.3.1/../../../../arm-none-eabi/lib/thumb/v7e-m+fp/softfp\libc.a(lib_a-vfiprintf.o)
 .text.__sprint_r
                0x10007c6c       0x18 c:/maximsdk/tools/gnutools/10.3/bin/../lib/gcc/arm-none-eabi/10.3.1/../../../../arm-none-eabi/lib/thumb/v7e-m+fp/softfp\libc.a(lib_a-vfiprintf.o)
                0x10007c6c                __sprint_r
 .text._vfiprintf_r
                0x10007c84      0xdfc c:/maximsdk/tools/gnutools/10.3/bin/../lib/gcc/arm-none-eabi/10.3.1/../../../../arm-none-eabi/lib/thumb/v7e-m+fp/softfp\libc.a(lib_a-vfiprintf.o)
                0x10007c84                _vfiprintf_r
 .text.__sbprintf
                0x10008a80       0x80 c:/maximsdk/tools/gnutools/10.3/bin/../lib/gcc/arm-none-eabi/10.3.1/../../../../arm-none-eabi/lib/thumb/v7e-m+fp/softfp\libc.a(lib_a-vfiprintf.o)
 .text._write_r
                0x10008b00       0x2c c:/maximsdk/tools/gnutools/10.3/bin/../lib/gcc/arm-none-eabi/10.3.1/../../../../arm-none-eabi/lib/thumb/v7e-m+fp/softfp\libc.a(lib_a-writer.o)
                0x10008b00                _write_r
 .text.__register_exitproc
                0x10008b2c       0x8c c:/maximsdk/tools/gnutools/10.3/bin/../lib/gcc/arm-none-eabi/10.3.1/../../../../arm-none-eabi/lib/thumb/v7e-m+fp/softfp\libc.a(lib_a-__atexit.o)
                0x10008b2c                __register_exitproc
 .text.__assert_func
                0x10008bb8       0x40 c:/maximsdk/tools/gnutools/10.3/bin/../lib/gcc/arm-none-eabi/10.3.1/../../../../arm-none-eabi/lib/thumb/v7e-m+fp/softfp\libc.a(lib_a-assert.o)
                0x10008bb8                __assert_func
 .text._calloc_r
                0x10008bf8       0x78 c:/maximsdk/tools/gnutools/10.3/bin/../lib/gcc/arm-none-eabi/10.3.1/../../../../arm-none-eabi/lib/thumb/v7e-m+fp/softfp\libc.a(lib_a-callocr.o)
                0x10008bf8                _calloc_r
 .text._close_r
                0x10008c70       0x24 c:/maximsdk/tools/gnutools/10.3/bin/../lib/gcc/arm-none-eabi/10.3.1/../../../../arm-none-eabi/lib/thumb/v7e-m+fp/softfp\libc.a(lib_a-closer.o)
                0x10008c70                _close_r
 .text._fclose_r
                0x10008c94       0xcc c:/maximsdk/tools/gnutools/10.3/bin/../lib/gcc/arm-none-eabi/10.3.1/../../../../arm-none-eabi/lib/thumb/v7e-m+fp/softfp\libc.a(lib_a-fclose.o)
                0x10008c94                _fclose_r
 .text.fiprintf
                0x10008d60       0x28 c:/maximsdk/tools/gnutools/10.3/bin/../lib/gcc/arm-none-eabi/10.3.1/../../../../arm-none-eabi/lib/thumb/v7e-m+fp/softfp\libc.a(lib_a-fiprintf.o)
                0x10008d60                fiprintf
 .text.__fputwc
                0x10008d88       0xa8 c:/maximsdk/tools/gnutools/10.3/bin/../lib/gcc/arm-none-eabi/10.3.1/../../../../arm-none-eabi/lib/thumb/v7e-m+fp/softfp\libc.a(lib_a-fputwc.o)
                0x10008d88                __fputwc
 .text._fputwc_r
                0x10008e30       0x68 c:/maximsdk/tools/gnutools/10.3/bin/../lib/gcc/arm-none-eabi/10.3.1/../../../../arm-none-eabi/lib/thumb/v7e-m+fp/softfp\libc.a(lib_a-fputwc.o)
                0x10008e30                _fputwc_r
 .text._fstat_r
                0x10008e98       0x2c c:/maximsdk/tools/gnutools/10.3/bin/../lib/gcc/arm-none-eabi/10.3.1/../../../../arm-none-eabi/lib/thumb/v7e-m+fp/softfp\libc.a(lib_a-fstatr.o)
                0x10008e98                _fstat_r
 .text._isatty_r
                0x10008ec4       0x24 c:/maximsdk/tools/gnutools/10.3/bin/../lib/gcc/arm-none-eabi/10.3.1/../../../../arm-none-eabi/lib/thumb/v7e-m+fp/softfp\libc.a(lib_a-isattyr.o)
                0x10008ec4                _isatty_r
 .text.__locale_mb_cur_max
                0x10008ee8        0xc c:/maximsdk/tools/gnutools/10.3/bin/../lib/gcc/arm-none-eabi/10.3.1/../../../../arm-none-eabi/lib/thumb/v7e-m+fp/softfp\libc.a(lib_a-locale.o)
                0x10008ee8                __locale_mb_cur_max
 .text._lseek_r
                0x10008ef4       0x2c c:/maximsdk/tools/gnutools/10.3/bin/../lib/gcc/arm-none-eabi/10.3.1/../../../../arm-none-eabi/lib/thumb/v7e-m+fp/softfp\libc.a(lib_a-lseekr.o)
                0x10008ef4                _lseek_r
 .text.__ascii_mbtowc
                0x10008f20       0x2c c:/maximsdk/tools/gnutools/10.3/bin/../lib/gcc/arm-none-eabi/10.3.1/../../../../arm-none-eabi/lib/thumb/v7e-m+fp/softfp\libc.a(lib_a-mbtowc_r.o)
                0x10008f20                __ascii_mbtowc
 .text._read_r  0x10008f4c       0x2c c:/maximsdk/tools/gnutools/10.3/bin/../lib/gcc/arm-none-eabi/10.3.1/../../../../arm-none-eabi/lib/thumb/v7e-m+fp/softfp\libc.a(lib_a-readr.o)
                0x10008f4c                _read_r
 .text.__swbuf_r
                0x10008f78       0xb0 c:/maximsdk/tools/gnutools/10.3/bin/../lib/gcc/arm-none-eabi/10.3.1/../../../../arm-none-eabi/lib/thumb/v7e-m+fp/softfp\libc.a(lib_a-wbuf.o)
                0x10008f78                __swbuf_r
 .text._wcrtomb_r
                0x10009028       0x3c c:/maximsdk/tools/gnutools/10.3/bin/../lib/gcc/arm-none-eabi/10.3.1/../../../../arm-none-eabi/lib/thumb/v7e-m+fp/softfp\libc.a(lib_a-wcrtomb.o)
                0x10009028                _wcrtomb_r
 .text.__ascii_wctomb
                0x10009064       0x1c c:/maximsdk/tools/gnutools/10.3/bin/../lib/gcc/arm-none-eabi/10.3.1/../../../../arm-none-eabi/lib/thumb/v7e-m+fp/softfp\libc.a(lib_a-wctomb_r.o)
                0x10009064                __ascii_wctomb
 .text.abort    0x10009080       0x10 c:/maximsdk/tools/gnutools/10.3/bin/../lib/gcc/arm-none-eabi/10.3.1/../../../../arm-none-eabi/lib/thumb/v7e-m+fp/softfp\libc.a(lib_a-abort.o)
                0x10009080                abort
 .text.raise    0x10009090       0x5c c:/maximsdk/tools/gnutools/10.3/bin/../lib/gcc/arm-none-eabi/10.3.1/../../../../arm-none-eabi/lib/thumb/v7e-m+fp/softfp\libc.a(lib_a-signal.o)
                0x10009090                raise
 .text._kill_r  0x100090ec       0x2c c:/maximsdk/tools/gnutools/10.3/bin/../lib/gcc/arm-none-eabi/10.3.1/../../../../arm-none-eabi/lib/thumb/v7e-m+fp/softfp\libc.a(lib_a-signalr.o)
                0x100090ec                _kill_r
 .text._getpid_r
                0x10009118        0x4 c:/maximsdk/tools/gnutools/10.3/bin/../lib/gcc/arm-none-eabi/10.3.1/../../../../arm-none-eabi/lib/thumb/v7e-m+fp/softfp\libc.a(lib_a-signalr.o)
                0x10009118                _getpid_r
 .text._getpid  0x1000911c       0x10 c:/maximsdk/tools/gnutools/10.3/bin/../lib/gcc/arm-none-eabi/10.3.1/../../../../arm-none-eabi/lib/thumb/v7e-m+fp/softfp\libnosys.a(getpid.o)
                0x1000911c                _getpid
 .text._kill    0x1000912c       0x10 c:/maximsdk/tools/gnutools/10.3/bin/../lib/gcc/arm-none-eabi/10.3.1/../../../../arm-none-eabi/lib/thumb/v7e-m+fp/softfp\libnosys.a(kill.o)
                0x1000912c                _kill
 .text._exit    0x1000913c        0x4 c:/maximsdk/tools/gnutools/10.3/bin/../lib/gcc/arm-none-eabi/10.3.1/../../../../arm-none-eabi/lib/thumb/v7e-m+fp/softfp\libnosys.a(_exit.o)
                0x1000913c                _exit
 .text          0x10009140      0x378 c:/maximsdk/tools/gnutools/10.3/bin/../lib/gcc/arm-none-eabi/10.3.1/thumb/v7e-m+fp/softfp\libgcc.a(_arm_addsubdf3.o)
                0x10009140                __aeabi_drsub
                0x10009148                __aeabi_dsub
                0x10009148                __subdf3
                0x1000914c                __aeabi_dadd
                0x1000914c                __adddf3
                0x100093c4                __floatunsidf
                0x100093c4                __aeabi_ui2d
                0x100093e4                __floatsidf
                0x100093e4                __aeabi_i2d
                0x10009408                __aeabi_f2d
                0x10009408                __extendsfdf2
                0x1000944c                __floatundidf
                0x1000944c                __aeabi_ul2d
                0x1000945c                __floatdidf
                0x1000945c                __aeabi_l2d
 .text          0x100094b8      0x424 c:/maximsdk/tools/gnutools/10.3/bin/../lib/gcc/arm-none-eabi/10.3.1/thumb/v7e-m+fp/softfp\libgcc.a(_arm_muldivdf3.o)
                0x100094b8                __aeabi_dmul
                0x100094b8                __muldf3
                0x1000970c                __divdf3
                0x1000970c                __aeabi_ddiv
 .text          0x100098dc      0x110 c:/maximsdk/tools/gnutools/10.3/bin/../lib/gcc/arm-none-eabi/10.3.1/thumb/v7e-m+fp/softfp\libgcc.a(_arm_cmpdf2.o)
                0x100098dc                __gtdf2
                0x100098dc                __gedf2
                0x100098e4                __ltdf2
                0x100098e4                __ledf2
                0x100098ec                __nedf2
                0x100098ec                __eqdf2
                0x100098ec                __cmpdf2
                0x10009968                __aeabi_cdrcmple
                0x10009978                __aeabi_cdcmpeq
                0x10009978                __aeabi_cdcmple
                0x10009988                __aeabi_dcmpeq
                0x1000999c                __aeabi_dcmplt
                0x100099b0                __aeabi_dcmple
                0x100099c4                __aeabi_dcmpge
                0x100099d8                __aeabi_dcmpgt
 .text          0x100099ec       0x2c c:/maximsdk/tools/gnutools/10.3/bin/../lib/gcc/arm-none-eabi/10.3.1/thumb/v7e-m+fp/softfp\libgcc.a(_arm_unorddf2.o)
                0x100099ec                __unorddf2
                0x100099ec                __aeabi_dcmpun
 .text          0x10009a18       0x50 c:/maximsdk/tools/gnutools/10.3/bin/../lib/gcc/arm-none-eabi/10.3.1/thumb/v7e-m+fp/softfp\libgcc.a(_arm_fixdfsi.o)
                0x10009a18                __aeabi_d2iz
                0x10009a18                __fixdfsi
 .text          0x10009a68       0x30 c:/maximsdk/tools/gnutools/10.3/bin/../lib/gcc/arm-none-eabi/10.3.1/thumb/v7e-m+fp/softfp\libgcc.a(_aeabi_uldivmod.o)
                0x10009a68                __aeabi_uldivmod
 .text          0x10009a98      0x2d0 c:/maximsdk/tools/gnutools/10.3/bin/../lib/gcc/arm-none-eabi/10.3.1/thumb/v7e-m+fp/softfp\libgcc.a(_udivmoddi4.o)
                0x10009a98                __udivmoddi4
 .text          0x10009d68        0x4 c:/maximsdk/tools/gnutools/10.3/bin/../lib/gcc/arm-none-eabi/10.3.1/thumb/v7e-m+fp/softfp\libgcc.a(_dvmd_tls.o)
                0x10009d68                __aeabi_idiv0
                0x10009d68                __aeabi_ldiv0
 *(.rodata*)
 .rodata.main.str1.4
                0x10009d6c       0xe5 c:/MaximSDK/Examples/MAX78002/GPIO/build/main.o
 *fill*         0x10009e51        0x3 
 .rodata.mxc_assert.str1.4
                0x10009e54       0x19 c:/MaximSDK/Examples/MAX78002/GPIO/build/board.o
 *fill*         0x10009e6d        0x3 
 .rodata.Board_Init.str1.4
                0x10009e70       0x45 c:/MaximSDK/Examples/MAX78002/GPIO/build/board.o
 *fill*         0x10009eb5        0x3 
 .rodata.led_pin
                0x10009eb8       0x18 c:/MaximSDK/Examples/MAX78002/GPIO/build/board.o
                0x10009eb8                led_pin
 .rodata.num_leds
                0x10009ed0        0x4 c:/MaximSDK/Examples/MAX78002/GPIO/build/board.o
                0x10009ed0                num_leds
 .rodata.num_pbs
                0x10009ed4        0x4 c:/MaximSDK/Examples/MAX78002/GPIO/build/board.o
                0x10009ed4                num_pbs
 .rodata.pb_pin
                0x10009ed8       0x18 c:/MaximSDK/Examples/MAX78002/GPIO/build/board.o
                0x10009ed8                pb_pin
 .rodata.tft_dc_pin
                0x10009ef0        0xc c:/MaximSDK/Examples/MAX78002/GPIO/build/board.o
                0x10009ef0                tft_dc_pin
 .rodata.tft_ss_pin
                0x10009efc        0xc c:/MaximSDK/Examples/MAX78002/GPIO/build/board.o
                0x10009efc                tft_ss_pin
 .rodata.ts_ss_pin
                0x10009f08        0xc c:/MaximSDK/Examples/MAX78002/GPIO/build/board.o
                0x10009f08                ts_ss_pin
 .rodata.str1.4
                0x10009f14       0x33 c:/MaximSDK/Examples/MAX78002/GPIO/build/tft_st7789v.o
 *fill*         0x10009f47        0x1 
 .rodata        0x10009f48       0x31 c:/MaximSDK/Examples/MAX78002/GPIO/build/tft_st7789v.o
 *fill*         0x10009f79        0x3 
 .rodata.cmds.0
                0x10009f7c       0x98 c:/MaximSDK/Examples/MAX78002/GPIO/build/tft_st7789v.o
 .rodata.gpio_cfg_spi0_3wire
                0x1000a014        0xc C:/MaximSDK/Libraries/PeriphDrivers/bin/MAX78002/softfp/libPeriphDriver_softfp.a(pins_ai87.o)
                0x1000a014                gpio_cfg_spi0_3wire
 .rodata.gpio_cfg_spi0_dual
                0x1000a020        0xc C:/MaximSDK/Libraries/PeriphDrivers/bin/MAX78002/softfp/libPeriphDriver_softfp.a(pins_ai87.o)
                0x1000a020                gpio_cfg_spi0_dual
 .rodata.gpio_cfg_spi0_quad
                0x1000a02c        0xc C:/MaximSDK/Libraries/PeriphDrivers/bin/MAX78002/softfp/libPeriphDriver_softfp.a(pins_ai87.o)
                0x1000a02c                gpio_cfg_spi0_quad
 .rodata.gpio_cfg_spi0_standard
                0x1000a038        0xc C:/MaximSDK/Libraries/PeriphDrivers/bin/MAX78002/softfp/libPeriphDriver_softfp.a(pins_ai87.o)
                0x1000a038                gpio_cfg_spi0_standard
 .rodata.gpio_cfg_spi0_ts0
                0x1000a044        0xc C:/MaximSDK/Libraries/PeriphDrivers/bin/MAX78002/softfp/libPeriphDriver_softfp.a(pins_ai87.o)
                0x1000a044                gpio_cfg_spi0_ts0
 .rodata.gpio_cfg_spi0_ts1
                0x1000a050        0xc C:/MaximSDK/Libraries/PeriphDrivers/bin/MAX78002/softfp/libPeriphDriver_softfp.a(pins_ai87.o)
                0x1000a050                gpio_cfg_spi0_ts1
 .rodata.gpio_cfg_spi0_ts2
                0x1000a05c        0xc C:/MaximSDK/Libraries/PeriphDrivers/bin/MAX78002/softfp/libPeriphDriver_softfp.a(pins_ai87.o)
                0x1000a05c                gpio_cfg_spi0_ts2
 .rodata.gpio_cfg_spi1_3wire
                0x1000a068        0xc C:/MaximSDK/Libraries/PeriphDrivers/bin/MAX78002/softfp/libPeriphDriver_softfp.a(pins_ai87.o)
                0x1000a068                gpio_cfg_spi1_3wire
 .rodata.gpio_cfg_spi1_dual
                0x1000a074        0xc C:/MaximSDK/Libraries/PeriphDrivers/bin/MAX78002/softfp/libPeriphDriver_softfp.a(pins_ai87.o)
                0x1000a074                gpio_cfg_spi1_dual
 .rodata.gpio_cfg_spi1_quad
                0x1000a080        0xc C:/MaximSDK/Libraries/PeriphDrivers/bin/MAX78002/softfp/libPeriphDriver_softfp.a(pins_ai87.o)
                0x1000a080                gpio_cfg_spi1_quad
 .rodata.gpio_cfg_spi1_standard
                0x1000a08c        0xc C:/MaximSDK/Libraries/PeriphDrivers/bin/MAX78002/softfp/libPeriphDriver_softfp.a(pins_ai87.o)
                0x1000a08c                gpio_cfg_spi1_standard
 .rodata.gpio_cfg_spi1_ts0
                0x1000a098        0xc C:/MaximSDK/Libraries/PeriphDrivers/bin/MAX78002/softfp/libPeriphDriver_softfp.a(pins_ai87.o)
                0x1000a098                gpio_cfg_spi1_ts0
 .rodata.gpio_cfg_uart0
                0x1000a0a4        0xc C:/MaximSDK/Libraries/PeriphDrivers/bin/MAX78002/softfp/libPeriphDriver_softfp.a(pins_ai87.o)
                0x1000a0a4                gpio_cfg_uart0
 .rodata.gpio_cfg_uart1
                0x1000a0b0        0xc C:/MaximSDK/Libraries/PeriphDrivers/bin/MAX78002/softfp/libPeriphDriver_softfp.a(pins_ai87.o)
                0x1000a0b0                gpio_cfg_uart1
 .rodata.gpio_cfg_uart2
                0x1000a0bc        0xc C:/MaximSDK/Libraries/PeriphDrivers/bin/MAX78002/softfp/libPeriphDriver_softfp.a(pins_ai87.o)
                0x1000a0bc                gpio_cfg_uart2
 .rodata.gpio_cfg_uart3
                0x1000a0c8        0xc C:/MaximSDK/Libraries/PeriphDrivers/bin/MAX78002/softfp/libPeriphDriver_softfp.a(pins_ai87.o)
                0x1000a0c8                gpio_cfg_uart3
 .rodata.MXC_SPI_RevA2_writeTXFIFO16.str1.4
                0x1000a0d4       0x51 C:/MaximSDK/Libraries/PeriphDrivers/bin/MAX78002/softfp/libPeriphDriver_softfp.a(spi_reva2.o)
 *fill*         0x1000a125        0x3 
 .rodata.MXC_GPIO_Common_Handler.str1.4
                0x1000a128       0x66 C:/MaximSDK/Libraries/PeriphDrivers/bin/MAX78002/softfp/libPeriphDriver_softfp.a(gpio_common.o)
 *fill*         0x1000a18e        0x2 
 .rodata._global_impure_ptr
                0x1000a190        0x4 c:/maximsdk/tools/gnutools/10.3/bin/../lib/gcc/arm-none-eabi/10.3.1/../../../../arm-none-eabi/lib/thumb/v7e-m+fp/softfp\libc.a(lib_a-impure.o)
                0x1000a190                _global_impure_ptr
 .rodata._puts_r.str1.4
                0x1000a194        0x2 c:/maximsdk/tools/gnutools/10.3/bin/../lib/gcc/arm-none-eabi/10.3.1/../../../../arm-none-eabi/lib/thumb/v7e-m+fp/softfp\libc.a(lib_a-puts.o)
 *fill*         0x1000a196        0x2 
 .rodata._vfprintf_r.str1.4
                0x1000a198       0x42 c:/maximsdk/tools/gnutools/10.3/bin/../lib/gcc/arm-none-eabi/10.3.1/../../../../arm-none-eabi/lib/thumb/v7e-m+fp/softfp\libc.a(lib_a-vfprintf.o)
 *fill*         0x1000a1da        0x2 
 .rodata.blanks.1
                0x1000a1dc       0x10 c:/maximsdk/tools/gnutools/10.3/bin/../lib/gcc/arm-none-eabi/10.3.1/../../../../arm-none-eabi/lib/thumb/v7e-m+fp/softfp\libc.a(lib_a-vfprintf.o)
 .rodata.zeroes.0
                0x1000a1ec       0x10 c:/maximsdk/tools/gnutools/10.3/bin/../lib/gcc/arm-none-eabi/10.3.1/../../../../arm-none-eabi/lib/thumb/v7e-m+fp/softfp\libc.a(lib_a-vfprintf.o)
 .rodata._dtoa_r.str1.4
                0x1000a1fc       0xa2 c:/maximsdk/tools/gnutools/10.3/bin/../lib/gcc/arm-none-eabi/10.3.1/../../../../arm-none-eabi/lib/thumb/v7e-m+fp/softfp\libc.a(lib_a-dtoa.o)
                                 0xa6 (size before relaxing)
 *fill*         0x1000a29e        0x2 
 .rodata.__multadd.str1.4
                0x1000a2a0       0x7f c:/maximsdk/tools/gnutools/10.3/bin/../lib/gcc/arm-none-eabi/10.3.1/../../../../arm-none-eabi/lib/thumb/v7e-m+fp/softfp\libc.a(lib_a-mprec.o)
                                 0x93 (size before relaxing)
 *fill*         0x1000a31f        0x1 
 .rodata.__mprec_bigtens
                0x1000a320       0x28 c:/maximsdk/tools/gnutools/10.3/bin/../lib/gcc/arm-none-eabi/10.3.1/../../../../arm-none-eabi/lib/thumb/v7e-m+fp/softfp\libc.a(lib_a-mprec.o)
                0x1000a320                __mprec_bigtens
 .rodata.__mprec_tens
                0x1000a348       0xc8 c:/maximsdk/tools/gnutools/10.3/bin/../lib/gcc/arm-none-eabi/10.3.1/../../../../arm-none-eabi/lib/thumb/v7e-m+fp/softfp\libc.a(lib_a-mprec.o)
                0x1000a348                __mprec_tens
 .rodata.p05.0  0x1000a410        0xc c:/maximsdk/tools/gnutools/10.3/bin/../lib/gcc/arm-none-eabi/10.3.1/../../../../arm-none-eabi/lib/thumb/v7e-m+fp/softfp\libc.a(lib_a-mprec.o)
 .rodata._vfiprintf_r.str1.4
                0x1000a41c       0x2f c:/maximsdk/tools/gnutools/10.3/bin/../lib/gcc/arm-none-eabi/10.3.1/../../../../arm-none-eabi/lib/thumb/v7e-m+fp/softfp\libc.a(lib_a-vfiprintf.o)
 .rodata.blanks.1
                0x1000a41c       0x10 c:/maximsdk/tools/gnutools/10.3/bin/../lib/gcc/arm-none-eabi/10.3.1/../../../../arm-none-eabi/lib/thumb/v7e-m+fp/softfp\libc.a(lib_a-vfiprintf.o)
 .rodata.zeroes.0
                0x1000a42c       0x10 c:/maximsdk/tools/gnutools/10.3/bin/../lib/gcc/arm-none-eabi/10.3.1/../../../../arm-none-eabi/lib/thumb/v7e-m+fp/softfp\libc.a(lib_a-vfiprintf.o)
 .rodata.__assert_func.str1.4
                0x1000a43c       0x3f c:/maximsdk/tools/gnutools/10.3/bin/../lib/gcc/arm-none-eabi/10.3.1/../../../../arm-none-eabi/lib/thumb/v7e-m+fp/softfp\libc.a(lib_a-assert.o)
                                 0x43 (size before relaxing)
 *fill*         0x1000a47b        0x1 
 .rodata._setlocale_r.str1.4
                0x1000a47c        0xa c:/maximsdk/tools/gnutools/10.3/bin/../lib/gcc/arm-none-eabi/10.3.1/../../../../arm-none-eabi/lib/thumb/v7e-m+fp/softfp\libc.a(lib_a-locale.o)
                                  0xd (size before relaxing)
 *fill*         0x1000a486        0x2 
 .rodata.str1.4
                0x1000a488        0x2 c:/maximsdk/tools/gnutools/10.3/bin/../lib/gcc/arm-none-eabi/10.3.1/../../../../arm-none-eabi/lib/thumb/v7e-m+fp/softfp\libc.a(lib_a-locale.o)
 *fill*         0x1000a48a        0x2 
 .rodata._ctype_
                0x1000a48c      0x101 c:/maximsdk/tools/gnutools/10.3/bin/../lib/gcc/arm-none-eabi/10.3.1/../../../../arm-none-eabi/lib/thumb/v7e-m+fp/softfp\libc.a(lib_a-ctype_.o)
                0x1000a48c                _ctype_
 *(.init)
 *fill*         0x1000a58d        0x3 
 .init          0x1000a590        0x4 c:/maximsdk/tools/gnutools/10.3/bin/../lib/gcc/arm-none-eabi/10.3.1/thumb/v7e-m+fp/softfp/crti.o
                0x1000a590                _init
 .init          0x1000a594        0x8 c:/maximsdk/tools/gnutools/10.3/bin/../lib/gcc/arm-none-eabi/10.3.1/thumb/v7e-m+fp/softfp/crtn.o
 *(.fini)
 .fini          0x1000a59c        0x4 c:/maximsdk/tools/gnutools/10.3/bin/../lib/gcc/arm-none-eabi/10.3.1/thumb/v7e-m+fp/softfp/crti.o
                0x1000a59c                _fini
 .fini          0x1000a5a0        0x8 c:/maximsdk/tools/gnutools/10.3/bin/../lib/gcc/arm-none-eabi/10.3.1/thumb/v7e-m+fp/softfp/crtn.o
 *crtbegin.o(.ctors)
 *crtbegin?.o(.ctors)
 *(EXCLUDE_FILE(*crtend.o *crtend?.o) .ctors)
 *(SORT_BY_NAME(.ctors.*))
 *(.ctors)
 *crtbegin.o(.dtors)
 *crtbegin?.o(.dtors)
 *(EXCLUDE_FILE(*crtend.o *crtend?.o) .dtors)
 *(SORT_BY_NAME(.dtors.*))
 *(.dtors)
 *(.eh_frame*)
 .eh_frame      0x1000a5a8        0x0 c:/maximsdk/tools/gnutools/10.3/bin/../lib/gcc/arm-none-eabi/10.3.1/thumb/v7e-m+fp/softfp/crtbegin.o
 .eh_frame      0x1000a5a8        0x4 c:/maximsdk/tools/gnutools/10.3/bin/../lib/gcc/arm-none-eabi/10.3.1/thumb/v7e-m+fp/softfp/crtend.o
                0x1000a5ac                _etext = .

.glue_7         0x1000a5ac        0x0
 .glue_7        0x1000a5ac        0x0 linker stubs

.glue_7t        0x1000a5ac        0x0
 .glue_7t       0x1000a5ac        0x0 linker stubs

.vfp11_veneer   0x1000a5ac        0x0
 .vfp11_veneer  0x1000a5ac        0x0 linker stubs

.v4_bx          0x1000a5ac        0x0
 .v4_bx         0x1000a5ac        0x0 linker stubs

.iplt           0x1000a5ac        0x0
 .iplt          0x1000a5ac        0x0 c:/maximsdk/tools/gnutools/10.3/bin/../lib/gcc/arm-none-eabi/10.3.1/thumb/v7e-m+fp/softfp/crtbegin.o

.ARM.extab
 *(.ARM.extab* .gnu.linkonce.armextab.*)

.bin_storage    0x1000a5ac        0x0
 FILL mask 0xff
                0x1000a5ac                _bin_start_ = .
 *(.bin_storage_img)
                0x1000a5ac                _bin_end_ = .
                0x1000a5ac                . = ALIGN (0x4)

.rom_code       0x00000000        0x0
                0x00000000                . = ALIGN (0x10)
                0x20000000                _sran_code = .
 *(.rom_code_section)
                0x20000000                _esran_code = .

.flash_code     0x1000a5ac        0x4
                0x1000a5b0                . = ALIGN (0x10)
 *fill*         0x1000a5ac        0x4 
                0x20000000                _sran_code = .
 *(.flash_code_section)
                0x20000000                _esran_code = .

.sram_code      0x20000000        0x0
                0x20000000                . = ALIGN (0x10)
                0x20000000                _sran_code = .
 *(.sram_code_section)
                0x20000000                _esran_code = .

.ARM.exidx      0x1000a5b0        0x8
                0x1000a5b0                __exidx_start = .
 *(.ARM.exidx* .gnu.linkonce.armexidx.*)
 .ARM.exidx     0x1000a5b0        0x8 c:/maximsdk/tools/gnutools/10.3/bin/../lib/gcc/arm-none-eabi/10.3.1/thumb/v7e-m+fp/softfp\libgcc.a(_udivmoddi4.o)
                0x1000a5b8                __exidx_end = .

.rel.dyn        0x1000a5b8        0x0
 .rel.iplt      0x1000a5b8        0x0 c:/maximsdk/tools/gnutools/10.3/bin/../lib/gcc/arm-none-eabi/10.3.1/thumb/v7e-m+fp/softfp/crtbegin.o

.data           0x20000000      0x9cc load address 0x1000a5b8
                0x20000000                _data = ALIGN (., 0x4)
                0x20020000                _csi = (. + 0x20000)
 *(vtable)
 *(.data*)
 .data.ConsoleUart
                0x20000000        0x4 c:/MaximSDK/Examples/MAX78002/GPIO/build/board.o
                0x20000000                ConsoleUart
 .data.ts_irq_pin
                0x20000004        0xc c:/MaximSDK/Examples/MAX78002/GPIO/build/board.o
                0x20000004                ts_irq_pin
 .data.overflows
                0x20000010        0x4 C:/MaximSDK/Libraries/PeriphDrivers/bin/MAX78002/softfp/libPeriphDriver_softfp.a(mxc_delay.o)
 .data._impure_ptr
                0x20000014        0x4 c:/maximsdk/tools/gnutools/10.3/bin/../lib/gcc/arm-none-eabi/10.3.1/../../../../arm-none-eabi/lib/thumb/v7e-m+fp/softfp\libc.a(lib_a-impure.o)
                0x20000014                _impure_ptr
 .data.impure_data
                0x20000018      0x428 c:/maximsdk/tools/gnutools/10.3/bin/../lib/gcc/arm-none-eabi/10.3.1/../../../../arm-none-eabi/lib/thumb/v7e-m+fp/softfp\libc.a(lib_a-impure.o)
 .data.__malloc_av_
                0x20000440      0x408 c:/maximsdk/tools/gnutools/10.3/bin/../lib/gcc/arm-none-eabi/10.3.1/../../../../arm-none-eabi/lib/thumb/v7e-m+fp/softfp\libc.a(lib_a-mallocr.o)
                0x20000440                __malloc_av_
 .data.__malloc_sbrk_base
                0x20000848        0x4 c:/maximsdk/tools/gnutools/10.3/bin/../lib/gcc/arm-none-eabi/10.3.1/../../../../arm-none-eabi/lib/thumb/v7e-m+fp/softfp\libc.a(lib_a-mallocr.o)
                0x20000848                __malloc_sbrk_base
 .data.__malloc_trim_threshold
                0x2000084c        0x4 c:/maximsdk/tools/gnutools/10.3/bin/../lib/gcc/arm-none-eabi/10.3.1/../../../../arm-none-eabi/lib/thumb/v7e-m+fp/softfp\libc.a(lib_a-mallocr.o)
                0x2000084c                __malloc_trim_threshold
 .data.__atexit_recursive_mutex
                0x20000850        0x4 c:/maximsdk/tools/gnutools/10.3/bin/../lib/gcc/arm-none-eabi/10.3.1/../../../../arm-none-eabi/lib/thumb/v7e-m+fp/softfp\libc.a(lib_a-__call_atexit.o)
                0x20000850                __atexit_recursive_mutex
 .data.__global_locale
                0x20000854      0x16c c:/maximsdk/tools/gnutools/10.3/bin/../lib/gcc/arm-none-eabi/10.3.1/../../../../arm-none-eabi/lib/thumb/v7e-m+fp/softfp\libc.a(lib_a-locale.o)
                0x20000854                __global_locale
                0x200009c0                . = ALIGN (0x4)
                0x200009c0                PROVIDE (__preinit_array_start = .)
 *(.preinit_array)
                0x200009c0                PROVIDE (__preinit_array_end = .)
                0x200009c0                . = ALIGN (0x4)
                0x200009c0                PROVIDE (__init_array_start = .)
 *(SORT_BY_NAME(.init_array.*))
 .init_array.00000
                0x200009c0        0x4 c:/maximsdk/tools/gnutools/10.3/bin/../lib/gcc/arm-none-eabi/10.3.1/../../../../arm-none-eabi/lib/thumb/v7e-m+fp/softfp\libc.a(lib_a-__call_atexit.o)
 *(.init_array)
 .init_array    0x200009c4        0x4 c:/maximsdk/tools/gnutools/10.3/bin/../lib/gcc/arm-none-eabi/10.3.1/thumb/v7e-m+fp/softfp/crtbegin.o
                0x200009c8                PROVIDE (__init_array_end = .)
                0x200009c8                . = ALIGN (0x4)
                0x200009c8                PROVIDE (__fini_array_start = .)
 *(SORT_BY_NAME(.fini_array.*))
 *(.fini_array)
 .fini_array    0x200009c8        0x4 c:/maximsdk/tools/gnutools/10.3/bin/../lib/gcc/arm-none-eabi/10.3.1/thumb/v7e-m+fp/softfp/crtbegin.o
                0x200009cc                PROVIDE (__fini_array_end = .)
                0x200009cc                _edata = ALIGN (., 0x4)
                0x1000a5b8                __load_data = LOADADDR (.data)

.igot.plt       0x200009cc        0x0 load address 0x1000af84
 .igot.plt      0x200009cc        0x0 c:/maximsdk/tools/gnutools/10.3/bin/../lib/gcc/arm-none-eabi/10.3.1/thumb/v7e-m+fp/softfp/crtbegin.o

.bss            0x200009cc      0x620 load address 0x1000af84
                0x200009cc                . = ALIGN (0x4)
                0x200009cc                _bss = .
 *(.bss*)
 .bss           0x200009cc       0x1c c:/maximsdk/tools/gnutools/10.3/bin/../lib/gcc/arm-none-eabi/10.3.1/thumb/v7e-m+fp/softfp/crtbegin.o
 .bss.SPI0_FLAG
                0x200009e8        0x4 c:/MaximSDK/Examples/MAX78002/GPIO/build/main.o
                0x200009e8                SPI0_FLAG
 .bss.SPI1_FLAG
                0x200009ec        0x4 c:/MaximSDK/Examples/MAX78002/GPIO/build/main.o
                0x200009ec                SPI1_FLAG
 .bss.rx_data   0x200009f0        0x8 c:/MaximSDK/Examples/MAX78002/GPIO/build/main.o
                0x200009f0                rx_data
 .bss.tx_data   0x200009f8        0x8 c:/MaximSDK/Examples/MAX78002/GPIO/build/main.o
                0x200009f8                tx_data
 .bss.blen_pin  0x20000a00        0x4 c:/MaximSDK/Examples/MAX78002/GPIO/build/tft_st7789v.o
 .bss.g_background_color
                0x20000a04        0x4 c:/MaximSDK/Examples/MAX78002/GPIO/build/tft_st7789v.o
 .bss.pcmd.1    0x20000a08        0x4 c:/MaximSDK/Examples/MAX78002/GPIO/build/tft_st7789v.o
 .bss.reset_pin
                0x20000a0c        0x4 c:/MaximSDK/Examples/MAX78002/GPIO/build/tft_st7789v.o
 .bss.tft_rotation
                0x20000a10        0x1 c:/MaximSDK/Examples/MAX78002/GPIO/build/tft_st7789v.o
 *fill*         0x20000a11        0x3 
 .bss.int_gpio  0x20000a14        0xc c:/MaximSDK/Examples/MAX78002/GPIO/build/tsc2046.o
 .bss.heap_end  0x20000a20        0x4 c:/MaximSDK/Examples/MAX78002/GPIO/build/heap.o
 .bss.cbFunc    0x20000a24        0x4 C:/MaximSDK/Libraries/PeriphDrivers/bin/MAX78002/softfp/libPeriphDriver_softfp.a(mxc_delay.o)
 .bss.ctrl_save
                0x20000a28        0x4 C:/MaximSDK/Libraries/PeriphDrivers/bin/MAX78002/softfp/libPeriphDriver_softfp.a(mxc_delay.o)
 .bss.endtick   0x20000a2c        0x4 C:/MaximSDK/Libraries/PeriphDrivers/bin/MAX78002/softfp/libPeriphDriver_softfp.a(mxc_delay.o)
 .bss.dma_initialized
                0x20000a30        0x4 C:/MaximSDK/Libraries/PeriphDrivers/bin/MAX78002/softfp/libPeriphDriver_softfp.a(dma_reva.o)
 .bss.dma_lock  0x20000a34        0x4 C:/MaximSDK/Libraries/PeriphDrivers/bin/MAX78002/softfp/libPeriphDriver_softfp.a(dma_reva.o)
 .bss.dma_resource
                0x20000a38       0x50 C:/MaximSDK/Libraries/PeriphDrivers/bin/MAX78002/softfp/libPeriphDriver_softfp.a(dma_reva.o)
 .bss.STATES    0x20000a88      0x118 C:/MaximSDK/Libraries/PeriphDrivers/bin/MAX78002/softfp/libPeriphDriver_softfp.a(spi_reva2.o)
 .bss.callback  0x20000ba0      0x200 C:/MaximSDK/Libraries/PeriphDrivers/bin/MAX78002/softfp/libPeriphDriver_softfp.a(gpio_common.o)
 .bss.cbparam   0x20000da0      0x200 C:/MaximSDK/Libraries/PeriphDrivers/bin/MAX78002/softfp/libPeriphDriver_softfp.a(gpio_common.o)
 .bss.initialized
                0x20000fa0        0x1 C:/MaximSDK/Libraries/PeriphDrivers/bin/MAX78002/softfp/libPeriphDriver_softfp.a(gpio_common.o)
 *fill*         0x20000fa1        0x3 
 .bss.__malloc_current_mallinfo
                0x20000fa4       0x28 c:/maximsdk/tools/gnutools/10.3/bin/../lib/gcc/arm-none-eabi/10.3.1/../../../../arm-none-eabi/lib/thumb/v7e-m+fp/softfp\libc.a(lib_a-mallocr.o)
                0x20000fa4                __malloc_current_mallinfo
 .bss.__malloc_max_sbrked_mem
                0x20000fcc        0x4 c:/maximsdk/tools/gnutools/10.3/bin/../lib/gcc/arm-none-eabi/10.3.1/../../../../arm-none-eabi/lib/thumb/v7e-m+fp/softfp\libc.a(lib_a-mallocr.o)
                0x20000fcc                __malloc_max_sbrked_mem
 .bss.__malloc_max_total_mem
                0x20000fd0        0x4 c:/maximsdk/tools/gnutools/10.3/bin/../lib/gcc/arm-none-eabi/10.3.1/../../../../arm-none-eabi/lib/thumb/v7e-m+fp/softfp\libc.a(lib_a-mallocr.o)
                0x20000fd0                __malloc_max_total_mem
 .bss.__malloc_top_pad
                0x20000fd4        0x4 c:/maximsdk/tools/gnutools/10.3/bin/../lib/gcc/arm-none-eabi/10.3.1/../../../../arm-none-eabi/lib/thumb/v7e-m+fp/softfp\libc.a(lib_a-mallocr.o)
                0x20000fd4                __malloc_top_pad
 .bss.__lock___atexit_recursive_mutex
                0x20000fd8        0x1 c:/maximsdk/tools/gnutools/10.3/bin/../lib/gcc/arm-none-eabi/10.3.1/../../../../arm-none-eabi/lib/thumb/v7e-m+fp/softfp\libc.a(lib_a-lock.o)
                0x20000fd8                __lock___atexit_recursive_mutex
 *fill*         0x20000fd9        0x3 
 .bss.__lock___malloc_recursive_mutex
                0x20000fdc        0x1 c:/maximsdk/tools/gnutools/10.3/bin/../lib/gcc/arm-none-eabi/10.3.1/../../../../arm-none-eabi/lib/thumb/v7e-m+fp/softfp\libc.a(lib_a-lock.o)
                0x20000fdc                __lock___malloc_recursive_mutex
 *fill*         0x20000fdd        0x3 
 .bss.__lock___sfp_recursive_mutex
                0x20000fe0        0x1 c:/maximsdk/tools/gnutools/10.3/bin/../lib/gcc/arm-none-eabi/10.3.1/../../../../arm-none-eabi/lib/thumb/v7e-m+fp/softfp\libc.a(lib_a-lock.o)
                0x20000fe0                __lock___sfp_recursive_mutex
 *fill*         0x20000fe1        0x3 
 .bss.__lock___sinit_recursive_mutex
                0x20000fe4        0x1 c:/maximsdk/tools/gnutools/10.3/bin/../lib/gcc/arm-none-eabi/10.3.1/../../../../arm-none-eabi/lib/thumb/v7e-m+fp/softfp\libc.a(lib_a-lock.o)
                0x20000fe4                __lock___sinit_recursive_mutex
 *fill*         0x20000fe5        0x3 
 .bss.errno     0x20000fe8        0x4 c:/maximsdk/tools/gnutools/10.3/bin/../lib/gcc/arm-none-eabi/10.3.1/../../../../arm-none-eabi/lib/thumb/v7e-m+fp/softfp\libc.a(lib_a-reent.o)
                0x20000fe8                errno
 *(COMMON)
                0x20000fec                _ebss = ALIGN (., 0x4)

.shared         0x20000fec        0x4 load address 0x1000af84
                0x20000fec                . = ALIGN (0x4)
                0x20000fec                _shared = .
 *(.mailbox*)
                0x20000fec                . = ALIGN (0x4)
 *(.shared*)
 .shared        0x20000fec        0x4 c:/MaximSDK/Examples/MAX78002/GPIO/build/system_max78002.o
                0x20000fec                SystemCoreClock
                0x20000ff0                _eshared = ALIGN (., 0x4)
                0x1000af84                __shared_data = LOADADDR (.shared)
                0x20060000                __StackTop = (ORIGIN (SRAM) + LENGTH (SRAM))
                0x2005f000                __StackLimit = (__StackTop - SIZEOF (.stack_dummy))

.stack_dummy    0x20000ff0     0x1000 load address 0x1000af88
 *(.stack*)
 .stack         0x20000ff0     0x1000 c:/MaximSDK/Examples/MAX78002/GPIO/build/startup_max78002.o

.heap           0x20000ff0      0xc00 load address 0x1000af88
                0x20000ff0                . = ALIGN (0x4)
 *(.heap*)
 .heap          0x20000ff0      0xc00 c:/MaximSDK/Examples/MAX78002/GPIO/build/startup_max78002.o
                0x20000ff0                __HeapBase
                0x2005f000                __HeapLimit = ABSOLUTE (__StackLimit)
                0x20060000                PROVIDE (__stack = __StackTop)
                0x00000001                ASSERT ((__StackLimit >= _ebss), region RAM overflowed with stack)
OUTPUT(c:/MaximSDK/Examples/MAX78002/GPIO/build/GPIO.elf elf32-littlearm)
LOAD linker stubs

.ARM.attributes
                0x00000000       0x2e
 .ARM.attributes
                0x00000000       0x1e c:/maximsdk/tools/gnutools/10.3/bin/../lib/gcc/arm-none-eabi/10.3.1/thumb/v7e-m+fp/softfp/crti.o
 .ARM.attributes
                0x0000001e       0x32 c:/maximsdk/tools/gnutools/10.3/bin/../lib/gcc/arm-none-eabi/10.3.1/thumb/v7e-m+fp/softfp/crtbegin.o
 .ARM.attributes
                0x00000050       0x32 c:/MaximSDK/Examples/MAX78002/GPIO/build/main.o
 .ARM.attributes
                0x00000082       0x32 c:/MaximSDK/Examples/MAX78002/GPIO/build/board.o
 .ARM.attributes
                0x000000b4       0x32 c:/MaximSDK/Examples/MAX78002/GPIO/build/stdio.o
 .ARM.attributes
                0x000000e6       0x32 c:/MaximSDK/Examples/MAX78002/GPIO/build/led.o
 .ARM.attributes
                0x00000118       0x32 c:/MaximSDK/Examples/MAX78002/GPIO/build/pb.o
 .ARM.attributes
                0x0000014a       0x32 c:/MaximSDK/Examples/MAX78002/GPIO/build/tft_st7789v.o
 .ARM.attributes
                0x0000017c       0x32 c:/MaximSDK/Examples/MAX78002/GPIO/build/tsc2046.o
 .ARM.attributes
                0x000001ae       0x1b c:/MaximSDK/Examples/MAX78002/GPIO/build/startup_max78002.o
 .ARM.attributes
                0x000001c9       0x32 c:/MaximSDK/Examples/MAX78002/GPIO/build/heap.o
 .ARM.attributes
                0x000001fb       0x32 c:/MaximSDK/Examples/MAX78002/GPIO/build/system_max78002.o
 .ARM.attributes
                0x0000022d       0x32 C:/MaximSDK/Libraries/PeriphDrivers/bin/MAX78002/softfp/libPeriphDriver_softfp.a(mxc_delay.o)
 .ARM.attributes
                0x0000025f       0x32 C:/MaximSDK/Libraries/PeriphDrivers/bin/MAX78002/softfp/libPeriphDriver_softfp.a(pins_ai87.o)
 .ARM.attributes
                0x00000291       0x32 C:/MaximSDK/Libraries/PeriphDrivers/bin/MAX78002/softfp/libPeriphDriver_softfp.a(sys_ai87.o)
 .ARM.attributes
                0x000002c3       0x32 C:/MaximSDK/Libraries/PeriphDrivers/bin/MAX78002/softfp/libPeriphDriver_softfp.a(dma_ai87.o)
 .ARM.attributes
                0x000002f5       0x32 C:/MaximSDK/Libraries/PeriphDrivers/bin/MAX78002/softfp/libPeriphDriver_softfp.a(dma_reva.o)
 .ARM.attributes
                0x00000327       0x32 C:/MaximSDK/Libraries/PeriphDrivers/bin/MAX78002/softfp/libPeriphDriver_softfp.a(gpio_ai87.o)
 .ARM.attributes
                0x00000359       0x32 C:/MaximSDK/Libraries/PeriphDrivers/bin/MAX78002/softfp/libPeriphDriver_softfp.a(gpio_reva.o)
 .ARM.attributes
                0x0000038b       0x32 C:/MaximSDK/Libraries/PeriphDrivers/bin/MAX78002/softfp/libPeriphDriver_softfp.a(spi_ai87_v2.o)
 .ARM.attributes
                0x000003bd       0x32 C:/MaximSDK/Libraries/PeriphDrivers/bin/MAX78002/softfp/libPeriphDriver_softfp.a(spi_reva2.o)
 .ARM.attributes
                0x000003ef       0x32 C:/MaximSDK/Libraries/PeriphDrivers/bin/MAX78002/softfp/libPeriphDriver_softfp.a(uart_ai87.o)
 .ARM.attributes
                0x00000421       0x32 C:/MaximSDK/Libraries/PeriphDrivers/bin/MAX78002/softfp/libPeriphDriver_softfp.a(uart_common.o)
 .ARM.attributes
                0x00000453       0x32 C:/MaximSDK/Libraries/PeriphDrivers/bin/MAX78002/softfp/libPeriphDriver_softfp.a(uart_revb.o)
 .ARM.attributes
                0x00000485       0x32 C:/MaximSDK/Libraries/PeriphDrivers/bin/MAX78002/softfp/libPeriphDriver_softfp.a(mxc_lock.o)
 .ARM.attributes
                0x000004b7       0x32 C:/MaximSDK/Libraries/PeriphDrivers/bin/MAX78002/softfp/libPeriphDriver_softfp.a(gpio_common.o)
 .ARM.attributes
                0x000004e9       0x32 c:/maximsdk/tools/gnutools/10.3/bin/../lib/gcc/arm-none-eabi/10.3.1/../../../../arm-none-eabi/lib/thumb/v7e-m+fp/softfp\libc.a(lib_a-errno.o)
 .ARM.attributes
                0x0000051b       0x32 c:/maximsdk/tools/gnutools/10.3/bin/../lib/gcc/arm-none-eabi/10.3.1/../../../../arm-none-eabi/lib/thumb/v7e-m+fp/softfp\libc.a(lib_a-impure.o)
 .ARM.attributes
                0x0000054d       0x32 c:/maximsdk/tools/gnutools/10.3/bin/../lib/gcc/arm-none-eabi/10.3.1/../../../../arm-none-eabi/lib/thumb/v7e-m+fp/softfp\libc.a(lib_a-init.o)
 .ARM.attributes
                0x0000057f       0x32 c:/maximsdk/tools/gnutools/10.3/bin/../lib/gcc/arm-none-eabi/10.3.1/../../../../arm-none-eabi/lib/thumb/v7e-m+fp/softfp\libc.a(lib_a-mallocr.o)
 .ARM.attributes
                0x000005b1       0x1c c:/maximsdk/tools/gnutools/10.3/bin/../lib/gcc/arm-none-eabi/10.3.1/../../../../arm-none-eabi/lib/thumb/v7e-m+fp/softfp\libc.a(lib_a-memcpy.o)
 .ARM.attributes
                0x000005cd       0x32 c:/maximsdk/tools/gnutools/10.3/bin/../lib/gcc/arm-none-eabi/10.3.1/../../../../arm-none-eabi/lib/thumb/v7e-m+fp/softfp\libc.a(lib_a-memset.o)
 .ARM.attributes
                0x000005ff       0x32 c:/maximsdk/tools/gnutools/10.3/bin/../lib/gcc/arm-none-eabi/10.3.1/../../../../arm-none-eabi/lib/thumb/v7e-m+fp/softfp\libc.a(lib_a-mlock.o)
 .ARM.attributes
                0x00000631       0x32 c:/maximsdk/tools/gnutools/10.3/bin/../lib/gcc/arm-none-eabi/10.3.1/../../../../arm-none-eabi/lib/thumb/v7e-m+fp/softfp\libc.a(lib_a-printf.o)
 .ARM.attributes
                0x00000663       0x32 c:/maximsdk/tools/gnutools/10.3/bin/../lib/gcc/arm-none-eabi/10.3.1/../../../../arm-none-eabi/lib/thumb/v7e-m+fp/softfp\libc.a(lib_a-puts.o)
 .ARM.attributes
                0x00000695       0x32 c:/maximsdk/tools/gnutools/10.3/bin/../lib/gcc/arm-none-eabi/10.3.1/../../../../arm-none-eabi/lib/thumb/v7e-m+fp/softfp\libc.a(lib_a-sbrkr.o)
 .ARM.attributes
                0x000006c7       0x1c c:/maximsdk/tools/gnutools/10.3/bin/../lib/gcc/arm-none-eabi/10.3.1/../../../../arm-none-eabi/lib/thumb/v7e-m+fp/softfp\libc.a(lib_a-strlen.o)
 .ARM.attributes
                0x000006e3       0x32 c:/maximsdk/tools/gnutools/10.3/bin/../lib/gcc/arm-none-eabi/10.3.1/../../../../arm-none-eabi/lib/thumb/v7e-m+fp/softfp\libc.a(lib_a-vfprintf.o)
 .ARM.attributes
                0x00000715       0x32 c:/maximsdk/tools/gnutools/10.3/bin/../lib/gcc/arm-none-eabi/10.3.1/../../../../arm-none-eabi/lib/thumb/v7e-m+fp/softfp\libc.a(lib_a-wsetup.o)
 .ARM.attributes
                0x00000747       0x32 c:/maximsdk/tools/gnutools/10.3/bin/../lib/gcc/arm-none-eabi/10.3.1/../../../../arm-none-eabi/lib/thumb/v7e-m+fp/softfp\libc.a(lib_a-__call_atexit.o)
 .ARM.attributes
                0x00000779       0x32 c:/maximsdk/tools/gnutools/10.3/bin/../lib/gcc/arm-none-eabi/10.3.1/../../../../arm-none-eabi/lib/thumb/v7e-m+fp/softfp\libc.a(lib_a-atexit.o)
 .ARM.attributes
                0x000007ab       0x32 c:/maximsdk/tools/gnutools/10.3/bin/../lib/gcc/arm-none-eabi/10.3.1/../../../../arm-none-eabi/lib/thumb/v7e-m+fp/softfp\libc.a(lib_a-dtoa.o)
 .ARM.attributes
                0x000007dd       0x32 c:/maximsdk/tools/gnutools/10.3/bin/../lib/gcc/arm-none-eabi/10.3.1/../../../../arm-none-eabi/lib/thumb/v7e-m+fp/softfp\libc.a(lib_a-fflush.o)
 .ARM.attributes
                0x0000080f       0x32 c:/maximsdk/tools/gnutools/10.3/bin/../lib/gcc/arm-none-eabi/10.3.1/../../../../arm-none-eabi/lib/thumb/v7e-m+fp/softfp\libc.a(lib_a-findfp.o)
 .ARM.attributes
                0x00000841       0x32 c:/maximsdk/tools/gnutools/10.3/bin/../lib/gcc/arm-none-eabi/10.3.1/../../../../arm-none-eabi/lib/thumb/v7e-m+fp/softfp\libc.a(lib_a-fini.o)
 .ARM.attributes
                0x00000873       0x32 c:/maximsdk/tools/gnutools/10.3/bin/../lib/gcc/arm-none-eabi/10.3.1/../../../../arm-none-eabi/lib/thumb/v7e-m+fp/softfp\libc.a(lib_a-freer.o)
 .ARM.attributes
                0x000008a5       0x32 c:/maximsdk/tools/gnutools/10.3/bin/../lib/gcc/arm-none-eabi/10.3.1/../../../../arm-none-eabi/lib/thumb/v7e-m+fp/softfp\libc.a(lib_a-fvwrite.o)
 .ARM.attributes
                0x000008d7       0x32 c:/maximsdk/tools/gnutools/10.3/bin/../lib/gcc/arm-none-eabi/10.3.1/../../../../arm-none-eabi/lib/thumb/v7e-m+fp/softfp\libc.a(lib_a-fwalk.o)
 .ARM.attributes
                0x00000909       0x32 c:/maximsdk/tools/gnutools/10.3/bin/../lib/gcc/arm-none-eabi/10.3.1/../../../../arm-none-eabi/lib/thumb/v7e-m+fp/softfp\libc.a(lib_a-localeconv.o)
 .ARM.attributes
                0x0000093b       0x32 c:/maximsdk/tools/gnutools/10.3/bin/../lib/gcc/arm-none-eabi/10.3.1/../../../../arm-none-eabi/lib/thumb/v7e-m+fp/softfp\libc.a(lib_a-lock.o)
 .ARM.attributes
                0x0000096d       0x32 c:/maximsdk/tools/gnutools/10.3/bin/../lib/gcc/arm-none-eabi/10.3.1/../../../../arm-none-eabi/lib/thumb/v7e-m+fp/softfp\libc.a(lib_a-makebuf.o)
 .ARM.attributes
                0x0000099f       0x1c c:/maximsdk/tools/gnutools/10.3/bin/../lib/gcc/arm-none-eabi/10.3.1/../../../../arm-none-eabi/lib/thumb/v7e-m+fp/softfp\libc.a(lib_a-memchr.o)
 .ARM.attributes
                0x000009bb       0x32 c:/maximsdk/tools/gnutools/10.3/bin/../lib/gcc/arm-none-eabi/10.3.1/../../../../arm-none-eabi/lib/thumb/v7e-m+fp/softfp\libc.a(lib_a-memmove.o)
 .ARM.attributes
                0x000009ed       0x32 c:/maximsdk/tools/gnutools/10.3/bin/../lib/gcc/arm-none-eabi/10.3.1/../../../../arm-none-eabi/lib/thumb/v7e-m+fp/softfp\libc.a(lib_a-mprec.o)
 .ARM.attributes
                0x00000a1f       0x32 c:/maximsdk/tools/gnutools/10.3/bin/../lib/gcc/arm-none-eabi/10.3.1/../../../../arm-none-eabi/lib/thumb/v7e-m+fp/softfp\libc.a(lib_a-reallocr.o)
 .ARM.attributes
                0x00000a51       0x32 c:/maximsdk/tools/gnutools/10.3/bin/../lib/gcc/arm-none-eabi/10.3.1/../../../../arm-none-eabi/lib/thumb/v7e-m+fp/softfp\libc.a(lib_a-reent.o)
 .ARM.attributes
                0x00000a83       0x32 c:/maximsdk/tools/gnutools/10.3/bin/../lib/gcc/arm-none-eabi/10.3.1/../../../../arm-none-eabi/lib/thumb/v7e-m+fp/softfp\libc.a(lib_a-s_frexp.o)
 .ARM.attributes
                0x00000ab5       0x32 c:/maximsdk/tools/gnutools/10.3/bin/../lib/gcc/arm-none-eabi/10.3.1/../../../../arm-none-eabi/lib/thumb/v7e-m+fp/softfp\libc.a(lib_a-stdio.o)
 .ARM.attributes
                0x00000ae7       0x32 c:/maximsdk/tools/gnutools/10.3/bin/../lib/gcc/arm-none-eabi/10.3.1/../../../../arm-none-eabi/lib/thumb/v7e-m+fp/softfp\libc.a(lib_a-strncpy.o)
 .ARM.attributes
                0x00000b19       0x32 c:/maximsdk/tools/gnutools/10.3/bin/../lib/gcc/arm-none-eabi/10.3.1/../../../../arm-none-eabi/lib/thumb/v7e-m+fp/softfp\libc.a(lib_a-vfiprintf.o)
 .ARM.attributes
                0x00000b4b       0x32 c:/maximsdk/tools/gnutools/10.3/bin/../lib/gcc/arm-none-eabi/10.3.1/../../../../arm-none-eabi/lib/thumb/v7e-m+fp/softfp\libc.a(lib_a-writer.o)
 .ARM.attributes