../Core/Src/main.c:127:5:main	104	static
../Core/Src/main.c:309:6:SystemClock_Config	104	static
../Core/Src/main.c:357:6:PeriphCommonClock_Config	160	static
../Core/Src/main.c:383:13:MX_I2C4_Init	8	static
../Core/Src/main.c:431:13:MX_ICACHE_Init	8	static
../Core/Src/main.c:459:13:MX_LPUART1_UART_Init	8	static
../Core/Src/main.c:507:13:MX_SAI1_Init	8	static
../Core/Src/main.c:556:13:MX_SPI1_Init	8	static
../Core/Src/main.c:594:13:MX_DMA_Init	16	static
../Core/Src/main.c:622:13:MX_GPIO_Init	56	static
../Core/Src/main.c:673:6:debug_print	16	static
../Core/Src/main.c:684:6:HAL_SAI_RxCpltCallback	16	static
../Core/Src/main.c:699:6:HAL_TIM_PeriodElapsedCallback	16	static
../Core/Src/main.c:716:6:Error_Handler	4	static,ignoring_inline_asm
