Archive member included to satisfy reference by file (symbol)

/Applications/STM32CubeIDE.app/Contents/Eclipse/plugins/com.st.stm32cube.ide.mcu.externaltools.gnu-tools-for-stm32.10.3-2021.10.macos64_1.0.200.202301161003/tools/bin/../lib/gcc/arm-none-eabi/10.3.1/../../../../arm-none-eabi/lib/thumb/v8-m.main+fp/hard/libc_nano.a(lib_a-assert.o)
                              ./Core/Src/lfs.o (__assert_func)
/Applications/STM32CubeIDE.app/Contents/Eclipse/plugins/com.st.stm32cube.ide.mcu.externaltools.gnu-tools-for-stm32.10.3-2021.10.macos64_1.0.200.202301161003/tools/bin/../lib/gcc/arm-none-eabi/10.3.1/../../../../arm-none-eabi/lib/thumb/v8-m.main+fp/hard/libc_nano.a(lib_a-errno.o)
                              ./Core/Src/syscalls.o (__errno)
/Applications/STM32CubeIDE.app/Contents/Eclipse/plugins/com.st.stm32cube.ide.mcu.externaltools.gnu-tools-for-stm32.10.3-2021.10.macos64_1.0.200.202301161003/tools/bin/../lib/gcc/arm-none-eabi/10.3.1/../../../../arm-none-eabi/lib/thumb/v8-m.main+fp/hard/libc_nano.a(lib_a-exit.o)
                              /Applications/STM32CubeIDE.app/Contents/Eclipse/plugins/com.st.stm32cube.ide.mcu.externaltools.gnu-tools-for-stm32.10.3-2021.10.macos64_1.0.200.202301161003/tools/bin/../lib/gcc/arm-none-eabi/10.3.1/../../../../arm-none-eabi/lib/thumb/v8-m.main+fp/hard/crt0.o (exit)
/Applications/STM32CubeIDE.app/Contents/Eclipse/plugins/com.st.stm32cube.ide.mcu.externaltools.gnu-tools-for-stm32.10.3-2021.10.macos64_1.0.200.202301161003/tools/bin/../lib/gcc/arm-none-eabi/10.3.1/../../../../arm-none-eabi/lib/thumb/v8-m.main+fp/hard/libc_nano.a(lib_a-fprintf.o)
                              /Applications/STM32CubeIDE.app/Contents/Eclipse/plugins/com.st.stm32cube.ide.mcu.externaltools.gnu-tools-for-stm32.10.3-2021.10.macos64_1.0.200.202301161003/tools/bin/../lib/gcc/arm-none-eabi/10.3.1/../../../../arm-none-eabi/lib/thumb/v8-m.main+fp/hard/libc_nano.a(lib_a-assert.o) (fiprintf)
/Applications/STM32CubeIDE.app/Contents/Eclipse/plugins/com.st.stm32cube.ide.mcu.externaltools.gnu-tools-for-stm32.10.3-2021.10.macos64_1.0.200.202301161003/tools/bin/../lib/gcc/arm-none-eabi/10.3.1/../../../../arm-none-eabi/lib/thumb/v8-m.main+fp/hard/libc_nano.a(lib_a-impure.o)
                              /Applications/STM32CubeIDE.app/Contents/Eclipse/plugins/com.st.stm32cube.ide.mcu.externaltools.gnu-tools-for-stm32.10.3-2021.10.macos64_1.0.200.202301161003/tools/bin/../lib/gcc/arm-none-eabi/10.3.1/../../../../arm-none-eabi/lib/thumb/v8-m.main+fp/hard/libc_nano.a(lib_a-exit.o) (_global_impure_ptr)
/Applications/STM32CubeIDE.app/Contents/Eclipse/plugins/com.st.stm32cube.ide.mcu.externaltools.gnu-tools-for-stm32.10.3-2021.10.macos64_1.0.200.202301161003/tools/bin/../lib/gcc/arm-none-eabi/10.3.1/../../../../arm-none-eabi/lib/thumb/v8-m.main+fp/hard/libc_nano.a(lib_a-init.o)
                              /Applications/STM32CubeIDE.app/Contents/Eclipse/plugins/com.st.stm32cube.ide.mcu.externaltools.gnu-tools-for-stm32.10.3-2021.10.macos64_1.0.200.202301161003/tools/bin/../lib/gcc/arm-none-eabi/10.3.1/../../../../arm-none-eabi/lib/thumb/v8-m.main+fp/hard/crt0.o (__libc_init_array)
/Applications/STM32CubeIDE.app/Contents/Eclipse/plugins/com.st.stm32cube.ide.mcu.externaltools.gnu-tools-for-stm32.10.3-2021.10.macos64_1.0.200.202301161003/tools/bin/../lib/gcc/arm-none-eabi/10.3.1/../../../../arm-none-eabi/lib/thumb/v8-m.main+fp/hard/libc_nano.a(lib_a-malloc.o)
                              ./Core/Src/lfs.o (malloc)
/Applications/STM32CubeIDE.app/Contents/Eclipse/plugins/com.st.stm32cube.ide.mcu.externaltools.gnu-tools-for-stm32.10.3-2021.10.macos64_1.0.200.202301161003/tools/bin/../lib/gcc/arm-none-eabi/10.3.1/../../../../arm-none-eabi/lib/thumb/v8-m.main+fp/hard/libc_nano.a(lib_a-memcmp.o)
                              ./Core/Src/lfs.o (memcmp)
/Applications/STM32CubeIDE.app/Contents/Eclipse/plugins/com.st.stm32cube.ide.mcu.externaltools.gnu-tools-for-stm32.10.3-2021.10.macos64_1.0.200.202301161003/tools/bin/../lib/gcc/arm-none-eabi/10.3.1/../../../../arm-none-eabi/lib/thumb/v8-m.main+fp/hard/libc_nano.a(lib_a-memcpy-stub.o)
                              ./Core/Src/lfs.o (memcpy)
/Applications/STM32CubeIDE.app/Contents/Eclipse/plugins/com.st.stm32cube.ide.mcu.externaltools.gnu-tools-for-stm32.10.3-2021.10.macos64_1.0.200.202301161003/tools/bin/../lib/gcc/arm-none-eabi/10.3.1/../../../../arm-none-eabi/lib/thumb/v8-m.main+fp/hard/libc_nano.a(lib_a-memset.o)
                              /Applications/STM32CubeIDE.app/Contents/Eclipse/plugins/com.st.stm32cube.ide.mcu.externaltools.gnu-tools-for-stm32.10.3-2021.10.macos64_1.0.200.202301161003/tools/bin/../lib/gcc/arm-none-eabi/10.3.1/../../../../arm-none-eabi/lib/thumb/v8-m.main+fp/hard/crt0.o (memset)
[...]
Memory Configuration

Name             Origin             Length             Attributes
RAM              0x0000000020000000 0x0000000000030000 xrw
RAM2             0x0000000020030000 0x0000000000010000 xrw
FLASH            0x0000000008000000 0x0000000000080000 xr
*default*        0x0000000000000000 0xffffffffffffffff

Linker script and memory map

LOAD /Applications/STM32CubeIDE.app/Contents/Eclipse/plugins/com.st.stm32cube.ide.mcu.externaltools.gnu-tools-for-stm32.10.3-2021.10.macos64_1.0.200.202301161003/tools/bin/../lib/gcc/arm-none-eabi/10.3.1/thumb/v8-m.main+fp/hard/crti.o
LOAD /Applications/STM32CubeIDE.app/Contents/Eclipse/plugins/com.st.stm32cube.ide.mcu.externaltools.gnu-tools-for-stm32.10.3-2021.10.macos64_1.0.200.202301161003/tools/bin/../lib/gcc/arm-none-eabi/10.3.1/thumb/v8-m.main+fp/hard/crtbegin.o
LOAD /Applications/STM32CubeIDE.app/Contents/Eclipse/plugins/com.st.stm32cube.ide.mcu.externaltools.gnu-tools-for-stm32.10.3-2021.10.macos64_1.0.200.202301161003/tools/bin/../lib/gcc/arm-none-eabi/10.3.1/../../../../arm-none-eabi/lib/thumb/v8-m.main+fp/hard/crt0.o
LOAD ./Core/Src/lfs.o
LOAD ./Core/Src/lfs_util.o
LOAD ./Core/Src/main.o
LOAD ./Core/Src/stm32l5xx_hal_msp.o
LOAD ./Core/Src/stm32l5xx_hal_timebase_tim.o
LOAD ./Core/Src/stm32l5xx_it.o
LOAD ./Core/Src/syscalls.o
LOAD ./Core/Src/sysmem.o
LOAD ./Core/Src/system_stm32l5xx.o
LOAD ./Core/Src/w25n01gv.o
LOAD ./Core/Startup/startup_stm32l552vetx.o
LOAD ./Drivers/STM32L5xx_HAL_Driver/Src/stm32l5xx_hal.o
LOAD ./Drivers/STM32L5xx_HAL_Driver/Src/stm32l5xx_hal_cortex.o
LOAD ./Drivers/STM32L5xx_HAL_Driver/Src/stm32l5xx_hal_dma.o
LOAD ./Drivers/STM32L5xx_HAL_Driver/Src/stm32l5xx_hal_dma_ex.o
LOAD ./Drivers/STM32L5xx_HAL_Driver/Src/stm32l5xx_hal_exti.o
LOAD ./Drivers/STM32L5xx_HAL_Driver/Src/stm32l5xx_hal_flash.o
LOAD ./Drivers/STM32L5xx_HAL_Driver/Src/stm32l5xx_hal_flash_ex.o
LOAD ./Drivers/STM32L5xx_HAL_Driver/Src/stm32l5xx_hal_flash_ramfunc.o
LOAD ./Drivers/STM32L5xx_HAL_Driver/Src/stm32l5xx_hal_gpio.o
LOAD ./Drivers/STM32L5xx_HAL_Driver/Src/stm32l5xx_hal_i2c.o
LOAD ./Drivers/STM32L5xx_HAL_Driver/Src/stm32l5xx_hal_i2c_ex.o
LOAD ./Drivers/STM32L5xx_HAL_Driver/Src/stm32l5xx_hal_icache.o
LOAD ./Drivers/STM32L5xx_HAL_Driver/Src/stm32l5xx_hal_pwr.o
LOAD ./Drivers/STM32L5xx_HAL_Driver/Src/stm32l5xx_hal_pwr_ex.o
LOAD ./Drivers/STM32L5xx_HAL_Driver/Src/stm32l5xx_hal_rcc.o
LOAD ./Drivers/STM32L5xx_HAL_Driver/Src/stm32l5xx_hal_rcc_ex.o
LOAD ./Drivers/STM32L5xx_HAL_Driver/Src/stm32l5xx_hal_rtc.o
LOAD ./Drivers/STM32L5xx_HAL_Driver/Src/stm32l5xx_hal_rtc_ex.o
LOAD ./Drivers/STM32L5xx_HAL_Driver/Src/stm32l5xx_hal_sai.o
LOAD ./Drivers/STM32L5xx_HAL_Driver/Src/stm32l5xx_hal_sai_ex.o
LOAD ./Drivers/STM32L5xx_HAL_Driver/Src/stm32l5xx_hal_spi.o
LOAD ./Drivers/STM32L5xx_HAL_Driver/Src/stm32l5xx_hal_spi_ex.o
LOAD ./Drivers/STM32L5xx_HAL_Driver/Src/stm32l5xx_hal_tim.o
LOAD ./Drivers/STM32L5xx_HAL_Driver/Src/stm32l5xx_hal_tim_ex.o
LOAD ./Drivers/STM32L5xx_HAL_Driver/Src/stm32l5xx_hal_uart.o
LOAD ./Drivers/STM32L5xx_HAL_Driver/Src/stm32l5xx_hal_uart_ex.o
START GROUP
LOAD /Applications/STM32CubeIDE.app/Contents/Eclipse/plugins/com.st.stm32cube.ide.mcu.externaltools.gnu-tools-for-stm32.10.3-2021.10.macos64_1.0.200.202301161003/tools/bin/../lib/gcc/arm-none-eabi/10.3.1/../../../../arm-none-eabi/lib/thumb/v8-m.main+fp/hard/libc_nano.a
LOAD /Applications/STM32CubeIDE.app/Contents/Eclipse/plugins/com.st.stm32cube.ide.mcu.externaltools.gnu-tools-for-stm32.10.3-2021.10.macos64_1.0.200.202301161003/tools/bin/../lib/gcc/arm-none-eabi/10.3.1/../../../../arm-none-eabi/lib/thumb/v8-m.main+fp/hard/libm.a
END GROUP
START GROUP
LOAD /Applications/STM32CubeIDE.app/Contents/Eclipse/plugins/com.st.stm32cube.ide.mcu.externaltools.gnu-tools-for-stm32.10.3-2021.10.macos64_1.0.200.202301161003/tools/bin/../lib/gcc/arm-none-eabi/10.3.1/thumb/v8-m.main+fp/hard/libgcc.a
LOAD /Applications/STM32CubeIDE.app/Contents/Eclipse/plugins/com.st.stm32cube.ide.mcu.externaltools.gnu-tools-for-stm32.10.3-2021.10.macos64_1.0.200.202301161003/tools/bin/../lib/gcc/arm-none-eabi/10.3.1/../../../../arm-none-eabi/lib/thumb/v8-m.main+fp/hard/libc_nano.a
END GROUP
START GROUP
LOAD /Applications/STM32CubeIDE.app/Contents/Eclipse/plugins/com.st.stm32cube.ide.mcu.externaltools.gnu-tools-for-stm32.10.3-2021.10.macos64_1.0.200.202301161003/tools/bin/../lib/gcc/arm-none-eabi/10.3.1/thumb/v8-m.main+fp/hard/libgcc.a
LOAD /Applications/STM32CubeIDE.app/Contents/Eclipse/plugins/com.st.stm32cube.ide.mcu.externaltools.gnu-tools-for-stm32.10.3-2021.10.macos64_1.0.200.202301161003/tools/bin/../lib/gcc/arm-none-eabi/10.3.1/../../../../arm-none-eabi/lib/thumb/v8-m.main+fp/hard/libc_nano.a
LOAD /Applications/STM32CubeIDE.app/Contents/Eclipse/plugins/com.st.stm32cube.ide.mcu.externaltools.gnu-tools-for-stm32.10.3-2021.10.macos64_1.0.200.202301161003/tools/bin/../lib/gcc/arm-none-eabi/10.3.1/../../../../arm-none-eabi/lib/thumb/v8-m.main+fp/hard/libnosys.a
END GROUP
START GROUP
LOAD /Applications/STM32CubeIDE.app/Contents/Eclipse/plugins/com.st.stm32cube.ide.mcu.externaltools.gnu-tools-for-stm32.10.3-2021.10.macos64_1.0.200.202301161003/tools/bin/../lib/gcc/arm-none-eabi/10.3.1/thumb/v8-m.main+fp/hard/libgcc.a
LOAD /Applications/STM32CubeIDE.app/Contents/Eclipse/plugins/com.st.stm32cube.ide.mcu.externaltools.gnu-tools-for-stm32.10.3-2021.10.macos64_1.0.200.202301161003/tools/bin/../lib/gcc/arm-none-eabi/10.3.1/../../../../arm-none-eabi/lib/thumb/v8-m.main+fp/hard/libc_nano.a
LOAD /Applications/STM32CubeIDE.app/Contents/Eclipse/plugins/com.st.stm32cube.ide.mcu.externaltools.gnu-tools-for-stm32.10.3-2021.10.macos64_1.0.200.202301161003/tools/bin/../lib/gcc/arm-none-eabi/10.3.1/../../../../arm-none-eabi/lib/thumb/v8-m.main+fp/hard/libnosys.a
END GROUP
LOAD /Applications/STM32CubeIDE.app/Contents/Eclipse/plugins/com.st.stm32cube.ide.mcu.externaltools.gnu-tools-for-stm32.10.3-2021.10.macos64_1.0.200.202301161003/tools/bin/../lib/gcc/arm-none-eabi/10.3.1/thumb/v8-m.main+fp/hard/crtend.o
LOAD /Applications/STM32CubeIDE.app/Contents/Eclipse/plugins/com.st.stm32cube.ide.mcu.externaltools.gnu-tools-for-stm32.10.3-2021.10.macos64_1.0.200.202301161003/tools/bin/../lib/gcc/arm-none-eabi/10.3.1/thumb/v8-m.main+fp/hard/crtn.o
                0x0000000020030000                _estack = (ORIGIN (RAM) + LENGTH (RAM))
                0x0000000000000200                _Min_Heap_Size = 0x200
                0x0000000000000400                _Min_Stack_Size = 0x400

.isr_vector     0x0000000008000000      0x1f4
                0x0000000008000000                . = ALIGN (0x4)
 *(.isr_vector)
 .isr_vector    0x0000000008000000      0x1f4 ./Core/Startup/startup_stm32l552vetx.o
                0x0000000008000000                g_pfnVectors
                0x00000000080001f4                . = ALIGN (0x4)

.text           0x00000000080001f4    0x11464
                0x00000000080001f4                . = ALIGN (0x4)
 *(.text)
 .text          0x00000000080001f4       0x40 /Applications/STM32CubeIDE.app/Contents/Eclipse/plugins/com.st.stm32cube.ide.mcu.externaltools.gnu-tools-for-stm32.10.3-2021.10.macos64_1.0.200.202301161003/tools/bin/../lib/gcc/arm-none-eabi/10.3.1/thumb/v8-m.main+fp/hard/crtbegin.o
 .text          0x0000000008000234       0x10 /Applications/STM32CubeIDE.app/Contents/Eclipse/plugins/com.st.stm32cube.ide.mcu.externaltools.gnu-tools-for-stm32.10.3-2021.10.macos64_1.0.200.202301161003/tools/bin/../lib/gcc/arm-none-eabi/10.3.1/../../../../arm-none-eabi/lib/thumb/v8-m.main+fp/hard/libc_nano.a(lib_a-strlen.o)
                0x0000000008000234                strlen
 .text          0x0000000008000244       0x30 /Applications/STM32CubeIDE.app/Contents/Eclipse/plugins/com.st.stm32cube.ide.mcu.externaltools.gnu-tools-for-stm32.10.3-2021.10.macos64_1.0.200.202301161003/tools/bin/../lib/gcc/arm-none-eabi/10.3.1/thumb/v8-m.main+fp/hard/libgcc.a(_aeabi_uldivmod.o)
                0x0000000008000244                __aeabi_uldivmod
 .text          0x0000000008000274       0x28 /Applications/STM32CubeIDE.app/Contents/Eclipse/plugins/com.st.stm32cube.ide.mcu.externaltools.gnu-tools-for-stm32.10.3-2021.10.macos64_1.0.200.202301161003/tools/bin/../lib/gcc/arm-none-eabi/10.3.1/thumb/v8-m.main+fp/hard/libgcc.a(_popcountsi2.o)
                0x0000000008000274                __popcountsi2
 .text          0x000000000800029c      0x2ec /Applications/STM32CubeIDE.app/Contents/Eclipse/plugins/com.st.stm32cube.ide.mcu.externaltools.gnu-tools-for-stm32.10.3-2021.10.macos64_1.0.200.202301161003/tools/bin/../lib/gcc/arm-none-eabi/10.3.1/thumb/v8-m.main+fp/hard/libgcc.a(_udivmoddi4.o)
                0x000000000800029c                __udivmoddi4
 .text          0x0000000008000588        0x4 /Applications/STM32CubeIDE.app/Contents/Eclipse/plugins/com.st.stm32cube.ide.mcu.externaltools.gnu-tools-for-stm32.10.3-2021.10.macos64_1.0.200.202301161003/tools/bin/../lib/gcc/arm-none-eabi/10.3.1/thumb/v8-m.main+fp/hard/libgcc.a(_dvmd_tls.o)
                0x0000000008000588                __aeabi_ldiv0
                0x0000000008000588                __aeabi_idiv0
 *(.text*)
 .text.lfs_max  0x000000000800058c       0x20 ./Core/Src/lfs.o
 .text.lfs_min  0x00000000080005ac       0x20 ./Core/Src/lfs.o
 .text.lfs_aligndown
                0x00000000080005cc       0x2a ./Core/Src/lfs.o
 .text.lfs_alignup
                0x00000000080005f6       0x24 ./Core/Src/lfs.o
 .text.lfs_npw2
                0x000000000800061a       0x20 ./Core/Src/lfs.o
 .text.lfs_ctz  0x000000000800063a       0x1e ./Core/Src/lfs.o
 .text.lfs_popc
                0x0000000008000658       0x18 ./Core/Src/lfs.o
 .text.lfs_scmp
                0x0000000008000670       0x1c ./Core/Src/lfs.o
 .text.lfs_fromle32
                0x000000000800068c       0x16 ./Core/Src/lfs.o
 .text.lfs_tole32
                0x00000000080006a2       0x18 ./Core/Src/lfs.o
 .text.lfs_frombe32
                0x00000000080006ba       0x18 ./Core/Src/lfs.o
 .text.lfs_tobe32
                0x00000000080006d2       0x18 ./Core/Src/lfs.o
 .text.lfs_malloc
                0x00000000080006ea       0x18 ./Core/Src/lfs.o
 .text.lfs_free
                0x0000000008000702       0x16 ./Core/Src/lfs.o
 .text.lfs_cache_drop
                0x0000000008000718       0x1e ./Core/Src/lfs.o
 .text.lfs_cache_zero
                0x0000000008000736       0x2c ./Core/Src/lfs.o
 *fill*         0x0000000008000762        0x2 
 .text.lfs_bd_read
                0x0000000008000764      0x288 ./Core/Src/lfs.o
 .text.lfs_bd_cmp
                0x00000000080009ec       0xa2 ./Core/Src/lfs.o
 .text.lfs_bd_crc
                0x0000000008000a8e       0x8c ./Core/Src/lfs.o
 *fill*         0x0000000008000b1a        0x2 
 .text.lfs_bd_flush
                0x0000000008000b1c       0xf8 ./Core/Src/lfs.o
 .text.lfs_bd_sync
                0x0000000008000c14       0x68 ./Core/Src/lfs.o
 .text.lfs_bd_prog
                0x0000000008000c7c      0x158 ./Core/Src/lfs.o
 .text.lfs_bd_erase
                0x0000000008000dd4       0x64 ./Core/Src/lfs.o
 .text.lfs_pair_swap
                0x0000000008000e38       0x2a ./Core/Src/lfs.o
 .text.lfs_pair_isnull
                0x0000000008000e62       0x36 ./Core/Src/lfs.o
 .text.lfs_pair_cmp
                0x0000000008000e98       0x54 ./Core/Src/lfs.o
 .text.lfs_pair_issync
                0x0000000008000eec       0x5a ./Core/Src/lfs.o
 .text.lfs_pair_fromle32
                0x0000000008000f46       0x34 ./Core/Src/lfs.o
 .text.lfs_pair_tole32
                0x0000000008000f7a       0x34 ./Core/Src/lfs.o
 .text.lfs_tag_isvalid
                0x0000000008000fae       0x1c ./Core/Src/lfs.o
 .text.lfs_tag_isdelete
                0x0000000008000fca       0x26 ./Core/Src/lfs.o
 .text.lfs_tag_type1
                0x0000000008000ff0       0x20 ./Core/Src/lfs.o
 .text.lfs_tag_type2
                0x0000000008001010       0x20 ./Core/Src/lfs.o
 .text.lfs_tag_type3
                0x0000000008001030       0x20 ./Core/Src/lfs.o
 .text.lfs_tag_chunk
                0x0000000008001050       0x1a ./Core/Src/lfs.o
 .text.lfs_tag_splice
                0x000000000800106a       0x1a ./Core/Src/lfs.o
 .text.lfs_tag_id
                0x0000000008001084       0x20 ./Core/Src/lfs.o
 .text.lfs_tag_size
                0x00000000080010a4       0x1a ./Core/Src/lfs.o
 .text.lfs_tag_dsize
                0x00000000080010be       0x28 ./Core/Src/lfs.o
 .text.lfs_gstate_xor
                0x00000000080010e6       0x4a ./Core/Src/lfs.o
 .text.lfs_gstate_iszero
                0x0000000008001130       0x3a ./Core/Src/lfs.o
 .text.lfs_gstate_hasorphans
                0x000000000800116a       0x26 ./Core/Src/lfs.o
 .text.lfs_gstate_getorphans
                0x0000000008001190       0x1e ./Core/Src/lfs.o
 .text.lfs_gstate_hasmove
                0x00000000080011ae       0x26 ./Core/Src/lfs.o
 .text.lfs_gstate_needssuperblock
                0x00000000080011d4       0x28 ./Core/Src/lfs.o
 .text.lfs_gstate_hasmovehere
                0x00000000080011fc       0x40 ./Core/Src/lfs.o
 .text.lfs_gstate_fromle32
                0x000000000800123c       0x40 ./Core/Src/lfs.o
 .text.lfs_gstate_tole32
                0x000000000800127c       0x40 ./Core/Src/lfs.o
 .text.lfs_fcrc_fromle32
                0x00000000080012bc       0x30 ./Core/Src/lfs.o
 .text.lfs_fcrc_tole32
                0x00000000080012ec       0x30 ./Core/Src/lfs.o
 .text.lfs_ctz_fromle32
                0x000000000800131c       0x30 ./Core/Src/lfs.o
 .text.lfs_ctz_tole32
                0x000000000800134c       0x30 ./Core/Src/lfs.o
 .text.lfs_superblock_fromle32
                0x000000000800137c       0x70 ./Core/Src/lfs.o
 .text.lfs_superblock_tole32
                0x00000000080013ec       0x70 ./Core/Src/lfs.o
 .text.lfs_mlist_isopen
                0x000000000800145c       0x3a ./Core/Src/lfs.o
 .text.lfs_mlist_remove
                0x0000000008001496       0x44 ./Core/Src/lfs.o
 .text.lfs_mlist_append
                0x00000000080014da       0x24 ./Core/Src/lfs.o
 *fill*         0x00000000080014fe        0x2 
 .text.lfs_fs_disk_version
                0x0000000008001500       0x1c ./Core/Src/lfs.o
 .text.lfs_fs_disk_version_major
                0x000000000800151c       0x1c ./Core/Src/lfs.o
 .text.lfs_fs_disk_version_minor
                0x0000000008001538       0x1a ./Core/Src/lfs.o
 .text.lfs_alloc_lookahead
                0x0000000008001552       0x6e ./Core/Src/lfs.o
 .text.lfs_alloc_ack
                0x00000000080015c0       0x1e ./Core/Src/lfs.o
 .text.lfs_alloc_drop
                0x00000000080015de       0x22 ./Core/Src/lfs.o
 .text.lfs_alloc
                0x0000000008001600      0x168 ./Core/Src/lfs.o
 .text.lfs_dir_getslice
                0x0000000008001768      0x1cc ./Core/Src/lfs.o
 .text.lfs_dir_get
                0x0000000008001934       0x36 ./Core/Src/lfs.o
 .text.lfs_dir_getread
                0x000000000800196a      0x1b6 ./Core/Src/lfs.o
 .text.lfs_dir_traverse_filter
                0x0000000008001b20       0xb8 ./Core/Src/lfs.o
 .text.lfs_dir_traverse
                0x0000000008001bd8      0x7c0 ./Core/Src/lfs.o
 .text.lfs_dir_fetchmatch
                0x0000000008002398      0x79c ./Core/Src/lfs.o
 .text.lfs_dir_fetch
                0x0000000008002b34       0x36 ./Core/Src/lfs.o
 *fill*         0x0000000008002b6a        0x2 
 .text.lfs_dir_getgstate
                0x0000000008002b6c       0x64 ./Core/Src/lfs.o
 .text.lfs_dir_find_match
                0x0000000008002bd0       0x92 ./Core/Src/lfs.o
 *fill*         0x0000000008002c62        0x2 
 .text.lfs_dir_find
                0x0000000008002c64      0x1f4 ./Core/Src/lfs.o
 .text.lfs_dir_commitprog
                0x0000000008002e58       0x6c ./Core/Src/lfs.o
 .text.lfs_dir_commitattr
                0x0000000008002ec4      0x100 ./Core/Src/lfs.o
 .text.lfs_dir_commitcrc
                0x0000000008002fc4      0x2e0 ./Core/Src/lfs.o
 .text.lfs_dir_alloc
                0x00000000080032a4       0xf2 ./Core/Src/lfs.o
 .text.lfs_dir_split
                0x0000000008003396       0xa8 ./Core/Src/lfs.o
 .text.lfs_dir_commit_size
                0x000000000800343e       0x2c ./Core/Src/lfs.o
 .text.lfs_dir_commit_commit
                0x000000000800346a       0x2a ./Core/Src/lfs.o
 .text.lfs_dir_needsrelocation
                0x0000000008003494       0x4c ./Core/Src/lfs.o
 .text.lfs_dir_compact
                0x00000000080034e0      0x3ec ./Core/Src/lfs.o
 .text.lfs_dir_splittingcompact
                0x00000000080038cc      0x230 ./Core/Src/lfs.o
 .text.lfs_dir_relocatingcommit
                0x0000000008003afc      0x568 ./Core/Src/lfs.o
 .text.lfs_dir_orphaningcommit
                0x0000000008004064      0x5f4 ./Core/Src/lfs.o
 .text.lfs_dir_commit
                0x0000000008004658       0x4a ./Core/Src/lfs.o
 .text.lfs_ctz_index
                0x00000000080046a2       0x70 ./Core/Src/lfs.o
 .text.lfs_ctz_find
                0x0000000008004712       0xd6 ./Core/Src/lfs.o
 .text.lfs_ctz_extend
                0x00000000080047e8      0x210 ./Core/Src/lfs.o
 .text.lfs_ctz_traverse
                0x00000000080049f8       0xf8 ./Core/Src/lfs.o
 .text.lfs_file_rawopencfg
                0x0000000008004af0      0x3a0 ./Core/Src/lfs.o
 .text.lfs_file_rawopen
                0x0000000008004e90       0x30 ./Core/Src/lfs.o
 .text.lfs_file_rawclose
                0x0000000008004ec0       0x3a ./Core/Src/lfs.o
 *fill*         0x0000000008004efa        0x2 
 .text.lfs_file_relocate
                0x0000000008004efc      0x1b4 ./Core/Src/lfs.o
 .text.lfs_file_outline
                0x00000000080050b0       0x42 ./Core/Src/lfs.o
 *fill*         0x00000000080050f2        0x2 
 .text.lfs_file_flush
                0x00000000080050f4      0x1a8 ./Core/Src/lfs.o
 .text.lfs_file_rawsync
                0x000000000800529c      0x118 ./Core/Src/lfs.o
 .text.lfs_file_flushedread
                0x00000000080053b4      0x1a4 ./Core/Src/lfs.o
 .text.lfs_file_rawread
                0x0000000008005558       0x6c ./Core/Src/lfs.o
 .text.lfs_file_flushedwrite
                0x00000000080055c4      0x252 ./Core/Src/lfs.o
 *fill*         0x0000000008005816        0x2 
 .text.lfs_file_rawwrite
                0x0000000008005818      0x108 ./Core/Src/lfs.o
 .text.lfs_file_rawseek
                0x0000000008005920      0x112 ./Core/Src/lfs.o
 .text.lfs_file_rawrewind
                0x0000000008005a32       0x2c ./Core/Src/lfs.o
 .text.lfs_file_rawsize
                0x0000000008005a5e       0x36 ./Core/Src/lfs.o
 .text.lfs_init
                0x0000000008005a94      0x390 ./Core/Src/lfs.o
 .text.lfs_deinit
                0x0000000008005e24       0x4e ./Core/Src/lfs.o
 *fill*         0x0000000008005e72        0x2 
 .text.lfs_rawformat
                0x0000000008005e74      0x144 ./Core/Src/lfs.o
 .text.lfs_rawmount
                0x0000000008005fb8      0x424 ./Core/Src/lfs.o
 .text.lfs_rawunmount
                0x00000000080063dc       0x18 ./Core/Src/lfs.o
 .text.lfs_fs_rawtraverse
                0x00000000080063f4      0x2a0 ./Core/Src/lfs.o
 .text.lfs_fs_pred
                0x0000000008006694       0xe0 ./Core/Src/lfs.o
 .text.lfs_fs_parent_match
                0x0000000008006774       0x84 ./Core/Src/lfs.o
 .text.lfs_fs_parent
                0x00000000080067f8      0x104 ./Core/Src/lfs.o
 .text.lfs_fs_prepsuperblock
                0x00000000080068fc       0x2a ./Core/Src/lfs.o
 *fill*         0x0000000008006926        0x2 
 .text.lfs_fs_preporphans
                0x0000000008006928       0xa0 ./Core/Src/lfs.o
 .text.lfs_fs_prepmove
                0x00000000080069c8       0x74 ./Core/Src/lfs.o
 .text.lfs_fs_desuperblock
                0x0000000008006a3c       0xdc ./Core/Src/lfs.o
 .text.lfs_fs_demove
                0x0000000008006b18       0xf8 ./Core/Src/lfs.o
 .text.lfs_fs_deorphan
                0x0000000008006c10      0x360 ./Core/Src/lfs.o
 .text.lfs_fs_forceconsistency
                0x0000000008006f70       0x4a ./Core/Src/lfs.o
 .text.lfs_fs_size_count
                0x0000000008006fba       0x26 ./Core/Src/lfs.o
 .text.lfs_fs_rawsize
                0x0000000008006fe0       0x34 ./Core/Src/lfs.o
 .text.lfs_format
                0x0000000008007014       0x2c ./Core/Src/lfs.o
                0x0000000008007014                lfs_format
 .text.lfs_mount
                0x0000000008007040       0x2c ./Core/Src/lfs.o
                0x0000000008007040                lfs_mount
 .text.lfs_unmount
                0x000000000800706c       0x28 ./Core/Src/lfs.o
                0x000000000800706c                lfs_unmount
 .text.lfs_file_open
                0x0000000008007094       0x68 ./Core/Src/lfs.o
                0x0000000008007094                lfs_file_open
 .text.lfs_file_close
                0x00000000080070fc       0x58 ./Core/Src/lfs.o
                0x00000000080070fc                lfs_file_close
 .text.lfs_file_read
                0x0000000008007154       0x60 ./Core/Src/lfs.o
                0x0000000008007154                lfs_file_read
 .text.lfs_file_write
                0x00000000080071b4       0x60 ./Core/Src/lfs.o
                0x00000000080071b4                lfs_file_write
 .text.lfs_file_rewind
                0x0000000008007214       0x2c ./Core/Src/lfs.o
                0x0000000008007214                lfs_file_rewind
 .text.lfs_crc  0x0000000008007240       0x7c ./Core/Src/lfs_util.o
                0x0000000008007240                lfs_crc
 .text.main     0x00000000080072bc      0x358 ./Core/Src/main.o
                0x00000000080072bc                main
 .text.SystemClock_Config
                0x0000000008007614       0xbc ./Core/Src/main.o
                0x0000000008007614                SystemClock_Config
 .text.PeriphCommonClock_Config
                0x00000000080076d0       0x54 ./Core/Src/main.o
                0x00000000080076d0                PeriphCommonClock_Config
 .text.MX_I2C4_Init
                0x0000000008007724       0x80 ./Core/Src/main.o
 .text.MX_ICACHE_Init
                0x00000000080077a4       0x16 ./Core/Src/main.o
 *fill*         0x00000000080077ba        0x2 
 .text.MX_LPUART1_UART_Init
                0x00000000080077bc       0x98 ./Core/Src/main.o
 .text.MX_RTC_Init
                0x0000000008007854       0xac ./Core/Src/main.o
 .text.MX_SAI1_Init
                0x0000000008007900       0xc0 ./Core/Src/main.o
 .text.MX_SPI1_Init
                0x00000000080079c0       0x7c ./Core/Src/main.o
 .text.MX_DMA_Init
                0x0000000008007a3c       0x84 ./Core/Src/main.o
 .text.MX_GPIO_Init
                0x0000000008007ac0      0x150 ./Core/Src/main.o
 .text.debug_print
                0x0000000008007c10       0x48 ./Core/Src/main.o
                0x0000000008007c10                debug_print
 .text.HAL_TIM_PeriodElapsedCallback
                0x0000000008007c58       0x24 ./Core/Src/main.o
                0x0000000008007c58                HAL_TIM_PeriodElapsedCallback
 .text.Error_Handler
                0x0000000008007c7c        0xa ./Core/Src/main.o
                0x0000000008007c7c                Error_Handler
 *fill*         0x0000000008007c86        0x2 
 .text.HAL_MspInit
                0x0000000008007c88       0x48 ./Core/Src/stm32l5xx_hal_msp.o
                0x0000000008007c88                HAL_MspInit
 .text.HAL_I2C_MspInit
                0x0000000008007cd0       0xc0 ./Core/Src/stm32l5xx_hal_msp.o
                0x0000000008007cd0                HAL_I2C_MspInit
 .text.HAL_UART_MspInit
                0x0000000008007d90      0x1ac ./Core/Src/stm32l5xx_hal_msp.o
                0x0000000008007d90                HAL_UART_MspInit
 .text.HAL_RTC_MspInit
                0x0000000008007f3c       0x8c ./Core/Src/stm32l5xx_hal_msp.o
                0x0000000008007f3c                HAL_RTC_MspInit
 .text.HAL_SPI_MspInit
                0x0000000008007fc8       0x88 ./Core/Src/stm32l5xx_hal_msp.o
                0x0000000008007fc8                HAL_SPI_MspInit
 .text.HAL_SPI_MspDeInit
                0x0000000008008050       0x3c ./Core/Src/stm32l5xx_hal_msp.o
                0x0000000008008050                HAL_SPI_MspDeInit
 .text.HAL_SAI_MspInit
                0x000000000800808c      0x1d0 ./Core/Src/stm32l5xx_hal_msp.o
                0x000000000800808c                HAL_SAI_MspInit
 .text.HAL_InitTick
                0x000000000800825c       0xac ./Core/Src/stm32l5xx_hal_timebase_tim.o
                0x000000000800825c                HAL_InitTick
 .text.NMI_Handler
                0x0000000008008308        0x6 ./Core/Src/stm32l5xx_it.o
                0x0000000008008308                NMI_Handler
 .text.HardFault_Handler
                0x000000000800830e        0x6 ./Core/Src/stm32l5xx_it.o
                0x000000000800830e                HardFault_Handler
 .text.MemManage_Handler
                0x0000000008008314        0x6 ./Core/Src/stm32l5xx_it.o
                0x0000000008008314                MemManage_Handler
 .text.BusFault_Handler
                0x000000000800831a        0x6 ./Core/Src/stm32l5xx_it.o
                0x000000000800831a                BusFault_Handler
 .text.UsageFault_Handler
                0x0000000008008320        0x6 ./Core/Src/stm32l5xx_it.o
                0x0000000008008320                UsageFault_Handler
 .text.SVC_Handler
                0x0000000008008326        0xe ./Core/Src/stm32l5xx_it.o
                0x0000000008008326                SVC_Handler
 .text.DebugMon_Handler
                0x0000000008008334        0xe ./Core/Src/stm32l5xx_it.o
                0x0000000008008334                DebugMon_Handler
 .text.PendSV_Handler
                0x0000000008008342        0xe ./Core/Src/stm32l5xx_it.o
                0x0000000008008342                PendSV_Handler
 .text.SysTick_Handler
                0x0000000008008350        0xe ./Core/Src/stm32l5xx_it.o
                0x0000000008008350                SysTick_Handler
 *fill*         0x000000000800835e        0x2 
 .text.RTC_IRQHandler
                0x0000000008008360       0x14 ./Core/Src/stm32l5xx_it.o
                0x0000000008008360                RTC_IRQHandler
 .text.DMA1_Channel1_IRQHandler
                0x0000000008008374       0x14 ./Core/Src/stm32l5xx_it.o
                0x0000000008008374                DMA1_Channel1_IRQHandler
 .text.DMA1_Channel2_IRQHandler
                0x0000000008008388       0x14 ./Core/Src/stm32l5xx_it.o
                0x0000000008008388                DMA1_Channel2_IRQHandler
 .text.DMA1_Channel3_IRQHandler
                0x000000000800839c       0x14 ./Core/Src/stm32l5xx_it.o
                0x000000000800839c                DMA1_Channel3_IRQHandler
 .text.DMA1_Channel4_IRQHandler
                0x00000000080083b0       0x14 ./Core/Src/stm32l5xx_it.o
                0x00000000080083b0                DMA1_Channel4_IRQHandler
 .text.TIM1_UP_IRQHandler
                0x00000000080083c4       0x14 ./Core/Src/stm32l5xx_it.o
                0x00000000080083c4                TIM1_UP_IRQHandler
 .text.LPUART1_IRQHandler
                0x00000000080083d8       0x14 ./Core/Src/stm32l5xx_it.o
                0x00000000080083d8                LPUART1_IRQHandler
 .text._getpid  0x00000000080083ec       0x10 ./Core/Src/syscalls.o
                0x00000000080083ec                _getpid
 .text._kill    0x00000000080083fc       0x20 ./Core/Src/syscalls.o
                0x00000000080083fc                _kill
 .text._exit    0x000000000800841c       0x14 ./Core/Src/syscalls.o
                0x000000000800841c                _exit
 .text._read    0x0000000008008430       0x3a ./Core/Src/syscalls.o
                0x0000000008008430                _read
 .text._write   0x000000000800846a       0x38 ./Core/Src/syscalls.o
                0x000000000800846a                _write
 .text._close   0x00000000080084a2       0x18 ./Core/Src/syscalls.o
                0x00000000080084a2                _close
 .text._fstat   0x00000000080084ba       0x20 ./Core/Src/syscalls.o
                0x00000000080084ba                _fstat
 .text._isatty  0x00000000080084da       0x16 ./Core/Src/syscalls.o
                0x00000000080084da                _isatty
 .text._lseek   0x00000000080084f0       0x1a ./Core/Src/syscalls.o
                0x00000000080084f0                _lseek
 *fill*         0x000000000800850a        0x2 
 .text._sbrk    0x000000000800850c       0x6c ./Core/Src/sysmem.o
                0x000000000800850c                _sbrk
 .text.SystemInit
                0x0000000008008578       0x24 ./Core/Src/system_stm32l5xx.o
                0x0000000008008578                SystemInit
 .text.SystemCoreClockUpdate
                0x000000000800859c      0x15c ./Core/Src/system_stm32l5xx.o
                0x000000000800859c                SystemCoreClockUpdate
 .text.W25_ReadStatusReg
                0x00000000080086f8       0x6c ./Core/Src/w25n01gv.o
                0x00000000080086f8                W25_ReadStatusReg
 .text.W25_WriteStatusReg
                0x0000000008008764       0x68 ./Core/Src/w25n01gv.o
                0x0000000008008764                W25_WriteStatusReg
 .text.W25_WriteEnable
                0x00000000080087cc       0x40 ./Core/Src/w25n01gv.o
                0x00000000080087cc                W25_WriteEnable
 .text.W25_Read
                0x000000000800880c       0x88 ./Core/Src/w25n01gv.o
                0x000000000800880c                W25_Read
 .text.W25_PageDataRead
                0x0000000008008894       0x64 ./Core/Src/w25n01gv.o
                0x0000000008008894                W25_PageDataRead
 .text.W25_WritePage
                0x00000000080088f8       0x80 ./Core/Src/w25n01gv.o
                0x00000000080088f8                W25_WritePage
 .text.W25_ProgramExecute
                0x0000000008008978       0x64 ./Core/Src/w25n01gv.o
                0x0000000008008978                W25_ProgramExecute
 .text.W25_SectorErase
                0x00000000080089dc       0x64 ./Core/Src/w25n01gv.o
                0x00000000080089dc                W25_SectorErase
 .text.W25_Busy
                0x0000000008008a40       0x14 ./Core/Src/w25n01gv.o
                0x0000000008008a40                W25_Busy
 .text.W25_DelayWhileBusy
                0x0000000008008a54       0x50 ./Core/Src/w25n01gv.o
                0x0000000008008a54                W25_DelayWhileBusy
 .text.W25_readLittlefs
                0x0000000008008aa4       0x56 ./Core/Src/w25n01gv.o
                0x0000000008008aa4                W25_readLittlefs
 .text.W25_writeLittlefs
                0x0000000008008afa       0x56 ./Core/Src/w25n01gv.o
                0x0000000008008afa                W25_writeLittlefs
 .text.W25_eraseLittlefs
                0x0000000008008b50       0x1a ./Core/Src/w25n01gv.o
                0x0000000008008b50                W25_eraseLittlefs
 .text.W25_syncLittlefs
                0x0000000008008b6a       0x16 ./Core/Src/w25n01gv.o
                0x0000000008008b6a                W25_syncLittlefs
 .text.Reset_Handler
                0x0000000008008b80       0x50 ./Core/Startup/startup_stm32l552vetx.o
                0x0000000008008b80                Reset_Handler
 .text.Default_Handler
                0x0000000008008bd0        0x2 ./Core/Startup/startup_stm32l552vetx.o
                0x0000000008008bd0                DMA2_Channel3_IRQHandler
                0x0000000008008bd0                TIM8_TRG_COM_IRQHandler
                0x0000000008008bd0                TIM8_CC_IRQHandler
                0x0000000008008bd0                EXTI5_IRQHandler
                0x0000000008008bd0                FLASH_S_IRQHandler
                0x0000000008008bd0                EXTI13_IRQHandler
                0x0000000008008bd0                TIM1_CC_IRQHandler
                0x0000000008008bd0                TSC_IRQHandler
                0x0000000008008bd0                TAMP_IRQHandler
                0x0000000008008bd0                TIM6_IRQHandler
                0x0000000008008bd0                EXTI12_IRQHandler
                0x0000000008008bd0                DMA2_Channel8_IRQHandler
                0x0000000008008bd0                EXTI3_IRQHandler
                0x0000000008008bd0                EXTI8_IRQHandler
                0x0000000008008bd0                LPTIM2_IRQHandler
                0x0000000008008bd0                DFSDM1_FLT1_IRQHandler
                0x0000000008008bd0                USB_FS_IRQHandler
                0x0000000008008bd0                I2C3_ER_IRQHandler
                0x0000000008008bd0                DFSDM1_FLT2_IRQHandler
                0x0000000008008bd0                DMAMUX1_IRQHandler
                0x0000000008008bd0                LPTIM3_IRQHandler
                0x0000000008008bd0                EXTI0_IRQHandler
                0x0000000008008bd0                I2C2_EV_IRQHandler
                0x0000000008008bd0                FPU_IRQHandler
                0x0000000008008bd0                FDCAN1_IT1_IRQHandler
                0x0000000008008bd0                ADC1_2_IRQHandler
                0x0000000008008bd0                SPI1_IRQHandler
                0x0000000008008bd0                OCTOSPI1_IRQHandler
                0x0000000008008bd0                TIM8_UP_IRQHandler
                0x0000000008008bd0                RCC_S_IRQHandler
                0x0000000008008bd0                DMA2_Channel2_IRQHandler
                0x0000000008008bd0                SAI2_IRQHandler
                0x0000000008008bd0                DFSDM1_FLT3_IRQHandler
                0x0000000008008bd0                EXTI15_IRQHandler
                0x0000000008008bd0                TIM17_IRQHandler
                0x0000000008008bd0                USART3_IRQHandler
                0x0000000008008bd0                EXTI9_IRQHandler
                0x0000000008008bd0                DMA1_Channel7_IRQHandler
                0x0000000008008bd0                UART5_IRQHandler
                0x0000000008008bd0                TIM4_IRQHandler
                0x0000000008008bd0                DMA2_Channel1_IRQHandler
                0x0000000008008bd0                I2C1_EV_IRQHandler
                0x0000000008008bd0                DMA1_Channel6_IRQHandler
                0x0000000008008bd0                TIM16_IRQHandler
                0x0000000008008bd0                UART4_IRQHandler
                0x0000000008008bd0                DMA2_Channel4_IRQHandler
                0x0000000008008bd0                SecureFault_Handler
                0x0000000008008bd0                TIM3_IRQHandler
                0x0000000008008bd0                RCC_IRQHandler
                0x0000000008008bd0                TIM1_TRG_COM_IRQHandler
                0x0000000008008bd0                Default_Handler
                0x0000000008008bd0                DMA2_Channel7_IRQHandler
                0x0000000008008bd0                DMA1_Channel8_IRQHandler
                0x0000000008008bd0                TIM7_IRQHandler
                0x0000000008008bd0                SDMMC1_IRQHandler
                0x0000000008008bd0                TIM5_IRQHandler
                0x0000000008008bd0                UCPD1_IRQHandler
                0x0000000008008bd0                TIM15_IRQHandler
                0x0000000008008bd0                I2C3_EV_IRQHandler
                0x0000000008008bd0                PVD_PVM_IRQHandler
                0x0000000008008bd0                SPI2_IRQHandler
                0x0000000008008bd0                EXTI14_IRQHandler
                0x0000000008008bd0                EXTI11_IRQHandler
                0x0000000008008bd0                DMA2_Channel5_IRQHandler
                0x0000000008008bd0                CRS_IRQHandler
                0x0000000008008bd0                DMA1_Channel5_IRQHandler
                0x0000000008008bd0                EXTI4_IRQHandler
                0x0000000008008bd0                RTC_S_IRQHandler
                0x0000000008008bd0                RNG_IRQHandler
                0x0000000008008bd0                DMAMUX1_S_IRQHandler
                0x0000000008008bd0                COMP_IRQHandler
                0x0000000008008bd0                WWDG_IRQHandler
                0x0000000008008bd0                I2C4_EV_IRQHandler
                0x0000000008008bd0                DMA2_Channel6_IRQHandler
                0x0000000008008bd0                FDCAN1_IT0_IRQHandler
                0x0000000008008bd0                TIM2_IRQHandler
                0x0000000008008bd0                TAMP_S_IRQHandler
                0x0000000008008bd0                EXTI7_IRQHandler
                0x0000000008008bd0                TIM1_BRK_IRQHandler
                0x0000000008008bd0                DAC_IRQHandler
                0x0000000008008bd0                EXTI1_IRQHandler
                0x0000000008008bd0                GTZC_IRQHandler
                0x0000000008008bd0                USART2_IRQHandler
                0x0000000008008bd0                DFSDM1_FLT0_IRQHandler
                0x0000000008008bd0                I2C2_ER_IRQHandler
                0x0000000008008bd0                TIM8_BRK_IRQHandler
                0x0000000008008bd0                FLASH_IRQHandler
                0x0000000008008bd0                USART1_IRQHandler
                0x0000000008008bd0                EXTI10_IRQHandler
                0x0000000008008bd0                SPI3_IRQHandler
                0x0000000008008bd0                I2C1_ER_IRQHandler
                0x0000000008008bd0                FMC_IRQHandler
                0x0000000008008bd0                EXTI6_IRQHandler
                0x0000000008008bd0                LPTIM1_IRQHandler
                0x0000000008008bd0                I2C4_ER_IRQHandler
                0x0000000008008bd0                ICACHE_IRQHandler
                0x0000000008008bd0                SAI1_IRQHandler
                0x0000000008008bd0                HASH_IRQHandler
                0x0000000008008bd0                EXTI2_IRQHandler
 .text.HAL_Init
                0x0000000008008bd2       0x34 ./Drivers/STM32L5xx_HAL_Driver/Src/stm32l5xx_hal.o
                0x0000000008008bd2                HAL_Init
 *fill*         0x0000000008008c06        0x2 
 .text.HAL_IncTick
                0x0000000008008c08       0x28 ./Drivers/STM32L5xx_HAL_Driver/Src/stm32l5xx_hal.o
                0x0000000008008c08                HAL_IncTick
 .text.HAL_GetTick
                0x0000000008008c30       0x18 ./Drivers/STM32L5xx_HAL_Driver/Src/stm32l5xx_hal.o
                0x0000000008008c30                HAL_GetTick
 .text.HAL_Delay
                0x0000000008008c48       0x48 ./Drivers/STM32L5xx_HAL_Driver/Src/stm32l5xx_hal.o
                0x0000000008008c48                HAL_Delay
 .text.__NVIC_SetPriorityGrouping
                0x0000000008008c90       0x48 ./Drivers/STM32L5xx_HAL_Driver/Src/stm32l5xx_hal_cortex.o
 .text.__NVIC_GetPriorityGrouping
                0x0000000008008cd8       0x1c ./Drivers/STM32L5xx_HAL_Driver/Src/stm32l5xx_hal_cortex.o
 .text.__NVIC_EnableIRQ
                0x0000000008008cf4       0x3c ./Drivers/STM32L5xx_HAL_Driver/Src/stm32l5xx_hal_cortex.o
 .text.__NVIC_SetPriority
                0x0000000008008d30       0x54 ./Drivers/STM32L5xx_HAL_Driver/Src/stm32l5xx_hal_cortex.o
 .text.NVIC_EncodePriority
                0x0000000008008d84       0x66 ./Drivers/STM32L5xx_HAL_Driver/Src/stm32l5xx_hal_cortex.o
 .text.HAL_NVIC_SetPriorityGrouping
                0x0000000008008dea       0x16 ./Drivers/STM32L5xx_HAL_Driver/Src/stm32l5xx_hal_cortex.o
                0x0000000008008dea                HAL_NVIC_SetPriorityGrouping
 .text.HAL_NVIC_SetPriority
                0x0000000008008e00       0x34 ./Drivers/STM32L5xx_HAL_Driver/Src/stm32l5xx_hal_cortex.o
                0x0000000008008e00                HAL_NVIC_SetPriority
 .text.HAL_NVIC_EnableIRQ
                0x0000000008008e34       0x1c ./Drivers/STM32L5xx_HAL_Driver/Src/stm32l5xx_hal_cortex.o
                0x0000000008008e34                HAL_NVIC_EnableIRQ
 .text.HAL_DMA_Init
                0x0000000008008e50      0x150 ./Drivers/STM32L5xx_HAL_Driver/Src/stm32l5xx_hal_dma.o
                0x0000000008008e50                HAL_DMA_Init
 .text.HAL_DMA_Start_IT
                0x0000000008008fa0       0xf6 ./Drivers/STM32L5xx_HAL_Driver/Src/stm32l5xx_hal_dma.o
                0x0000000008008fa0                HAL_DMA_Start_IT
 .text.HAL_DMA_Abort
                0x0000000008009096       0xb8 ./Drivers/STM32L5xx_HAL_Driver/Src/stm32l5xx_hal_dma.o
                0x0000000008009096                HAL_DMA_Abort
 .text.HAL_DMA_Abort_IT
                0x000000000800914e       0xbe ./Drivers/STM32L5xx_HAL_Driver/Src/stm32l5xx_hal_dma.o
                0x000000000800914e                HAL_DMA_Abort_IT
 .text.HAL_DMA_IRQHandler
                0x000000000800920c      0x200 ./Drivers/STM32L5xx_HAL_Driver/Src/stm32l5xx_hal_dma.o
                0x000000000800920c                HAL_DMA_IRQHandler
 .text.HAL_DMA_ConfigChannelAttributes
                0x000000000800940c       0x60 ./Drivers/STM32L5xx_HAL_Driver/Src/stm32l5xx_hal_dma.o
                0x000000000800940c                HAL_DMA_ConfigChannelAttributes
 .text.DMA_SetConfig
                0x000000000800946c       0x7c ./Drivers/STM32L5xx_HAL_Driver/Src/stm32l5xx_hal_dma.o
 .text.DMA_CalcDMAMUXChannelBaseAndMask
                0x00000000080094e8       0x7c ./Drivers/STM32L5xx_HAL_Driver/Src/stm32l5xx_hal_dma.o
 .text.DMA_CalcDMAMUXRequestGenBaseAndMask
                0x0000000008009564       0x48 ./Drivers/STM32L5xx_HAL_Driver/Src/stm32l5xx_hal_dma.o
 .text.HAL_GPIO_Init
                0x00000000080095ac      0x300 ./Drivers/STM32L5xx_HAL_Driver/Src/stm32l5xx_hal_gpio.o
                0x00000000080095ac                HAL_GPIO_Init
 .text.HAL_GPIO_DeInit
                0x00000000080098ac      0x1dc ./Drivers/STM32L5xx_HAL_Driver/Src/stm32l5xx_hal_gpio.o
                0x00000000080098ac                HAL_GPIO_DeInit
 .text.HAL_GPIO_ReadPin
                0x0000000008009a88       0x30 ./Drivers/STM32L5xx_HAL_Driver/Src/stm32l5xx_hal_gpio.o
                0x0000000008009a88                HAL_GPIO_ReadPin
 .text.HAL_GPIO_WritePin
                0x0000000008009ab8       0x30 ./Drivers/STM32L5xx_HAL_Driver/Src/stm32l5xx_hal_gpio.o
                0x0000000008009ab8                HAL_GPIO_WritePin
 .text.HAL_I2C_Init
                0x0000000008009ae8      0x11e ./Drivers/STM32L5xx_HAL_Driver/Src/stm32l5xx_hal_i2c.o
                0x0000000008009ae8                HAL_I2C_Init
 .text.HAL_I2CEx_ConfigAnalogFilter
                0x0000000008009c06       0x96 ./Drivers/STM32L5xx_HAL_Driver/Src/stm32l5xx_hal_i2c_ex.o
                0x0000000008009c06                HAL_I2CEx_ConfigAnalogFilter
 .text.HAL_I2CEx_ConfigDigitalFilter
                0x0000000008009c9c       0x98 ./Drivers/STM32L5xx_HAL_Driver/Src/stm32l5xx_hal_i2c_ex.o
                0x0000000008009c9c                HAL_I2CEx_ConfigDigitalFilter
 .text.HAL_ICACHE_Enable
                0x0000000008009d34       0x20 ./Drivers/STM32L5xx_HAL_Driver/Src/stm32l5xx_hal_icache.o
                0x0000000008009d34                HAL_ICACHE_Enable
 .text.HAL_PWR_EnableBkUpAccess
                0x0000000008009d54       0x20 ./Drivers/STM32L5xx_HAL_Driver/Src/stm32l5xx_hal_pwr.o
                0x0000000008009d54                HAL_PWR_EnableBkUpAccess
 .text.HAL_PWREx_GetVoltageRange
                0x0000000008009d74       0x1c ./Drivers/STM32L5xx_HAL_Driver/Src/stm32l5xx_hal_pwr_ex.o
                0x0000000008009d74                HAL_PWREx_GetVoltageRange
 .text.HAL_PWREx_ControlVoltageScaling
                0x0000000008009d90       0xb8 ./Drivers/STM32L5xx_HAL_Driver/Src/stm32l5xx_hal_pwr_ex.o
                0x0000000008009d90                HAL_PWREx_ControlVoltageScaling
 .text.HAL_PWREx_EnterSHUTDOWNMode
                0x0000000008009e48       0x34 ./Drivers/STM32L5xx_HAL_Driver/Src/stm32l5xx_hal_pwr_ex.o
                0x0000000008009e48                HAL_PWREx_EnterSHUTDOWNMode
 .text.HAL_PWREx_SMPS_GetEffectiveMode
                0x0000000008009e7c       0x48 ./Drivers/STM32L5xx_HAL_Driver/Src/stm32l5xx_hal_pwr_ex.o
                0x0000000008009e7c                HAL_PWREx_SMPS_GetEffectiveMode
 .text.HAL_RCC_OscConfig
                0x0000000008009ec4      0x9ac ./Drivers/STM32L5xx_HAL_Driver/Src/stm32l5xx_hal_rcc.o
                0x0000000008009ec4                HAL_RCC_OscConfig
 .text.HAL_RCC_ClockConfig
                0x000000000800a870      0x270 ./Drivers/STM32L5xx_HAL_Driver/Src/stm32l5xx_hal_rcc.o
                0x000000000800a870                HAL_RCC_ClockConfig
 .text.HAL_RCC_GetSysClockFreq
                0x000000000800aae0      0x13c ./Drivers/STM32L5xx_HAL_Driver/Src/stm32l5xx_hal_rcc.o
                0x000000000800aae0                HAL_RCC_GetSysClockFreq
 .text.HAL_RCC_GetHCLKFreq
                0x000000000800ac1c       0x28 ./Drivers/STM32L5xx_HAL_Driver/Src/stm32l5xx_hal_rcc.o
                0x000000000800ac1c                HAL_RCC_GetHCLKFreq
 .text.HAL_RCC_GetPCLK1Freq
                0x000000000800ac44       0x28 ./Drivers/STM32L5xx_HAL_Driver/Src/stm32l5xx_hal_rcc.o
                0x000000000800ac44                HAL_RCC_GetPCLK1Freq
 .text.HAL_RCC_GetPCLK2Freq
                0x000000000800ac6c       0x28 ./Drivers/STM32L5xx_HAL_Driver/Src/stm32l5xx_hal_rcc.o
                0x000000000800ac6c                HAL_RCC_GetPCLK2Freq
 .text.HAL_RCC_GetClockConfig
                0x000000000800ac94       0x64 ./Drivers/STM32L5xx_HAL_Driver/Src/stm32l5xx_hal_rcc.o
                0x000000000800ac94                HAL_RCC_GetClockConfig
 .text.RCC_SetFlashLatencyFromMSIRange
                0x000000000800acf8       0xc8 ./Drivers/STM32L5xx_HAL_Driver/Src/stm32l5xx_hal_rcc.o
 .text.RCC_GetSysClockFreqFromPLLSource
                0x000000000800adc0       0xdc ./Drivers/STM32L5xx_HAL_Driver/Src/stm32l5xx_hal_rcc.o
 .text.HAL_RCCEx_PeriphCLKConfig
                0x000000000800ae9c      0x708 ./Drivers/STM32L5xx_HAL_Driver/Src/stm32l5xx_hal_rcc_ex.o
                0x000000000800ae9c                HAL_RCCEx_PeriphCLKConfig
 .text.HAL_RCCEx_GetPeriphCLKFreq
                0x000000000800b5a4      0xf44 ./Drivers/STM32L5xx_HAL_Driver/Src/stm32l5xx_hal_rcc_ex.o
                0x000000000800b5a4                HAL_RCCEx_GetPeriphCLKFreq
 .text.RCCEx_PLLSAI1_Config
                0x000000000800c4e8      0x1cc ./Drivers/STM32L5xx_HAL_Driver/Src/stm32l5xx_hal_rcc_ex.o
 .text.RCCEx_PLLSAI2_Config
                0x000000000800c6b4      0x158 ./Drivers/STM32L5xx_HAL_Driver/Src/stm32l5xx_hal_rcc_ex.o
 .text.RCCEx_PLLSAI1_GetVCOFreq
                0x000000000800c80c       0xb4 ./Drivers/STM32L5xx_HAL_Driver/Src/stm32l5xx_hal_rcc_ex.o
 .text.RCCEx_PLLSAI2_GetVCOFreq
                0x000000000800c8c0       0xb4 ./Drivers/STM32L5xx_HAL_Driver/Src/stm32l5xx_hal_rcc_ex.o
 .text.RCCEx_GetSAIxPeriphCLKFreq
                0x000000000800c974      0x200 ./Drivers/STM32L5xx_HAL_Driver/Src/stm32l5xx_hal_rcc_ex.o
 .text.HAL_RTC_Init
                0x000000000800cb74       0xf0 ./Drivers/STM32L5xx_HAL_Driver/Src/stm32l5xx_hal_rtc.o
                0x000000000800cb74                HAL_RTC_Init
 .text.HAL_RTC_WaitForSynchro
                0x000000000800cc64       0x48 ./Drivers/STM32L5xx_HAL_Driver/Src/stm32l5xx_hal_rtc.o
                0x000000000800cc64                HAL_RTC_WaitForSynchro
 .text.RTC_EnterInitMode
                0x000000000800ccac       0x68 ./Drivers/STM32L5xx_HAL_Driver/Src/stm32l5xx_hal_rtc.o
                0x000000000800ccac                RTC_EnterInitMode
 .text.RTC_ExitInitMode
                0x000000000800cd14       0x7c ./Drivers/STM32L5xx_HAL_Driver/Src/stm32l5xx_hal_rtc.o
                0x000000000800cd14                RTC_ExitInitMode
 .text.HAL_RTCEx_SetWakeUpTimer_IT
                0x000000000800cd90      0x10c ./Drivers/STM32L5xx_HAL_Driver/Src/stm32l5xx_hal_rtc_ex.o
                0x000000000800cd90                HAL_RTCEx_SetWakeUpTimer_IT
 .text.HAL_RTCEx_WakeUpTimerIRQHandler
                0x000000000800ce9c       0x34 ./Drivers/STM32L5xx_HAL_Driver/Src/stm32l5xx_hal_rtc_ex.o
                0x000000000800ce9c                HAL_RTCEx_WakeUpTimerIRQHandler
 .text.HAL_RTCEx_WakeUpTimerEventCallback
                0x000000000800ced0       0x14 ./Drivers/STM32L5xx_HAL_Driver/Src/stm32l5xx_hal_rtc_ex.o
                0x000000000800ced0                HAL_RTCEx_WakeUpTimerEventCallback
 .text.HAL_RTCEx_PrivilegeModeSet
                0x000000000800cee4       0x58 ./Drivers/STM32L5xx_HAL_Driver/Src/stm32l5xx_hal_rtc_ex.o
                0x000000000800cee4                HAL_RTCEx_PrivilegeModeSet
 .text.HAL_SAI_InitProtocol
                0x000000000800cf3c       0x62 ./Drivers/STM32L5xx_HAL_Driver/Src/stm32l5xx_hal_sai.o
                0x000000000800cf3c                HAL_SAI_InitProtocol
 *fill*         0x000000000800cf9e        0x2 
 .text.HAL_SAI_Init
                0x000000000800cfa0      0x3e0 ./Drivers/STM32L5xx_HAL_Driver/Src/stm32l5xx_hal_sai.o
                0x000000000800cfa0                HAL_SAI_Init
 .text.SAI_InitI2S
                0x000000000800d380      0x164 ./Drivers/STM32L5xx_HAL_Driver/Src/stm32l5xx_hal_sai.o
 .text.SAI_InitPCM
                0x000000000800d4e4      0x104 ./Drivers/STM32L5xx_HAL_Driver/Src/stm32l5xx_hal_sai.o
 .text.SAI_Disable
                0x000000000800d5e8       0x74 ./Drivers/STM32L5xx_HAL_Driver/Src/stm32l5xx_hal_sai.o
 .text.HAL_SPI_Init
                0x000000000800d65c      0x146 ./Drivers/STM32L5xx_HAL_Driver/Src/stm32l5xx_hal_spi.o
                0x000000000800d65c                HAL_SPI_Init
 .text.HAL_SPI_DeInit
                0x000000000800d7a2       0x50 ./Drivers/STM32L5xx_HAL_Driver/Src/stm32l5xx_hal_spi.o
                0x000000000800d7a2                HAL_SPI_DeInit
 .text.HAL_SPI_Transmit
                0x000000000800d7f2      0x2dc ./Drivers/STM32L5xx_HAL_Driver/Src/stm32l5xx_hal_spi.o
                0x000000000800d7f2                HAL_SPI_Transmit
 .text.HAL_SPI_Receive
                0x000000000800dace      0x260 ./Drivers/STM32L5xx_HAL_Driver/Src/stm32l5xx_hal_spi.o
                0x000000000800dace                HAL_SPI_Receive
 .text.HAL_SPI_TransmitReceive
                0x000000000800dd2e      0x426 ./Drivers/STM32L5xx_HAL_Driver/Src/stm32l5xx_hal_spi.o
                0x000000000800dd2e                HAL_SPI_TransmitReceive
 .text.SPI_WaitFlagStateUntilTimeout
                0x000000000800e154      0x110 ./Drivers/STM32L5xx_HAL_Driver/Src/stm32l5xx_hal_spi.o
 .text.SPI_WaitFifoStateUntilTimeout
                0x000000000800e264      0x12c ./Drivers/STM32L5xx_HAL_Driver/Src/stm32l5xx_hal_spi.o
 .text.SPI_EndRxTransaction
                0x000000000800e390       0xb0 ./Drivers/STM32L5xx_HAL_Driver/Src/stm32l5xx_hal_spi.o
 .text.SPI_EndRxTxTransaction
                0x000000000800e440       0x8c ./Drivers/STM32L5xx_HAL_Driver/Src/stm32l5xx_hal_spi.o
 .text.HAL_TIM_Base_Init
                0x000000000800e4cc       0xae ./Drivers/STM32L5xx_HAL_Driver/Src/stm32l5xx_hal_tim.o
                0x000000000800e4cc                HAL_TIM_Base_Init
 .text.HAL_TIM_Base_MspInit
                0x000000000800e57a       0x14 ./Drivers/STM32L5xx_HAL_Driver/Src/stm32l5xx_hal_tim.o
                0x000000000800e57a                HAL_TIM_Base_MspInit
 *fill*         0x000000000800e58e        0x2 
 .text.HAL_TIM_Base_Start_IT
                0x000000000800e590       0xe0 ./Drivers/STM32L5xx_HAL_Driver/Src/stm32l5xx_hal_tim.o
                0x000000000800e590                HAL_TIM_Base_Start_IT
 .text.HAL_TIM_IRQHandler
                0x000000000800e670      0x23e ./Drivers/STM32L5xx_HAL_Driver/Src/stm32l5xx_hal_tim.o
                0x000000000800e670                HAL_TIM_IRQHandler
 .text.HAL_TIM_OC_DelayElapsedCallback
                0x000000000800e8ae       0x14 ./Drivers/STM32L5xx_HAL_Driver/Src/stm32l5xx_hal_tim.o
                0x000000000800e8ae                HAL_TIM_OC_DelayElapsedCallback
 .text.HAL_TIM_IC_CaptureCallback
                0x000000000800e8c2       0x14 ./Drivers/STM32L5xx_HAL_Driver/Src/stm32l5xx_hal_tim.o
                0x000000000800e8c2                HAL_TIM_IC_CaptureCallback
 .text.HAL_TIM_PWM_PulseFinishedCallback
                0x000000000800e8d6       0x14 ./Drivers/STM32L5xx_HAL_Driver/Src/stm32l5xx_hal_tim.o
                0x000000000800e8d6                HAL_TIM_PWM_PulseFinishedCallback
 .text.HAL_TIM_TriggerCallback
                0x000000000800e8ea       0x14 ./Drivers/STM32L5xx_HAL_Driver/Src/stm32l5xx_hal_tim.o
                0x000000000800e8ea                HAL_TIM_TriggerCallback
 *fill*         0x000000000800e8fe        0x2 
 .text.TIM_Base_SetConfig
                0x000000000800e900      0x134 ./Drivers/STM32L5xx_HAL_Driver/Src/stm32l5xx_hal_tim.o
                0x000000000800e900                TIM_Base_SetConfig
 .text.HAL_TIMEx_CommutCallback
                0x000000000800ea34       0x14 ./Drivers/STM32L5xx_HAL_Driver/Src/stm32l5xx_hal_tim_ex.o
                0x000000000800ea34                HAL_TIMEx_CommutCallback
 .text.HAL_TIMEx_BreakCallback
                0x000000000800ea48       0x14 ./Drivers/STM32L5xx_HAL_Driver/Src/stm32l5xx_hal_tim_ex.o
                0x000000000800ea48                HAL_TIMEx_BreakCallback
 .text.HAL_TIMEx_Break2Callback
                0x000000000800ea5c       0x14 ./Drivers/STM32L5xx_HAL_Driver/Src/stm32l5xx_hal_tim_ex.o
                0x000000000800ea5c                HAL_TIMEx_Break2Callback
 .text.HAL_UART_Init
                0x000000000800ea70       0xa0 ./Drivers/STM32L5xx_HAL_Driver/Src/stm32l5xx_hal_uart.o
                0x000000000800ea70                HAL_UART_Init
 .text.HAL_UART_Transmit_DMA
                0x000000000800eb10      0x100 ./Drivers/STM32L5xx_HAL_Driver/Src/stm32l5xx_hal_uart.o
                0x000000000800eb10                HAL_UART_Transmit_DMA
 .text.HAL_UART_IRQHandler
                0x000000000800ec10      0x648 ./Drivers/STM32L5xx_HAL_Driver/Src/stm32l5xx_hal_uart.o
                0x000000000800ec10                HAL_UART_IRQHandler
 .text.HAL_UART_TxCpltCallback
                0x000000000800f258       0x14 ./Drivers/STM32L5xx_HAL_Driver/Src/stm32l5xx_hal_uart.o
                0x000000000800f258                HAL_UART_TxCpltCallback
 .text.HAL_UART_TxHalfCpltCallback
                0x000000000800f26c       0x14 ./Drivers/STM32L5xx_HAL_Driver/Src/stm32l5xx_hal_uart.o
                0x000000000800f26c                HAL_UART_TxHalfCpltCallback
 .text.HAL_UART_ErrorCallback
                0x000000000800f280       0x14 ./Drivers/STM32L5xx_HAL_Driver/Src/stm32l5xx_hal_uart.o
                0x000000000800f280                HAL_UART_ErrorCallback
 .text.HAL_UARTEx_RxEventCallback
                0x000000000800f294       0x18 ./Drivers/STM32L5xx_HAL_Driver/Src/stm32l5xx_hal_uart.o
                0x000000000800f294                HAL_UARTEx_RxEventCallback
 .text.UART_SetConfig
                0x000000000800f2ac      0x600 ./Drivers/STM32L5xx_HAL_Driver/Src/stm32l5xx_hal_uart.o
                0x000000000800f2ac                UART_SetConfig
 .text.UART_AdvFeatureConfig
                0x000000000800f8ac      0x144 ./Drivers/STM32L5xx_HAL_Driver/Src/stm32l5xx_hal_uart.o
                0x000000000800f8ac                UART_AdvFeatureConfig
 .text.UART_CheckIdleState
                0x000000000800f9f0      0x154 ./Drivers/STM32L5xx_HAL_Driver/Src/stm32l5xx_hal_uart.o
                0x000000000800f9f0                UART_CheckIdleState
 .text.UART_WaitOnFlagUntilTimeout
                0x000000000800fb44       0xce ./Drivers/STM32L5xx_HAL_Driver/Src/stm32l5xx_hal_uart.o
                0x000000000800fb44                UART_WaitOnFlagUntilTimeout
 .text.UART_EndTxTransfer
                0x000000000800fc12       0x82 ./Drivers/STM32L5xx_HAL_Driver/Src/stm32l5xx_hal_uart.o
 .text.UART_EndRxTransfer
                0x000000000800fc94       0xcc ./Drivers/STM32L5xx_HAL_Driver/Src/stm32l5xx_hal_uart.o
 .text.UART_DMATransmitCplt
                0x000000000800fd60       0x9a ./Drivers/STM32L5xx_HAL_Driver/Src/stm32l5xx_hal_uart.o
 .text.UART_DMATxHalfCplt
                0x000000000800fdfa       0x1c ./Drivers/STM32L5xx_HAL_Driver/Src/stm32l5xx_hal_uart.o
 .text.UART_DMAError
                0x000000000800fe16       0x80 ./Drivers/STM32L5xx_HAL_Driver/Src/stm32l5xx_hal_uart.o
 .text.UART_DMAAbortOnError
                0x000000000800fe96       0x2c ./Drivers/STM32L5xx_HAL_Driver/Src/stm32l5xx_hal_uart.o
 .text.UART_EndTransmit_IT
                0x000000000800fec2       0x56 ./Drivers/STM32L5xx_HAL_Driver/Src/stm32l5xx_hal_uart.o
 .text.HAL_UARTEx_WakeupCallback
                0x000000000800ff18       0x14 ./Drivers/STM32L5xx_HAL_Driver/Src/stm32l5xx_hal_uart_ex.o
                0x000000000800ff18                HAL_UARTEx_WakeupCallback
 .text.HAL_UARTEx_RxFifoFullCallback
                0x000000000800ff2c       0x14 ./Drivers/STM32L5xx_HAL_Driver/Src/stm32l5xx_hal_uart_ex.o
                0x000000000800ff2c                HAL_UARTEx_RxFifoFullCallback
 .text.HAL_UARTEx_TxFifoEmptyCallback
                0x000000000800ff40       0x14 ./Drivers/STM32L5xx_HAL_Driver/Src/stm32l5xx_hal_uart_ex.o
                0x000000000800ff40                HAL_UARTEx_TxFifoEmptyCallback
 .text.HAL_UARTEx_DisableFifoMode
                0x000000000800ff54       0x72 ./Drivers/STM32L5xx_HAL_Driver/Src/stm32l5xx_hal_uart_ex.o
                0x000000000800ff54                HAL_UARTEx_DisableFifoMode
 .text.HAL_UARTEx_SetTxFifoThreshold
                0x000000000800ffc6       0x7c ./Drivers/STM32L5xx_HAL_Driver/Src/stm32l5xx_hal_uart_ex.o
                0x000000000800ffc6                HAL_UARTEx_SetTxFifoThreshold
 .text.HAL_UARTEx_SetRxFifoThreshold
                0x0000000008010042       0x7c ./Drivers/STM32L5xx_HAL_Driver/Src/stm32l5xx_hal_uart_ex.o
                0x0000000008010042                HAL_UARTEx_SetRxFifoThreshold
 *fill*         0x00000000080100be        0x2 
 .text.UARTEx_SetNbDataToProcess
                0x00000000080100c0       0x9c ./Drivers/STM32L5xx_HAL_Driver/Src/stm32l5xx_hal_uart_ex.o
 .text.__assert_func
                0x000000000801015c       0x3c /Applications/STM32CubeIDE.app/Contents/Eclipse/plugins/com.st.stm32cube.ide.mcu.externaltools.gnu-tools-for-stm32.10.3-2021.10.macos64_1.0.200.202301161003/tools/bin/../lib/gcc/arm-none-eabi/10.3.1/../../../../arm-none-eabi/lib/thumb/v8-m.main+fp/hard/libc_nano.a(lib_a-assert.o)
                0x000000000801015c                __assert_func
 .text.__errno  0x0000000008010198        0xc /Applications/STM32CubeIDE.app/Contents/Eclipse/plugins/com.st.stm32cube.ide.mcu.externaltools.gnu-tools-for-stm32.10.3-2021.10.macos64_1.0.200.202301161003/tools/bin/../lib/gcc/arm-none-eabi/10.3.1/../../../../arm-none-eabi/lib/thumb/v8-m.main+fp/hard/libc_nano.a(lib_a-errno.o)
                0x0000000008010198                __errno
 .text.fprintf  0x00000000080101a4       0x24 /Applications/STM32CubeIDE.app/Contents/Eclipse/plugins/com.st.stm32cube.ide.mcu.externaltools.gnu-tools-for-stm32.10.3-2021.10.macos64_1.0.200.202301161003/tools/bin/../lib/gcc/arm-none-eabi/10.3.1/../../../../arm-none-eabi/lib/thumb/v8-m.main+fp/hard/libc_nano.a(lib_a-fprintf.o)
                0x00000000080101a4                fprintf
                0x00000000080101a4                fiprintf
 .text.__libc_init_array
                0x00000000080101c8       0x48 /Applications/STM32CubeIDE.app/Contents/Eclipse/plugins/com.st.stm32cube.ide.mcu.externaltools.gnu-tools-for-stm32.10.3-2021.10.macos64_1.0.200.202301161003/tools/bin/../lib/gcc/arm-none-eabi/10.3.1/../../../../arm-none-eabi/lib/thumb/v8-m.main+fp/hard/libc_nano.a(lib_a-init.o)
                0x00000000080101c8                __libc_init_array
 .text.malloc   0x0000000008010210       0x10 /Applications/STM32CubeIDE.app/Contents/Eclipse/plugins/com.st.stm32cube.ide.mcu.externaltools.gnu-tools-for-stm32.10.3-2021.10.macos64_1.0.200.202301161003/tools/bin/../lib/gcc/arm-none-eabi/10.3.1/../../../../arm-none-eabi/lib/thumb/v8-m.main+fp/hard/libc_nano.a(lib_a-malloc.o)
                0x0000000008010210                malloc
 .text.free     0x0000000008010220       0x10 /Applications/STM32CubeIDE.app/Contents/Eclipse/plugins/com.st.stm32cube.ide.mcu.externaltools.gnu-tools-for-stm32.10.3-2021.10.macos64_1.0.200.202301161003/tools/bin/../lib/gcc/arm-none-eabi/10.3.1/../../../../arm-none-eabi/lib/thumb/v8-m.main+fp/hard/libc_nano.a(lib_a-malloc.o)
                0x0000000008010220                free
 .text.memcmp   0x0000000008010230       0x20 /Applications/STM32CubeIDE.app/Contents/Eclipse/plugins/com.st.stm32cube.ide.mcu.externaltools.gnu-tools-for-stm32.10.3-2021.10.macos64_1.0.200.202301161003/tools/bin/../lib/gcc/arm-none-eabi/10.3.1/../../../../arm-none-eabi/lib/thumb/v8-m.main+fp/hard/libc_nano.a(lib_a-memcmp.o)
                0x0000000008010230                memcmp
 .text.memcpy   0x0000000008010250       0x1a /Applications/STM32CubeIDE.app/Contents/Eclipse/plugins/com.st.stm32cube.ide.mcu.externaltools.gnu-tools-for-stm32.10.3-2021.10.macos64_1.0.200.202301161003/tools/bin/../lib/gcc/arm-none-eabi/10.3.1/../../../../arm-none-eabi/lib/thumb/v8-m.main+fp/hard/libc_nano.a(lib_a-memcpy-stub.o)
                0x0000000008010250                memcpy
 .text.memset   0x000000000801026a       0x10 /Applications/STM32CubeIDE.app/Contents/Eclipse/plugins/com.st.stm32cube.ide.mcu.externaltools.gnu-tools-for-stm32.10.3-2021.10.macos64_1.0.200.202301161003/tools/bin/../lib/gcc/arm-none-eabi/10.3.1/../../../../arm-none-eabi/lib/thumb/v8-m.main+fp/hard/libc_nano.a(lib_a-memset.o)
                0x000000000801026a                memset
 *fill*         0x000000000801027a        0x2 
 .text._free_r  0x000000000801027c       0x98 /Applications/STM32CubeIDE.app/Contents/Eclipse/plugins/com.st.stm32cube.ide.mcu.externaltools.gnu-tools-for-stm32.10.3-2021.10.macos64_1.0.200.202301161003/tools/bin/../lib/gcc/arm-none-eabi/10.3.1/../../../../arm-none-eabi/lib/thumb/v8-m.main+fp/hard/libc_nano.a(lib_a-nano-freer.o)
                0x000000000801027c                _free_r
 .text.sbrk_aligned
                0x0000000008010314       0x40 /Applications/STM32CubeIDE.app/Contents/Eclipse/plugins/com.st.stm32cube.ide.mcu.externaltools.gnu-tools-for-stm32.10.3-2021.10.macos64_1.0.200.202301161003/tools/bin/../lib/gcc/arm-none-eabi/10.3.1/../../../../arm-none-eabi/lib/thumb/v8-m.main+fp/hard/libc_nano.a(lib_a-nano-mallocr.o)
 .text._malloc_r
                0x0000000008010354       0xe8 /Applications/STM32CubeIDE.app/Contents/Eclipse/plugins/com.st.stm32cube.ide.mcu.externaltools.gnu-tools-for-stm32.10.3-2021.10.macos64_1.0.200.202301161003/tools/bin/../lib/gcc/arm-none-eabi/10.3.1/../../../../arm-none-eabi/lib/thumb/v8-m.main+fp/hard/libc_nano.a(lib_a-nano-mallocr.o)
                0x0000000008010354                _malloc_r
 .text.__sfputc_r
                0x000000000801043c       0x2e /Applications/STM32CubeIDE.app/Contents/Eclipse/plugins/com.st.stm32cube.ide.mcu.externaltools.gnu-tools-for-stm32.10.3-2021.10.macos64_1.0.200.202301161003/tools/bin/../lib/gcc/arm-none-eabi/10.3.1/../../../../arm-none-eabi/lib/thumb/v8-m.main+fp/hard/libc_nano.a(lib_a-nano-vfprintf.o)
 .text.__sfputs_r
                0x000000000801046a       0x24 /Applications/STM32CubeIDE.app/Contents/Eclipse/plugins/com.st.stm32cube.ide.mcu.externaltools.gnu-tools-for-stm32.10.3-2021.10.macos64_1.0.200.202301161003/tools/bin/../lib/gcc/arm-none-eabi/10.3.1/../../../../arm-none-eabi/lib/thumb/v8-m.main+fp/hard/libc_nano.a(lib_a-nano-vfprintf.o)
                0x000000000801046a                __sfputs_r
 *fill*         0x000000000801048e        0x2 
 .text._vfprintf_r
                0x0000000008010490      0x260 /Applications/STM32CubeIDE.app/Contents/Eclipse/plugins/com.st.stm32cube.ide.mcu.externaltools.gnu-tools-for-stm32.10.3-2021.10.macos64_1.0.200.202301161003/tools/bin/../lib/gcc/arm-none-eabi/10.3.1/../../../../arm-none-eabi/lib/thumb/v8-m.main+fp/hard/libc_nano.a(lib_a-nano-vfprintf.o)
                0x0000000008010490                _vfiprintf_r
                0x0000000008010490                _vfprintf_r
 .text._printf_common
                0x00000000080106f0       0xe0 /Applications/STM32CubeIDE.app/Contents/Eclipse/plugins/com.st.stm32cube.ide.mcu.externaltools.gnu-tools-for-stm32.10.3-2021.10.macos64_1.0.200.202301161003/tools/bin/../lib/gcc/arm-none-eabi/10.3.1/../../../../arm-none-eabi/lib/thumb/v8-m.main+fp/hard/libc_nano.a(lib_a-nano-vfprintf_i.o)
                0x00000000080106f0                _printf_common
 .text._printf_i
                0x00000000080107d0      0x24c /Applications/STM32CubeIDE.app/Contents/Eclipse/plugins/com.st.stm32cube.ide.mcu.externaltools.gnu-tools-for-stm32.10.3-2021.10.macos64_1.0.200.202301161003/tools/bin/../lib/gcc/arm-none-eabi/10.3.1/../../../../arm-none-eabi/lib/thumb/v8-m.main+fp/hard/libc_nano.a(lib_a-nano-vfprintf_i.o)
                0x00000000080107d0                _printf_i
 .text.printf   0x0000000008010a1c       0x30 /Applications/STM32CubeIDE.app/Contents/Eclipse/plugins/com.st.stm32cube.ide.mcu.externaltools.gnu-tools-for-stm32.10.3-2021.10.macos64_1.0.200.202301161003/tools/bin/../lib/gcc/arm-none-eabi/10.3.1/../../../../arm-none-eabi/lib/thumb/v8-m.main+fp/hard/libc_nano.a(lib_a-printf.o)
                0x0000000008010a1c                printf
                0x0000000008010a1c                iprintf
 .text._sbrk_r  0x0000000008010a4c       0x20 /Applications/STM32CubeIDE.app/Contents/Eclipse/plugins/com.st.stm32cube.ide.mcu.externaltools.gnu-tools-for-stm32.10.3-2021.10.macos64_1.0.200.202301161003/tools/bin/../lib/gcc/arm-none-eabi/10.3.1/../../../../arm-none-eabi/lib/thumb/v8-m.main+fp/hard/libc_nano.a(lib_a-sbrkr.o)
                0x0000000008010a4c                _sbrk_r
 .text.strchr   0x0000000008010a6c       0x1a /Applications/STM32CubeIDE.app/Contents/Eclipse/plugins/com.st.stm32cube.ide.mcu.externaltools.gnu-tools-for-stm32.10.3-2021.10.macos64_1.0.200.202301161003/tools/bin/../lib/gcc/arm-none-eabi/10.3.1/../../../../arm-none-eabi/lib/thumb/v8-m.main+fp/hard/libc_nano.a(lib_a-strchr.o)
                0x0000000008010a6c                strchr
 .text.strcspn  0x0000000008010a86       0x22 /Applications/STM32CubeIDE.app/Contents/Eclipse/plugins/com.st.stm32cube.ide.mcu.externaltools.gnu-tools-for-stm32.10.3-2021.10.macos64_1.0.200.202301161003/tools/bin/../lib/gcc/arm-none-eabi/10.3.1/../../../../arm-none-eabi/lib/thumb/v8-m.main+fp/hard/libc_nano.a(lib_a-strcspn.o)
                0x0000000008010a86                strcspn
 .text.strspn   0x0000000008010aa8       0x20 /Applications/STM32CubeIDE.app/Contents/Eclipse/plugins/com.st.stm32cube.ide.mcu.externaltools.gnu-tools-for-stm32.10.3-2021.10.macos64_1.0.200.202301161003/tools/bin/../lib/gcc/arm-none-eabi/10.3.1/../../../../arm-none-eabi/lib/thumb/v8-m.main+fp/hard/libc_nano.a(lib_a-strspn.o)
                0x0000000008010aa8                strspn
 .text._vsprintf_r
                0x0000000008010ac8       0x2c /Applications/STM32CubeIDE.app/Contents/Eclipse/plugins/com.st.stm32cube.ide.mcu.externaltools.gnu-tools-for-stm32.10.3-2021.10.macos64_1.0.200.202301161003/tools/bin/../lib/gcc/arm-none-eabi/10.3.1/../../../../arm-none-eabi/lib/thumb/v8-m.main+fp/hard/libc_nano.a(lib_a-vsprintf.o)
                0x0000000008010ac8                _vsiprintf_r
                0x0000000008010ac8                _vsprintf_r
 .text.vsprintf
                0x0000000008010af4       0x14 /Applications/STM32CubeIDE.app/Contents/Eclipse/plugins/com.st.stm32cube.ide.mcu.externaltools.gnu-tools-for-stm32.10.3-2021.10.macos64_1.0.200.202301161003/tools/bin/../lib/gcc/arm-none-eabi/10.3.1/../../../../arm-none-eabi/lib/thumb/v8-m.main+fp/hard/libc_nano.a(lib_a-vsprintf.o)
                0x0000000008010af4                vsprintf
                0x0000000008010af4                vsiprintf
 .text.__swbuf_r
                0x0000000008010b08       0xa4 /Applications/STM32CubeIDE.app/Contents/Eclipse/plugins/com.st.stm32cube.ide.mcu.externaltools.gnu-tools-for-stm32.10.3-2021.10.macos64_1.0.200.202301161003/tools/bin/../lib/gcc/arm-none-eabi/10.3.1/../../../../arm-none-eabi/lib/thumb/v8-m.main+fp/hard/libc_nano.a(lib_a-wbuf.o)
                0x0000000008010b08                __swbuf_r
 .text.__swsetup_r
                0x0000000008010bac       0xdc /Applications/STM32CubeIDE.app/Contents/Eclipse/plugins/com.st.stm32cube.ide.mcu.externaltools.gnu-tools-for-stm32.10.3-2021.10.macos64_1.0.200.202301161003/tools/bin/../lib/gcc/arm-none-eabi/10.3.1/../../../../arm-none-eabi/lib/thumb/v8-m.main+fp/hard/libc_nano.a(lib_a-wsetup.o)
                0x0000000008010bac                __swsetup_r
 .text.abort    0x0000000008010c88        0xe /Applications/STM32CubeIDE.app/Contents/Eclipse/plugins/com.st.stm32cube.ide.mcu.externaltools.gnu-tools-for-stm32.10.3-2021.10.macos64_1.0.200.202301161003/tools/bin/../lib/gcc/arm-none-eabi/10.3.1/../../../../arm-none-eabi/lib/thumb/v8-m.main+fp/hard/libc_nano.a(lib_a-abort.o)
                0x0000000008010c88                abort
 *fill*         0x0000000008010c96        0x2 
 .text.__sflush_r
                0x0000000008010c98      0x108 /Applications/STM32CubeIDE.app/Contents/Eclipse/plugins/com.st.stm32cube.ide.mcu.externaltools.gnu-tools-for-stm32.10.3-2021.10.macos64_1.0.200.202301161003/tools/bin/../lib/gcc/arm-none-eabi/10.3.1/../../../../arm-none-eabi/lib/thumb/v8-m.main+fp/hard/libc_nano.a(lib_a-fflush.o)
                0x0000000008010c98                __sflush_r
 .text._fflush_r
                0x0000000008010da0       0x78 /Applications/STM32CubeIDE.app/Contents/Eclipse/plugins/com.st.stm32cube.ide.mcu.externaltools.gnu-tools-for-stm32.10.3-2021.10.macos64_1.0.200.202301161003/tools/bin/../lib/gcc/arm-none-eabi/10.3.1/../../../../arm-none-eabi/lib/thumb/v8-m.main+fp/hard/libc_nano.a(lib_a-fflush.o)
                0x0000000008010da0                _fflush_r
 .text.std      0x0000000008010e18       0x48 /Applications/STM32CubeIDE.app/Contents/Eclipse/plugins/com.st.stm32cube.ide.mcu.externaltools.gnu-tools-for-stm32.10.3-2021.10.macos64_1.0.200.202301161003/tools/bin/../lib/gcc/arm-none-eabi/10.3.1/../../../../arm-none-eabi/lib/thumb/v8-m.main+fp/hard/libc_nano.a(lib_a-findfp.o)
 .text._cleanup_r
                0x0000000008010e60        0xc /Applications/STM32CubeIDE.app/Contents/Eclipse/plugins/com.st.stm32cube.ide.mcu.externaltools.gnu-tools-for-stm32.10.3-2021.10.macos64_1.0.200.202301161003/tools/bin/../lib/gcc/arm-none-eabi/10.3.1/../../../../arm-none-eabi/lib/thumb/v8-m.main+fp/hard/libc_nano.a(lib_a-findfp.o)
                0x0000000008010e60                _cleanup_r
 .text.__sfmoreglue
                0x0000000008010e6c       0x2c /Applications/STM32CubeIDE.app/Contents/Eclipse/plugins/com.st.stm32cube.ide.mcu.externaltools.gnu-tools-for-stm32.10.3-2021.10.macos64_1.0.200.202301161003/tools/bin/../lib/gcc/arm-none-eabi/10.3.1/../../../../arm-none-eabi/lib/thumb/v8-m.main+fp/hard/libc_nano.a(lib_a-findfp.o)
                0x0000000008010e6c                __sfmoreglue
 .text.__sfp_lock_acquire
                0x0000000008010e98        0xc /Applications/STM32CubeIDE.app/Contents/Eclipse/plugins/com.st.stm32cube.ide.mcu.externaltools.gnu-tools-for-stm32.10.3-2021.10.macos64_1.0.200.202301161003/tools/bin/../lib/gcc/arm-none-eabi/10.3.1/../../../../arm-none-eabi/lib/thumb/v8-m.main+fp/hard/libc_nano.a(lib_a-findfp.o)
                0x0000000008010e98                __sfp_lock_acquire
 .text.__sfp_lock_release
                0x0000000008010ea4        0xc /Applications/STM32CubeIDE.app/Contents/Eclipse/plugins/com.st.stm32cube.ide.mcu.externaltools.gnu-tools-for-stm32.10.3-2021.10.macos64_1.0.200.202301161003/tools/bin/../lib/gcc/arm-none-eabi/10.3.1/../../../../arm-none-eabi/lib/thumb/v8-m.main+fp/hard/libc_nano.a(lib_a-findfp.o)
                0x0000000008010ea4                __sfp_lock_release
 .text.__sinit_lock_acquire
                0x0000000008010eb0        0xc /Applications/STM32CubeIDE.app/Contents/Eclipse/plugins/com.st.stm32cube.ide.mcu.externaltools.gnu-tools-for-stm32.10.3-2021.10.macos64_1.0.200.202301161003/tools/bin/../lib/gcc/arm-none-eabi/10.3.1/../../../../arm-none-eabi/lib/thumb/v8-m.main+fp/hard/libc_nano.a(lib_a-findfp.o)
                0x0000000008010eb0                __sinit_lock_acquire
 .text.__sinit_lock_release
                0x0000000008010ebc        0xc /Applications/STM32CubeIDE.app/Contents/Eclipse/plugins/com.st.stm32cube.ide.mcu.externaltools.gnu-tools-for-stm32.10.3-2021.10.macos64_1.0.200.202301161003/tools/bin/../lib/gcc/arm-none-eabi/10.3.1/../../../../arm-none-eabi/lib/thumb/v8-m.main+fp/hard/libc_nano.a(lib_a-findfp.o)
                0x0000000008010ebc                __sinit_lock_release
 .text.__sinit  0x0000000008010ec8       0x70 /Applications/STM32CubeIDE.app/Contents/Eclipse/plugins/com.st.stm32cube.ide.mcu.externaltools.gnu-tools-for-stm32.10.3-2021.10.macos64_1.0.200.202301161003/tools/bin/../lib/gcc/arm-none-eabi/10.3.1/../../../../arm-none-eabi/lib/thumb/v8-m.main+fp/hard/libc_nano.a(lib_a-findfp.o)
                0x0000000008010ec8                __sinit
 .text.__sfp    0x0000000008010f38       0x8c /Applications/STM32CubeIDE.app/Contents/Eclipse/plugins/com.st.stm32cube.ide.mcu.externaltools.gnu-tools-for-stm32.10.3-2021.10.macos64_1.0.200.202301161003/tools/bin/../lib/gcc/arm-none-eabi/10.3.1/../../../../arm-none-eabi/lib/thumb/v8-m.main+fp/hard/libc_nano.a(lib_a-findfp.o)
                0x0000000008010f38                __sfp
 .text._fwalk_reent
                0x0000000008010fc4       0x3e /Applications/STM32CubeIDE.app/Contents/Eclipse/plugins/com.st.stm32cube.ide.mcu.externaltools.gnu-tools-for-stm32.10.3-2021.10.macos64_1.0.200.202301161003/tools/bin/../lib/gcc/arm-none-eabi/10.3.1/../../../../arm-none-eabi/lib/thumb/v8-m.main+fp/hard/libc_nano.a(lib_a-fwalk.o)
                0x0000000008010fc4                _fwalk_reent
 .text.__retarget_lock_init_recursive
                0x0000000008011002        0x2 /Applications/STM32CubeIDE.app/Contents/Eclipse/plugins/com.st.stm32cube.ide.mcu.externaltools.gnu-tools-for-stm32.10.3-2021.10.macos64_1.0.200.202301161003/tools/bin/../lib/gcc/arm-none-eabi/10.3.1/../../../../arm-none-eabi/lib/thumb/v8-m.main+fp/hard/libc_nano.a(lib_a-lock.o)
                0x0000000008011002                __retarget_lock_init_recursive
 .text.__retarget_lock_acquire_recursive
                0x0000000008011004        0x2 /Applications/STM32CubeIDE.app/Contents/Eclipse/plugins/com.st.stm32cube.ide.mcu.externaltools.gnu-tools-for-stm32.10.3-2021.10.macos64_1.0.200.202301161003/tools/bin/../lib/gcc/arm-none-eabi/10.3.1/../../../../arm-none-eabi/lib/thumb/v8-m.main+fp/hard/libc_nano.a(lib_a-lock.o)
                0x0000000008011004                __retarget_lock_acquire_recursive
 .text.__retarget_lock_release_recursive
                0x0000000008011006        0x2 /Applications/STM32CubeIDE.app/Contents/Eclipse/plugins/com.st.stm32cube.ide.mcu.externaltools.gnu-tools-for-stm32.10.3-2021.10.macos64_1.0.200.202301161003/tools/bin/../lib/gcc/arm-none-eabi/10.3.1/../../../../arm-none-eabi/lib/thumb/v8-m.main+fp/hard/libc_nano.a(lib_a-lock.o)
                0x0000000008011006                __retarget_lock_release_recursive
 .text.__swhatbuf_r
                0x0000000008011008       0x4a /Applications/STM32CubeIDE.app/Contents/Eclipse/plugins/com.st.stm32cube.ide.mcu.externaltools.gnu-tools-for-stm32.10.3-2021.10.macos64_1.0.200.202301161003/tools/bin/../lib/gcc/arm-none-eabi/10.3.1/../../../../arm-none-eabi/lib/thumb/v8-m.main+fp/hard/libc_nano.a(lib_a-makebuf.o)
                0x0000000008011008                __swhatbuf_r
 *fill*         0x0000000008011052        0x2 
 .text.__smakebuf_r
                0x0000000008011054       0x80 /Applications/STM32CubeIDE.app/Contents/Eclipse/plugins/com.st.stm32cube.ide.mcu.externaltools.gnu-tools-for-stm32.10.3-2021.10.macos64_1.0.200.202301161003/tools/bin/../lib/gcc/arm-none-eabi/10.3.1/../../../../arm-none-eabi/lib/thumb/v8-m.main+fp/hard/libc_nano.a(lib_a-makebuf.o)
                0x0000000008011054                __smakebuf_r
 .text.memchr   0x00000000080110d4       0x1c /Applications/STM32CubeIDE.app/Contents/Eclipse/plugins/com.st.stm32cube.ide.mcu.externaltools.gnu-tools-for-stm32.10.3-2021.10.macos64_1.0.200.202301161003/tools/bin/../lib/gcc/arm-none-eabi/10.3.1/../../../../arm-none-eabi/lib/thumb/v8-m.main+fp/hard/libc_nano.a(lib_a-memchr-stub.o)
                0x00000000080110d4                memchr
 .text.memmove  0x00000000080110f0       0x34 /Applications/STM32CubeIDE.app/Contents/Eclipse/plugins/com.st.stm32cube.ide.mcu.externaltools.gnu-tools-for-stm32.10.3-2021.10.macos64_1.0.200.202301161003/tools/bin/../lib/gcc/arm-none-eabi/10.3.1/../../../../arm-none-eabi/lib/thumb/v8-m.main+fp/hard/libc_nano.a(lib_a-memmove.o)
                0x00000000080110f0                memmove
 .text.__malloc_lock
                0x0000000008011124        0xc /Applications/STM32CubeIDE.app/Contents/Eclipse/plugins/com.st.stm32cube.ide.mcu.externaltools.gnu-tools-for-stm32.10.3-2021.10.macos64_1.0.200.202301161003/tools/bin/../lib/gcc/arm-none-eabi/10.3.1/../../../../arm-none-eabi/lib/thumb/v8-m.main+fp/hard/libc_nano.a(lib_a-mlock.o)
                0x0000000008011124                __malloc_lock
 .text.__malloc_unlock
                0x0000000008011130        0xc /Applications/STM32CubeIDE.app/Contents/Eclipse/plugins/com.st.stm32cube.ide.mcu.externaltools.gnu-tools-for-stm32.10.3-2021.10.macos64_1.0.200.202301161003/tools/bin/../lib/gcc/arm-none-eabi/10.3.1/../../../../arm-none-eabi/lib/thumb/v8-m.main+fp/hard/libc_nano.a(lib_a-mlock.o)
                0x0000000008011130                __malloc_unlock
 .text._realloc_r
                0x000000000801113c       0x5e /Applications/STM32CubeIDE.app/Contents/Eclipse/plugins/com.st.stm32cube.ide.mcu.externaltools.gnu-tools-for-stm32.10.3-2021.10.macos64_1.0.200.202301161003/tools/bin/../lib/gcc/arm-none-eabi/10.3.1/../../../../arm-none-eabi/lib/thumb/v8-m.main+fp/hard/libc_nano.a(lib_a-nano-reallocr.o)
                0x000000000801113c                _realloc_r
 .text.__ssputs_r
                0x000000000801119a       0xb6 /Applications/STM32CubeIDE.app/Contents/Eclipse/plugins/com.st.stm32cube.ide.mcu.externaltools.gnu-tools-for-stm32.10.3-2021.10.macos64_1.0.200.202301161003/tools/bin/../lib/gcc/arm-none-eabi/10.3.1/../../../../arm-none-eabi/lib/thumb/v8-m.main+fp/hard/libc_nano.a(lib_a-nano-svfprintf.o)
                0x000000000801119a                __ssputs_r
 .text._svfprintf_r
                0x0000000008011250      0x200 /Applications/STM32CubeIDE.app/Contents/Eclipse/plugins/com.st.stm32cube.ide.mcu.externaltools.gnu-tools-for-stm32.10.3-2021.10.macos64_1.0.200.202301161003/tools/bin/../lib/gcc/arm-none-eabi/10.3.1/../../../../arm-none-eabi/lib/thumb/v8-m.main+fp/hard/libc_nano.a(lib_a-nano-svfprintf.o)
                0x0000000008011250                _svfprintf_r
                0x0000000008011250                _svfiprintf_r
 .text._raise_r
                0x0000000008011450       0x50 /Applications/STM32CubeIDE.app/Contents/Eclipse/plugins/com.st.stm32cube.ide.mcu.externaltools.gnu-tools-for-stm32.10.3-2021.10.macos64_1.0.200.202301161003/tools/bin/../lib/gcc/arm-none-eabi/10.3.1/../../../../arm-none-eabi/lib/thumb/v8-m.main+fp/hard/libc_nano.a(lib_a-signal.o)
                0x0000000008011450                _raise_r
 .text.raise    0x00000000080114a0       0x10 /Applications/STM32CubeIDE.app/Contents/Eclipse/plugins/com.st.stm32cube.ide.mcu.externaltools.gnu-tools-for-stm32.10.3-2021.10.macos64_1.0.200.202301161003/tools/bin/../lib/gcc/arm-none-eabi/10.3.1/../../../../arm-none-eabi/lib/thumb/v8-m.main+fp/hard/libc_nano.a(lib_a-signal.o)
                0x00000000080114a0                raise
 .text._kill_r  0x00000000080114b0       0x24 /Applications/STM32CubeIDE.app/Contents/Eclipse/plugins/com.st.stm32cube.ide.mcu.externaltools.gnu-tools-for-stm32.10.3-2021.10.macos64_1.0.200.202301161003/tools/bin/../lib/gcc/arm-none-eabi/10.3.1/../../../../arm-none-eabi/lib/thumb/v8-m.main+fp/hard/libc_nano.a(lib_a-signalr.o)
                0x00000000080114b0                _kill_r
 .text._getpid_r
                0x00000000080114d4        0x4 /Applications/STM32CubeIDE.app/Contents/Eclipse/plugins/com.st.stm32cube.ide.mcu.externaltools.gnu-tools-for-stm32.10.3-2021.10.macos64_1.0.200.202301161003/tools/bin/../lib/gcc/arm-none-eabi/10.3.1/../../../../arm-none-eabi/lib/thumb/v8-m.main+fp/hard/libc_nano.a(lib_a-signalr.o)
                0x00000000080114d4                _getpid_r
 .text.__sread  0x00000000080114d8       0x22 /Applications/STM32CubeIDE.app/Contents/Eclipse/plugins/com.st.stm32cube.ide.mcu.externaltools.gnu-tools-for-stm32.10.3-2021.10.macos64_1.0.200.202301161003/tools/bin/../lib/gcc/arm-none-eabi/10.3.1/../../../../arm-none-eabi/lib/thumb/v8-m.main+fp/hard/libc_nano.a(lib_a-stdio.o)
                0x00000000080114d8                __sread
 .text.__swrite
                0x00000000080114fa       0x38 /Applications/STM32CubeIDE.app/Contents/Eclipse/plugins/com.st.stm32cube.ide.mcu.externaltools.gnu-tools-for-stm32.10.3-2021.10.macos64_1.0.200.202301161003/tools/bin/../lib/gcc/arm-none-eabi/10.3.1/../../../../arm-none-eabi/lib/thumb/v8-m.main+fp/hard/libc_nano.a(lib_a-stdio.o)
                0x00000000080114fa                __swrite
 .text.__sseek  0x0000000008011532       0x24 /Applications/STM32CubeIDE.app/Contents/Eclipse/plugins/com.st.stm32cube.ide.mcu.externaltools.gnu-tools-for-stm32.10.3-2021.10.macos64_1.0.200.202301161003/tools/bin/../lib/gcc/arm-none-eabi/10.3.1/../../../../arm-none-eabi/lib/thumb/v8-m.main+fp/hard/libc_nano.a(lib_a-stdio.o)
                0x0000000008011532                __sseek
 .text.__sclose
                0x0000000008011556        0x8 /Applications/STM32CubeIDE.app/Contents/Eclipse/plugins/com.st.stm32cube.ide.mcu.externaltools.gnu-tools-for-stm32.10.3-2021.10.macos64_1.0.200.202301161003/tools/bin/../lib/gcc/arm-none-eabi/10.3.1/../../../../arm-none-eabi/lib/thumb/v8-m.main+fp/hard/libc_nano.a(lib_a-stdio.o)
                0x0000000008011556                __sclose
 *fill*         0x000000000801155e        0x2 
 .text._write_r
                0x0000000008011560       0x24 /Applications/STM32CubeIDE.app/Contents/Eclipse/plugins/com.st.stm32cube.ide.mcu.externaltools.gnu-tools-for-stm32.10.3-2021.10.macos64_1.0.200.202301161003/tools/bin/../lib/gcc/arm-none-eabi/10.3.1/../../../../arm-none-eabi/lib/thumb/v8-m.main+fp/hard/libc_nano.a(lib_a-writer.o)
                0x0000000008011560                _write_r
 .text._close_r
                0x0000000008011584       0x20 /Applications/STM32CubeIDE.app/Contents/Eclipse/plugins/com.st.stm32cube.ide.mcu.externaltools.gnu-tools-for-stm32.10.3-2021.10.macos64_1.0.200.202301161003/tools/bin/../lib/gcc/arm-none-eabi/10.3.1/../../../../arm-none-eabi/lib/thumb/v8-m.main+fp/hard/libc_nano.a(lib_a-closer.o)
                0x0000000008011584                _close_r
 .text._fstat_r
                0x00000000080115a4       0x24 /Applications/STM32CubeIDE.app/Contents/Eclipse/plugins/com.st.stm32cube.ide.mcu.externaltools.gnu-tools-for-stm32.10.3-2021.10.macos64_1.0.200.202301161003/tools/bin/../lib/gcc/arm-none-eabi/10.3.1/../../../../arm-none-eabi/lib/thumb/v8-m.main+fp/hard/libc_nano.a(lib_a-fstatr.o)
                0x00000000080115a4                _fstat_r
 .text._isatty_r
                0x00000000080115c8       0x20 /Applications/STM32CubeIDE.app/Contents/Eclipse/plugins/com.st.stm32cube.ide.mcu.externaltools.gnu-tools-for-stm32.10.3-2021.10.macos64_1.0.200.202301161003/tools/bin/../lib/gcc/arm-none-eabi/10.3.1/../../../../arm-none-eabi/lib/thumb/v8-m.main+fp/hard/libc_nano.a(lib_a-isattyr.o)
                0x00000000080115c8                _isatty_r
 .text._lseek_r
                0x00000000080115e8       0x24 /Applications/STM32CubeIDE.app/Contents/Eclipse/plugins/com.st.stm32cube.ide.mcu.externaltools.gnu-tools-for-stm32.10.3-2021.10.macos64_1.0.200.202301161003/tools/bin/../lib/gcc/arm-none-eabi/10.3.1/../../../../arm-none-eabi/lib/thumb/v8-m.main+fp/hard/libc_nano.a(lib_a-lseekr.o)
                0x00000000080115e8                _lseek_r
 .text._malloc_usable_size_r
                0x000000000801160c       0x10 /Applications/STM32CubeIDE.app/Contents/Eclipse/plugins/com.st.stm32cube.ide.mcu.externaltools.gnu-tools-for-stm32.10.3-2021.10.macos64_1.0.200.202301161003/tools/bin/../lib/gcc/arm-none-eabi/10.3.1/../../../../arm-none-eabi/lib/thumb/v8-m.main+fp/hard/libc_nano.a(lib_a-nano-msizer.o)
                0x000000000801160c                _malloc_usable_size_r
 .text._read_r  0x000000000801161c       0x24 /Applications/STM32CubeIDE.app/Contents/Eclipse/plugins/com.st.stm32cube.ide.mcu.externaltools.gnu-tools-for-stm32.10.3-2021.10.macos64_1.0.200.202301161003/tools/bin/../lib/gcc/arm-none-eabi/10.3.1/../../../../arm-none-eabi/lib/thumb/v8-m.main+fp/hard/libc_nano.a(lib_a-readr.o)
                0x000000000801161c                _read_r
 *(.glue_7)
 .glue_7        0x0000000008011640        0x0 linker stubs
 *(.glue_7t)
 .glue_7t       0x0000000008011640        0x0 linker stubs
 *(.eh_frame)
 .eh_frame      0x0000000008011640        0x0 /Applications/STM32CubeIDE.app/Contents/Eclipse/plugins/com.st.stm32cube.ide.mcu.externaltools.gnu-tools-for-stm32.10.3-2021.10.macos64_1.0.200.202301161003/tools/bin/../lib/gcc/arm-none-eabi/10.3.1/thumb/v8-m.main+fp/hard/crtbegin.o
 *(.init)
 .init          0x0000000008011640        0x4 /Applications/STM32CubeIDE.app/Contents/Eclipse/plugins/com.st.stm32cube.ide.mcu.externaltools.gnu-tools-for-stm32.10.3-2021.10.macos64_1.0.200.202301161003/tools/bin/../lib/gcc/arm-none-eabi/10.3.1/thumb/v8-m.main+fp/hard/crti.o
                0x0000000008011640                _init
 .init          0x0000000008011644        0x8 /Applications/STM32CubeIDE.app/Contents/Eclipse/plugins/com.st.stm32cube.ide.mcu.externaltools.gnu-tools-for-stm32.10.3-2021.10.macos64_1.0.200.202301161003/tools/bin/../lib/gcc/arm-none-eabi/10.3.1/thumb/v8-m.main+fp/hard/crtn.o
 *(.fini)
 .fini          0x000000000801164c        0x4 /Applications/STM32CubeIDE.app/Contents/Eclipse/plugins/com.st.stm32cube.ide.mcu.externaltools.gnu-tools-for-stm32.10.3-2021.10.macos64_1.0.200.202301161003/tools/bin/../lib/gcc/arm-none-eabi/10.3.1/thumb/v8-m.main+fp/hard/crti.o
                0x000000000801164c                _fini
 .fini          0x0000000008011650        0x8 /Applications/STM32CubeIDE.app/Contents/Eclipse/plugins/com.st.stm32cube.ide.mcu.externaltools.gnu-tools-for-stm32.10.3-2021.10.macos64_1.0.200.202301161003/tools/bin/../lib/gcc/arm-none-eabi/10.3.1/thumb/v8-m.main+fp/hard/crtn.o
                0x0000000008011658                . = ALIGN (0x4)
                0x0000000008011658                _etext = .

.vfp11_veneer   0x0000000008011658        0x0
 .vfp11_veneer  0x0000000008011658        0x0 linker stubs

.v4_bx          0x0000000008011658        0x0
 .v4_bx         0x0000000008011658        0x0 linker stubs

.iplt           0x0000000008011658        0x0
 .iplt          0x0000000008011658        0x0 /Applications/STM32CubeIDE.app/Contents/Eclipse/plugins/com.st.stm32cube.ide.mcu.externaltools.gnu-tools-for-stm32.10.3-2021.10.macos64_1.0.200.202301161003/tools/bin/../lib/gcc/arm-none-eabi/10.3.1/thumb/v8-m.main+fp/hard/crtbegin.o

.rodata         0x0000000008011658     0x1ee0
                0x0000000008011658                . = ALIGN (0x4)
 *(.rodata)
 .rodata        0x0000000008011658      0xa5e ./Core/Src/lfs.o
 *fill*         0x00000000080120b6        0x2 
 .rodata        0x00000000080120b8      0x160 ./Core/Src/main.o
 *(.rodata*)
 .rodata.__func__.26
                0x0000000008012218        0xc ./Core/Src/lfs.o
 .rodata.__func__.25
                0x0000000008012224        0xd ./Core/Src/lfs.o
 *fill*         0x0000000008012231        0x3 
 .rodata.__func__.24
                0x0000000008012234        0xc ./Core/Src/lfs.o
 .rodata.__func__.23
                0x0000000008012240        0xc ./Core/Src/lfs.o
 .rodata.__func__.22
                0x000000000801224c        0xd ./Core/Src/lfs.o
 *fill*         0x0000000008012259        0x3 
 .rodata.__func__.21
                0x000000000801225c       0x11 ./Core/Src/lfs.o
 *fill*         0x000000000801226d        0x3 
 .rodata.__func__.20
                0x0000000008012270       0x10 ./Core/Src/lfs.o
 .rodata.__func__.19
                0x0000000008012280       0x19 ./Core/Src/lfs.o
 *fill*         0x0000000008012299        0x3 
 .rodata.__func__.18
                0x000000000801229c       0x18 ./Core/Src/lfs.o
 .rodata.defaults.17
                0x00000000080122b4        0xc ./Core/Src/lfs.o
 .rodata.__func__.16
                0x00000000080122c0       0x11 ./Core/Src/lfs.o
 *fill*         0x00000000080122d1        0x3 
 .rodata.__func__.15
                0x00000000080122d4       0x12 ./Core/Src/lfs.o
 *fill*         0x00000000080122e6        0x2 
 .rodata.__func__.13
                0x00000000080122e8        0x9 ./Core/Src/lfs.o
 *fill*         0x00000000080122f1        0x3 
 .rodata.__func__.12
                0x00000000080122f4       0x13 ./Core/Src/lfs.o
 *fill*         0x0000000008012307        0x1 
 .rodata.__func__.11
                0x0000000008012308        0xe ./Core/Src/lfs.o
 *fill*         0x0000000008012316        0x2 
 .rodata.__func__.10
                0x0000000008012318        0xe ./Core/Src/lfs.o
 *fill*         0x0000000008012326        0x2 
 .rodata.__func__.8
                0x0000000008012328        0xf ./Core/Src/lfs.o
 *fill*         0x0000000008012337        0x1 
 .rodata.__func__.6
                0x0000000008012338        0xe ./Core/Src/lfs.o
 *fill*         0x0000000008012346        0x2 
 .rodata.__func__.5
                0x0000000008012348        0xf ./Core/Src/lfs.o
 *fill*         0x0000000008012357        0x1 
 .rodata.rtable.0
                0x0000000008012358       0x40 ./Core/Src/lfs_util.o
 .rodata.cfg    0x0000000008012398       0x4c ./Core/Src/main.o
                0x0000000008012398                cfg
 .rodata.input_60
                0x00000000080123e4     0x1000 ./Core/Src/main.o
 .rodata.AHBPrescTable
                0x00000000080133e4       0x10 ./Core/Src/system_stm32l5xx.o
                0x00000000080133e4                AHBPrescTable
 .rodata.APBPrescTable
                0x00000000080133f4        0x8 ./Core/Src/system_stm32l5xx.o
                0x00000000080133f4                APBPrescTable
 .rodata.MSIRangeTable
                0x00000000080133fc       0x40 ./Core/Src/system_stm32l5xx.o
                0x00000000080133fc                MSIRangeTable
 .rodata.UARTPrescTable
                0x000000000801343c       0x18 ./Drivers/STM32L5xx_HAL_Driver/Src/stm32l5xx_hal_uart.o
                0x000000000801343c                UARTPrescTable
 .rodata.numerator.1
                0x0000000008013454        0x8 ./Drivers/STM32L5xx_HAL_Driver/Src/stm32l5xx_hal_uart_ex.o
 .rodata.denominator.0
                0x000000000801345c        0x8 ./Drivers/STM32L5xx_HAL_Driver/Src/stm32l5xx_hal_uart_ex.o
 .rodata.__assert_func.str1.1
                0x0000000008013464       0x3c /Applications/STM32CubeIDE.app/Contents/Eclipse/plugins/com.st.stm32cube.ide.mcu.externaltools.gnu-tools-for-stm32.10.3-2021.10.macos64_1.0.200.202301161003/tools/bin/../lib/gcc/arm-none-eabi/10.3.1/../../../../arm-none-eabi/lib/thumb/v8-m.main+fp/hard/libc_nano.a(lib_a-assert.o)
                                         0x3d (size before relaxing)
 .rodata._global_impure_ptr
                0x00000000080134a0        0x4 /Applications/STM32CubeIDE.app/Contents/Eclipse/plugins/com.st.stm32cube.ide.mcu.externaltools.gnu-tools-for-stm32.10.3-2021.10.macos64_1.0.200.202301161003/tools/bin/../lib/gcc/arm-none-eabi/10.3.1/../../../../arm-none-eabi/lib/thumb/v8-m.main+fp/hard/libc_nano.a(lib_a-impure.o)
                0x00000000080134a0                _global_impure_ptr
 .rodata._vfprintf_r.str1.1
                0x00000000080134a4       0x11 /Applications/STM32CubeIDE.app/Contents/Eclipse/plugins/com.st.stm32cube.ide.mcu.externaltools.gnu-tools-for-stm32.10.3-2021.10.macos64_1.0.200.202301161003/tools/bin/../lib/gcc/arm-none-eabi/10.3.1/../../../../arm-none-eabi/lib/thumb/v8-m.main+fp/hard/libc_nano.a(lib_a-nano-vfprintf.o)
 .rodata._printf_i.str1.1
                0x00000000080134b5       0x22 /Applications/STM32CubeIDE.app/Contents/Eclipse/plugins/com.st.stm32cube.ide.mcu.externaltools.gnu-tools-for-stm32.10.3-2021.10.macos64_1.0.200.202301161003/tools/bin/../lib/gcc/arm-none-eabi/10.3.1/../../../../arm-none-eabi/lib/thumb/v8-m.main+fp/hard/libc_nano.a(lib_a-nano-vfprintf_i.o)
 *fill*         0x00000000080134d7        0x1 
 .rodata.__sf_fake_stderr
                0x00000000080134d8       0x20 /Applications/STM32CubeIDE.app/Contents/Eclipse/plugins/com.st.stm32cube.ide.mcu.externaltools.gnu-tools-for-stm32.10.3-2021.10.macos64_1.0.200.202301161003/tools/bin/../lib/gcc/arm-none-eabi/10.3.1/../../../../arm-none-eabi/lib/thumb/v8-m.main+fp/hard/libc_nano.a(lib_a-findfp.o)
                0x00000000080134d8                __sf_fake_stderr
 .rodata.__sf_fake_stdin
                0x00000000080134f8       0x20 /Applications/STM32CubeIDE.app/Contents/Eclipse/plugins/com.st.stm32cube.ide.mcu.externaltools.gnu-tools-for-stm32.10.3-2021.10.macos64_1.0.200.202301161003/tools/bin/../lib/gcc/arm-none-eabi/10.3.1/../../../../arm-none-eabi/lib/thumb/v8-m.main+fp/hard/libc_nano.a(lib_a-findfp.o)
                0x00000000080134f8                __sf_fake_stdin
 .rodata.__sf_fake_stdout
                0x0000000008013518       0x20 /Applications/STM32CubeIDE.app/Contents/Eclipse/plugins/com.st.stm32cube.ide.mcu.externaltools.gnu-tools-for-stm32.10.3-2021.10.macos64_1.0.200.202301161003/tools/bin/../lib/gcc/arm-none-eabi/10.3.1/../../../../arm-none-eabi/lib/thumb/v8-m.main+fp/hard/libc_nano.a(lib_a-findfp.o)
                0x0000000008013518                __sf_fake_stdout
 .rodata._svfprintf_r.str1.1
                0x0000000008013538       0x11 /Applications/STM32CubeIDE.app/Contents/Eclipse/plugins/com.st.stm32cube.ide.mcu.externaltools.gnu-tools-for-stm32.10.3-2021.10.macos64_1.0.200.202301161003/tools/bin/../lib/gcc/arm-none-eabi/10.3.1/../../../../arm-none-eabi/lib/thumb/v8-m.main+fp/hard/libc_nano.a(lib_a-nano-svfprintf.o)
                0x000000000801354c                . = ALIGN (0x4)

.ARM.extab      0x0000000008013538        0x0
                0x0000000008013538                . = ALIGN (0x4)
 *(.ARM.extab* .gnu.linkonce.armextab.*)
                0x0000000008013538                . = ALIGN (0x4)

.ARM            0x0000000008013538        0x8